 polaczenie_sfun

 Timestamp is 5474f612 (Tue Nov 25 22:35:14 2014)

 Preferred load address is 0000000180000000

 Start         Length     Name                   Class
 0001:00000000 00012d54H .text                   CODE
 0001:00012d60 00000092H .text$x                 CODE
 0002:00000000 00000458H .idata$5                DATA
 0002:00000458 00000008H .CRT$XCA                DATA
 0002:00000460 00000008H .CRT$XCZ                DATA
 0002:00000468 00000008H .CRT$XIA                DATA
 0002:00000470 00000008H .CRT$XIAA               DATA
 0002:00000478 00000008H .CRT$XIZ                DATA
 0002:00000480 000023e4H .rdata                  DATA
 0002:00002868 00000008H .rtc$IAA                DATA
 0002:00002870 00000008H .rtc$IZZ                DATA
 0002:00002878 00000008H .rtc$TAA                DATA
 0002:00002880 00000008H .rtc$TZZ                DATA
 0002:00002888 0000128cH .xdata                  DATA
 0002:00003b14 0000008cH .idata$2                DATA
 0002:00003ba0 00000014H .idata$3                DATA
 0002:00003bb8 00000458H .idata$4                DATA
 0002:00004010 00000a3cH .idata$6                DATA
 0002:00004a50 00000055H .edata                  DATA
 0003:00000000 000013c8H .data                   DATA
 0003:000013d0 000017e0H .bss                    DATA
 0004:00000000 00000f54H .pdata                  DATA

  Address         Publics by Value              Rva+Base               Lib:Object

 0000:00000000       ___safe_se_handler_table   0000000000000000     <absolute>
 0000:00000000       ___safe_se_handler_count   0000000000000000     <absolute>
 0000:00000000       __ImageBase                0000000180000000     <linker-defined>
 0001:00000000       sf_c1_polaczenie_get_eml_resolved_functions_info 0000000180001000 f   c1_polaczenie.obj
 0001:00000080       sf_c1_polaczenie_get_check_sum 0000000180001080 f   c1_polaczenie.obj
 0001:00000100       sf_c1_polaczenie_get_autoinheritance_info 0000000180001100 f   c1_polaczenie.obj
 0001:00000520       sf_c1_polaczenie_third_party_uses_info 0000000180001520 f   c1_polaczenie.obj
 0001:00000550       sf_internal_get_sim_state_c1_polaczenie 0000000180001550 f   c1_polaczenie.obj
 0001:000008f0       sf_internal_set_sim_state_c1_polaczenie 00000001800018f0 f   c1_polaczenie.obj
 0001:00000d30       c1_polaczenie_method_dispatcher 0000000180001d30 f   c1_polaczenie.obj
 0001:00001a40       sf_process_check_sum_call  0000000180002a40 f   polaczenie_sfun_registry.obj
 0001:00001a90       sf_process_autoinheritance_call 0000000180002a90 f   polaczenie_sfun_registry.obj
 0001:00001c30       sf_process_get_third_party_uses_info_call 0000000180002c30 f   polaczenie_sfun_registry.obj
 0001:00001dd0       sf_process_get_eml_resolved_functions_info_call 0000000180002dd0 f   polaczenie_sfun_registry.obj
 0001:00001f50       sf_mex_unlock_call         0000000180002f50 f   polaczenie_sfun_registry.obj
 0001:00002000       sf_machine_global_initializer_called 0000000180003000 f   polaczenie_sfun_registry.obj
 0001:00002030       sf_machine_global_method_dispatcher 0000000180003030 f   polaczenie_sfun_registry.obj
 0001:00002090       sf_machine_global_terminator 0000000180003090 f   polaczenie_sfun_registry.obj
 0001:000020c0       sf_register_machine_exported_symbols 00000001800030c0 f   polaczenie_sfun_registry.obj
 0001:000020e0       callCustomFcn              00000001800030e0 f   polaczenie_sfun_registry.obj
 0001:000020f0       sf_machine_global_initializer 00000001800030f0 f   polaczenie_sfun_registry.obj
 0001:00002150       _ssSetStateAbsTol          0000000180003150 f   polaczenie_sfun_registry.obj
 0001:00002230       _ssGetAbsTol               0000000180003230 f   polaczenie_sfun_registry.obj
 0001:000022a0       _ssSetInputPortMatrixDimensions 00000001800032a0 f   polaczenie_sfun_registry.obj
 0001:000023b0       _ssSetOutputPortMatrixDimensions 00000001800033b0 f   polaczenie_sfun_registry.obj
 0001:000024c0       _ssSetInputPortVectorDimension 00000001800034c0 f   polaczenie_sfun_registry.obj
 0001:00002590       _ssSetOutputPortVectorDimension 0000000180003590 f   polaczenie_sfun_registry.obj
 0001:00002660       ssIsRunTimeParamTunable    0000000180003660 f   polaczenie_sfun_registry.obj
 0001:000026d0       ssGetSFuncBlockHandle      00000001800036d0 f   polaczenie_sfun_registry.obj
 0001:00002740       _ssGetCurrentInputPortWidth 0000000180003740 f   polaczenie_sfun_registry.obj
 0001:00002860       _ssGetCurrentOutputPortWidth 0000000180003860 f   polaczenie_sfun_registry.obj
 0001:00002980       _ssGetCallSystemNumFcnCallDestinations 0000000180003980 f   polaczenie_sfun_registry.obj
 0001:000029f0       ssWarning                  00000001800039f0 f   polaczenie_sfun_registry.obj
 0001:00002b00       ssGetIsZeroCrossControlDisabled 0000000180003b00 f   polaczenie_sfun_registry.obj
 0001:00002b70       ssSetIsInputPortUsedForContZcSignal 0000000180003b70 f   polaczenie_sfun_registry.obj
 0001:00002be0       ssSetZcSignalIsZcElementDisc 0000000180003be0 f   polaczenie_sfun_registry.obj
 0001:00002c90       ssSetZcSignalName          0000000180003c90 f   polaczenie_sfun_registry.obj
 0001:00002d00       ssSetZcSignalWidth         0000000180003d00 f   polaczenie_sfun_registry.obj
 0001:00002d70       ssSetZcSignalZcEventType   0000000180003d70 f   polaczenie_sfun_registry.obj
 0001:00002de0       ssSetZcSignalType          0000000180003de0 f   polaczenie_sfun_registry.obj
 0001:00002e50       ssSetZcSignalZcTol         0000000180003e50 f   polaczenie_sfun_registry.obj
 0001:00002ec0       ssSetZcSignalNeedsEventNotification 0000000180003ec0 f   polaczenie_sfun_registry.obj
 0001:00002f30       ssCreateAndAddZcSignalInfo 0000000180003f30 f   polaczenie_sfun_registry.obj
 0001:00002fa0       ssCloneAndAddZcSignalInfo  0000000180003fa0 f   polaczenie_sfun_registry.obj
 0001:00003010       ssGetNumZcSignals          0000000180004010 f   polaczenie_sfun_registry.obj
 0001:00003080       ssGetZcSignalVector        0000000180004080 f   polaczenie_sfun_registry.obj
 0001:000030f0       ssGetZcSignalZcEvents      00000001800040f0 f   polaczenie_sfun_registry.obj
 0001:00003160       ssGetZcSignalName          0000000180004160 f   polaczenie_sfun_registry.obj
 0001:000031d0       ssGetZcSignalWidth         00000001800041d0 f   polaczenie_sfun_registry.obj
 0001:00003240       ssGetZcSignalZcEventType   0000000180004240 f   polaczenie_sfun_registry.obj
 0001:000032b0       ssGetZcSignalType          00000001800042b0 f   polaczenie_sfun_registry.obj
 0001:00003320       ssGetZcSignalZcTol         0000000180004320 f   polaczenie_sfun_registry.obj
 0001:000033a0       ssGetZcSignalNeedsEventNotification 00000001800043a0 f   polaczenie_sfun_registry.obj
 0001:00003410       ssGetZcSignalIsZcElementDisc 0000000180004410 f   polaczenie_sfun_registry.obj
 0001:000034b0       ssGetIsInputPortElementContinuous 00000001800044b0 f   polaczenie_sfun_registry.obj
 0001:00003550       _ssGetInputPortSignalPtrsFcn 0000000180004550 f   polaczenie_sfun_registry.obj
 0001:00003810       _ssGetInputPortSignalFcn   0000000180004810 f   polaczenie_sfun_registry.obj
 0001:00003a30       _ssSetInputPortDirectFeedThroughFcn 0000000180004a30 f   polaczenie_sfun_registry.obj
 0001:00003b90       _ssSetInputPortReusableFcn 0000000180004b90 f   polaczenie_sfun_registry.obj
 0001:00003c80       _ssSetOutputPortReusableFcn 0000000180004c80 f   polaczenie_sfun_registry.obj
 0001:00003d60       ssGetDTypeIdFromMxArray    0000000180004d60 f   polaczenie_sfun_registry.obj
 0001:00003e80       ssWriteRTWStr              0000000180004e80 f   polaczenie_sfun_registry.obj
 0001:00003ee0       ssWriteRTWMxVectParam      0000000180004ee0 f   polaczenie_sfun_registry.obj
 0001:00003f40       ssWriteRTWMx2dMatParam     0000000180004f40 f   polaczenie_sfun_registry.obj
 0001:00003fc0       ssWriteRTWNameValuePair    0000000180004fc0 f   polaczenie_sfun_registry.obj
 0001:000044b0       ssWriteRTWParameters       00000001800054b0 f   polaczenie_sfun_registry.obj
 0001:00004ab0       ssWriteRTWParamSettings    0000000180005ab0 f   polaczenie_sfun_registry.obj
 0001:00005180       ssWriteRTWWorkVect         0000000180006180 f   polaczenie_sfun_registry.obj
 0001:00005680       mexFunction                0000000180006680 f   polaczenie_sfun_registry.obj
 0001:00007340       ProcessMexSfunctionEveryCall 0000000180008340 f   polaczenie_sfun_registry.obj
 0001:000074b0       polaczenie_initializer     00000001800084b0 f   polaczenie_sfun.obj
 0001:000074c0       polaczenie_terminator      00000001800084c0 f   polaczenie_sfun.obj
 0001:000074d0       sf_polaczenie_method_dispatcher 00000001800084d0 f   polaczenie_sfun.obj
 0001:00007520       sf_polaczenie_process_check_sum_call 0000000180008520 f   polaczenie_sfun.obj
 0001:00007930       sf_polaczenie_autoinheritance_info 0000000180008930 f   polaczenie_sfun.obj
 0001:00007aa0       sf_polaczenie_get_eml_resolved_functions_info 0000000180008aa0 f   polaczenie_sfun.obj
 0001:00007bd0       sf_polaczenie_third_party_uses_info 0000000180008bd0 f   polaczenie_sfun.obj
 0001:00007d20       polaczenie_register_exported_symbols 0000000180008d20 f   polaczenie_sfun.obj
 0001:00007d30       load_polaczenie_optimization_info 0000000180008d30 f   polaczenie_sfun.obj
 0001:00007d80       unload_polaczenie_optimization_info 0000000180008d80 f   polaczenie_sfun.obj
 0001:00007ea0       sf_mex_mx_is_numeric       0000000180008ea0 f   sfc_mex:sfc_mex.obj
 0001:00007ee0       strcmp_ignore_ws           0000000180008ee0 f   sfc_mex:sfc_mex.obj
 0001:00008020       sf_mex_duplicatearraysafe  0000000180009020 f   sfc_mex:sfc_mex.obj
 0001:00008180       sf_set_error_debugger_context_message_fcn 0000000180009180 f   sfc_mex:sfc_mex.obj
 0001:00008190       sf_set_debugger_matlab_error_fcn 0000000180009190 f   sfc_mex:sfc_mex.obj
 0001:000081d0       sf_set_error_prefix_string 00000001800091d0 f   sfc_mex:sfc_mex.obj
 0001:00008200       sf_get_error_prefix_string 0000000180009200 f   sfc_mex:sfc_mex.obj
 0001:00008210       sf_mex_enter_parallel_region 0000000180009210 f   sfc_mex:sfc_mex.obj
 0001:00008220       sf_mex_exit_parallel_region 0000000180009220 f   sfc_mex:sfc_mex.obj
 0001:00008230       sf_get_current_jmp_buf_ptr 0000000180009230 f   sfc_mex:sfc_mex.obj
 0001:00008240       sf_set_current_jmp_buf_ptr 0000000180009240 f   sfc_mex:sfc_mex.obj
 0001:00008250       sf_mex_set_halt_simulation 0000000180009250 f   sfc_mex:sfc_mex.obj
 0001:00008260       sf_mex_get_halt_simulation 0000000180009260 f   sfc_mex:sfc_mex.obj
 0001:00008270       sf_mex_clear_error_message 0000000180009270 f   sfc_mex:sfc_mex.obj
 0001:00008290       sf_mex_get_error_message_for_read 0000000180009290 f   sfc_mex:sfc_mex.obj
 0001:000082a0       sf_mex_get_error_message_buffer_length 00000001800092a0 f   sfc_mex:sfc_mex.obj
 0001:00008380       sf_mex_warning_message     0000000180009380 f   sfc_mex:sfc_mex.obj
 0001:000083f0       sf_mex_v_errbuf_createf    00000001800093f0 f   sfc_mex:sfc_mex.obj
 0001:00008400       sf_mex_errbuf_createf      0000000180009400 f   sfc_mex:sfc_mex.obj
 0001:00008430       sf_mex_v_errbuf_catf       0000000180009430 f   sfc_mex:sfc_mex.obj
 0001:00008470       sf_mex_errbuf_catf         0000000180009470 f   sfc_mex:sfc_mex.obj
 0001:000084c0       sf_mex_errbuf_copy         00000001800094c0 f   sfc_mex:sfc_mex.obj
 0001:000084d0       sf_mex_errbuf_clear        00000001800094d0 f   sfc_mex:sfc_mex.obj
 0001:000084e0       sf_mex_errbuf_isempty      00000001800094e0 f   sfc_mex:sfc_mex.obj
 0001:000085e0       sf_mex_set_error_status    00000001800095e0 f   sfc_mex:sfc_mex.obj
 0001:00008630       sf_mex_error_direct_call   0000000180009630 f   sfc_mex:sfc_mex.obj
 0001:00008650       sf_mex_error_message_no_long_jump 0000000180009650 f   sfc_mex:sfc_mex.obj
 0001:00008670       sf_mex_long_jump_on_error  0000000180009670 f   sfc_mex:sfc_mex.obj
 0001:000086a0       sf_mex_call_matlab         00000001800096a0 f   sfc_mex:sfc_mex.obj
 0001:000087c0       sf_mex_check_builtin       00000001800097c0 f   sfc_mex:sfc_mex.obj
 0001:00008860       sf_mex_check_builtin_vs    0000000180009860 f   sfc_mex:sfc_mex.obj
 0001:00008920       sf_mex_check_enum          0000000180009920 f   sfc_mex:sfc_mex.obj
 0001:000089a0       sf_mex_create_enum         00000001800099a0 f   sfc_mex:sfc_mex.obj
 0001:00008a10       sf_mex_get_enum_element    0000000180009a10 f   sfc_mex:sfc_mex.obj
 0001:00008a20       sf_mex_createcellarray     0000000180009a20 f   sfc_mex:sfc_mex.obj
 0001:00008a30       sf_mex_setcell             0000000180009a30 f   sfc_mex:sfc_mex.obj
 0001:00008a40       sf_mex_getcell             0000000180009a40 f   sfc_mex:sfc_mex.obj
 0001:00008a50       sf_mex_dup                 0000000180009a50 f   sfc_mex:sfc_mex.obj
 0001:00008a70       sf_mex_assign              0000000180009a70 f   sfc_mex:sfc_mex.obj
 0001:00008af0       sf_mex_destroy             0000000180009af0 f   sfc_mex:sfc_mex.obj
 0001:00008b20       mx_array_has_fi_type       0000000180009b20 f   sfc_mex:sfc_mex.obj
 0001:00008b50       sf_mex_convert_from_fi     0000000180009b50 f   sfc_mex:sfc_mex.obj
 0001:00008c80       sf_mex_convert_to_double   0000000180009c80 f   sfc_mex:sfc_mex.obj
 0001:00008da0       sf_mex_import_fi_vs        0000000180009da0 f   sfc_mex:sfc_mex.obj
 0001:00008fd0       sf_matrix_matrix_index_ok  0000000180009fd0 f   sfc_mex:sfc_mex.obj
 0001:00009060       sf_vector_vector_index_ok  000000018000a060 f   sfc_mex:sfc_mex.obj
 0001:00009090       ssGetCurrentInputPortDimensions_wrapper 000000018000a090 f   sfc_mex:sfc_mex.obj
 0001:000090b0       ssGetCurrentOutputPortDimensions_wrapper 000000018000a0b0 f   sfc_mex:sfc_mex.obj
 0001:000090d0       sf_mex_emlrt_context_is_debug_mode 000000018000a0d0 f   sfc_mex:sfc_mex.obj
 0001:000090e0       sf_mex_emlrt_context_set_debug_mode 000000018000a0e0 f   sfc_mex:sfc_mex.obj
 0001:000090f0       sf_mex_emlrtNameCapturePostProcessR2012a 000000018000a0f0 f   sfc_mex:sfc_mex.obj
 0001:00009160       sf_clear_error_manager_info 000000018000a160 f   sfc_mex:sfc_mex.obj
 0001:000091c0       sf_mex_stop_simulation_abruptly_wo_error 000000018000a1c0 f   sfc_mex:sfc_mex.obj
 0001:00009200       sf_mex_error_message       000000018000a200 f   sfc_mex:sfc_mex.obj
 0001:00009270       sf_react_to_error_in_matlab_call 000000018000a270 f   sfc_mex:sfc_mex.obj
 0001:000092a0       sf_mex_addfield            000000018000a2a0 f   sfc_mex:sfc_mex.obj
 0001:00009340       sf_mex_getfield            000000018000a340 f   sfc_mex:sfc_mex.obj
 0001:00009640       sf_mex_check_class         000000018000a640 f   sfc_mex:sfc_mex.obj
 0001:000096e0       sf_mex_is_real             000000018000a6e0 f   sfc_mex:sfc_mex.obj
 0001:00009b50       sf_mex_decode_encoded_mx_struct_array 000000018000ab50 f   sfc_mex:sfc_mex.obj
 0001:00009e40       sf_mex_lw_bounds_check     000000018000ae40 f   sfc_mex:sfc_mex.obj
 0001:00009e70       sf_mex_lw_size_eq_check_1d 000000018000ae70 f   sfc_mex:sfc_mex.obj
 0001:00009e90       sf_mex_lw_size_eq_check_nd 000000018000ae90 f   sfc_mex:sfc_mex.obj
 0001:0000a070       sf_mex_lw_dim_size_eq_check 000000018000b070 f   sfc_mex:sfc_mex.obj
 0001:0000a0a0       sf_mex_lw_dim_size_geq_check 000000018000b0a0 f   sfc_mex:sfc_mex.obj
 0001:0000a0d0       sf_mex_lw_sub_assign_size_check_nd 000000018000b0d0 f   sfc_mex:sfc_mex.obj
 0001:0000a2a0       sf_mex_lw_runtime_error_msgid 000000018000b2a0 f   sfc_mex:sfc_mex.obj
 0001:0000a390       sf_mex_lw_matrix_matrix_index_check 000000018000b390 f   sfc_mex:sfc_mex.obj
 0001:0000a3b0       sf_mex_lw_vector_vector_index_check 000000018000b3b0 f   sfc_mex:sfc_mex.obj
 0001:0000a3f0       sf_mex_lw_for_loop_vector_check 000000018000b3f0 f   sfc_mex:sfc_mex.obj
 0001:0000a480       sf_mex_lw_non_negative_check 000000018000b480 f   sfc_mex:sfc_mex.obj
 0001:0000a4c0       sf_mex_overflow_error      000000018000b4c0 f   sfc_mex:sfc_mex.obj
 0001:0000a4d0       sf_mex_dividebyzero_error  000000018000b4d0 f   sfc_mex:sfc_mex.obj
 0001:0000a4e0       sf_mex_unsafe_enum_error   000000018000b4e0 f   sfc_mex:sfc_mex.obj
 0001:0000a4f0       sf_emlrtErrHandler         000000018000b4f0 f   sfc_mex:sfc_mex.obj
 0001:0000a5d0       sf_mex_size_one_check      000000018000b5d0 f   sfc_mex:sfc_mex.obj
 0001:0000a5f0       sf_mex_printf              000000018000b5f0 f   sfc_mex:sfc_mex.obj
 0001:0000a7c0       sf_mex_check_size          000000018000b7c0 f   sfc_mex:sfc_mex.obj
 0001:0000aa60       sf_mex_check_struct        000000018000ba60 f   sfc_mex:sfc_mex.obj
 0001:0000acc0       sf_mex_check_struct_vs     000000018000bcc0 f   sfc_mex:sfc_mex.obj
 0001:0000ad50       sf_mex_check_fi            000000018000bd50 f   sfc_mex:sfc_mex.obj
 0001:0000ae50       sf_mex_check_fi_vs         000000018000be50 f   sfc_mex:sfc_mex.obj
 0001:0000aef0       sf_echo_expression         000000018000bef0 f   sfc_mex:sfc_mex.obj
 0001:0000af50       sf_assertion_failed        000000018000bf50 f   sfc_mex:sfc_mex.obj
 0001:0000b230       sf_mex_evalin              000000018000c230 f   sfc_mex:sfc_mex.obj
 0001:0000b4a0       sf_mex_export              000000018000c4a0 f   sfc_mex:sfc_mex.obj
 0001:0000b560       sf_mex_get_ml_var_no_error 000000018000c560 f   sfc_mex:sfc_mex.obj
 0001:0000b700       sf_mex_get_ml_var          000000018000c700 f   sfc_mex:sfc_mex.obj
 0001:0000bb90       ml_set_element_value_in_array 000000018000cb90 f   sfc_mex:sfc_mex.obj
 0001:0000cc50       sf_mex_call_impl           000000018000dc50 f   sfc_mex:sfc_mex.obj
 0001:0000d070       sf_mex_call_debug          000000018000e070 f   sfc_mex:sfc_mex.obj
 0001:0000d0a0       sf_mex_call                000000018000e0a0 f   sfc_mex:sfc_mex.obj
 0001:0000d6f0       sf_mex_createstruct        000000018000e6f0 f   sfc_mex:sfc_mex.obj
 0001:0000d800       sf_mex_createstructarray   000000018000e800 f   sfc_mex:sfc_mex.obj
 0001:0000d880       sf_mex_get_mx_datatype_from_sf_datatype 000000018000e880 f   sfc_mex:sfc_mex.obj
 0001:0000db90       sf_mex_ml_var_sub          000000018000eb90 f   sfc_mex:sfc_mex.obj
 0001:0000dd70       sf_mex_ml_var_subsasgn     000000018000ed70 f   sfc_mex:sfc_mex.obj
 0001:0000e170       sf_mex_sub                 000000018000f170 f   sfc_mex:sfc_mex.obj
 0001:0000e380       sf_mex_subsasgn            000000018000f380 f   sfc_mex:sfc_mex.obj
 0001:0000e890       sf_mex_create              000000018000f890 f   sfc_mex:sfc_mex.obj
 0001:0000f230       sf_mex_import_named        0000000180010230 f   sfc_mex:sfc_mex.obj
 0001:0000f290       sf_mex_import              0000000180010290 f   sfc_mex:sfc_mex.obj
 0001:0000f2e0       sf_mex_import_vs           00000001800102e0 f   sfc_mex:sfc_mex.obj
 0001:0000f3f0       sf_mex_lower_fixpt_mx_array 00000001800103f0 f   sfc_mex:sfc_mex.obj
 0001:0000f6f0       sf_send_message_wrapper    00000001800106f0 f   sfc_mex:sfc_sf.obj
 0001:0000f720       sf_receive_message_wrapper 0000000180010720 f   sfc_mex:sfc_sf.obj
 0001:0000f760       sf_check_out_message_wrapper 0000000180010760 f   sfc_mex:sfc_sf.obj
 0001:0000f7a0       sf_check_in_message_wrapper 00000001800107a0 f   sfc_mex:sfc_sf.obj
 0001:0000f7e0       sf_no_message_wrapper      00000001800107e0 f   sfc_mex:sfc_sf.obj
 0001:0000fb70       sim_mode_is_rtw_gen        0000000180010b70 f   sfc_mex:sfc_sf.obj
 0001:0000fba0       sim_mode_is_external       0000000180010ba0 f   sfc_mex:sfc_sf.obj
 0001:0000fbb0       sim_mode_is_modelref_sim   0000000180010bb0 f   sfc_mex:sfc_sf.obj
 0001:0000fbd0       mdlInitializeSizes         0000000180010bd0 f   sfc_mex:sfc_sf.obj
 0001:0000fbf0       mdlInitializeSampleTimes   0000000180010bf0 f   sfc_mex:sfc_sf.obj
 0001:0000fc30       mdlZeroCrossings           0000000180010c30 f   sfc_mex:sfc_sf.obj
 0001:0000fd20       mdlDerivatives             0000000180010d20 f   sfc_mex:sfc_sf.obj
 0001:0000fde0       mdl_initialize_conditions_processing 0000000180010de0 f   sfc_mex:sfc_sf.obj
 0001:0000fe10       mdlInitializeConditions    0000000180010e10 f   sfc_mex:sfc_sf.obj
 0001:0000fed0       mdlGetSimState             0000000180010ed0 f   sfc_mex:sfc_sf.obj
 0001:0000fee0       mdlSetSimState             0000000180010ee0 f   sfc_mex:sfc_sf.obj
 0001:0000fef0       mdl_ext_mode_exec_processing 0000000180010ef0 f   sfc_mex:sfc_sf.obj
 0001:0000ff10       mdlExtModeExec             0000000180010f10 f   sfc_mex:sfc_sf.obj
 0001:000100b0       mdlTerminate               00000001800110b0 f   sfc_mex:sfc_sf.obj
 0001:00010120       mdlRTW                     0000000180011120 f   sfc_mex:sfc_sf.obj
 0001:00010150       mdlSetWorkWidths           0000000180011150 f   sfc_mex:sfc_sf.obj
 0001:00010160       mdlProcessParameters       0000000180011160 f   sfc_mex:sfc_sf.obj
 0001:00010170       mdl_start_processing       0000000180011170 f   sfc_mex:sfc_sf.obj
 0001:000101d0       mdlStart                   00000001800111d0 f   sfc_mex:sfc_sf.obj
 0001:000102e0       mdlEnable                  00000001800112e0 f   sfc_mex:sfc_sf.obj
 0001:000103c0       mdlDisable                 00000001800113c0 f   sfc_mex:sfc_sf.obj
 0001:00010480       sf_get_chart_instance_ptr  0000000180011480 f   sfc_mex:sfc_sf.obj
 0001:000104a0       sf_load_rtw_optimization_info 00000001800114a0 f   sfc_mex:sfc_sf.obj
 0001:00010570       sf_update_buildInfo        0000000180011570 f   sfc_mex:sfc_sf.obj
 0001:00010670       sf_rtw_info_uint_prop      0000000180011670 f   sfc_mex:sfc_sf.obj
 0001:000107b0       sf_is_chart_inlinable      00000001800117b0 f   sfc_mex:sfc_sf.obj
 0001:000107d0       sf_mark_output_events_with_multiple_callers 00000001800117d0 f   sfc_mex:sfc_sf.obj
 0001:00010960       sf_mark_chart_reusable_outputs 0000000180011960 f   sfc_mex:sfc_sf.obj
 0001:00010bc0       sf_mark_chart_expressionable_inputs 0000000180011bc0 f   sfc_mex:sfc_sf.obj
 0001:00010e20       sf_get_subchart_simstruct  0000000180011e20 f   sfc_mex:sfc_sf.obj
 0001:00010e70       sf_get_fixpt_data_type_id  0000000180011e70 f   sfc_mex:sfc_sf.obj
 0001:00010eb0       sf_get_enum_data_type_id   0000000180011eb0 f   sfc_mex:sfc_sf.obj
 0001:00010ef0       sf_get_param_data_type_id  0000000180011ef0 f   sfc_mex:sfc_sf.obj
 0001:00010f20       sf_mex_listen_for_ctrl_c_force 0000000180011f20 f   sfc_mex:sfc_sf.obj
 0001:00011030       sf_mex_draw_now            0000000180012030 f   sfc_mex:sfc_sf.obj
 0001:00011070       sf_mex_set_debugger_sim_status_listener_fcn 0000000180012070 f   sfc_mex:sfc_sf.obj
 0001:00011080       sf_mex_listen_for_ctrl_c   0000000180012080 f   sfc_mex:sfc_sf.obj
 0001:00011120       sf_mex_get_sfun_param      0000000180012120 f   sfc_mex:sfc_sf.obj
 0001:00011170       sf_get_runtime_param_data  0000000180012170 f   sfc_mex:sfc_sf.obj
 0001:000111b0       sf_call_output_fcn_call    00000001800121b0 f   sfc_mex:sfc_sf.obj
 0001:000112f0       sf_call_output_fcn_enable  00000001800122f0 f   sfc_mex:sfc_sf.obj
 0001:00011380       sf_call_output_fcn_disable 0000000180012380 f   sfc_mex:sfc_sf.obj
 0001:00011410       sf_clear_rtw_identifier    0000000180012410 f   sfc_mex:sfc_sf.obj
 0001:00011c30       sf_set_encoded_dwork_info  0000000180012c30 f   sfc_mex:sfc_sf.obj
 0001:00011c80       sf_get_dwork_info_from_mat_file 0000000180012c80 f   sfc_mex:sfc_sf.obj
 0001:00011e40       sf_set_rtw_dwork_info      0000000180012e40 f   sfc_mex:sfc_sf.obj
 0001:00011fb0       mdlOutputs                 0000000180012fb0 f   sfc_mex:sfc_sf.obj
 0001:000120a6       mxGetPr                    00000001800130a6 f   libmx:libmx.dll
 0001:000120ac       mxCreateDoubleScalar       00000001800130ac f   libmx:libmx.dll
 0001:000120b2       mxCreateDoubleMatrix_730   00000001800130b2 f   libmx:libmx.dll
 0001:000120b8       mxSetField_730             00000001800130b8 f   libmx:libmx.dll
 0001:000120be       mxCreateString             00000001800130be f   libmx:libmx.dll
 0001:000120c4       mxCreateStructMatrix_730   00000001800130c4 f   libmx:libmx.dll
 0001:000120ca       mxCreateCellMatrix_730     00000001800130ca f   libmx:libmx.dll
 0001:000120d0       mxDestroyArray             00000001800130d0 f   libmx:libmx.dll
 0001:000120d6       mxDuplicateArray           00000001800130d6 f   libmx:libmx.dll
 0001:000120dc       mxGetString_730            00000001800130dc f   libmx:libmx.dll
 0001:000120e2       mxIsChar                   00000001800130e2 f   libmx:libmx.dll
 0001:000120e8       mxGetClassID               00000001800130e8 f   libmx:libmx.dll
 0001:000120ee       mxIsNumeric                00000001800130ee f   libmx:libmx.dll
 0001:000120f4       mxIsComplex                00000001800130f4 f   libmx:libmx.dll
 0001:000120fa       mxGetN                     00000001800130fa f   libmx:libmx.dll
 0001:00012100       mxGetM                     0000000180013100 f   libmx:libmx.dll
 0001:00012106       mxCalloc                   0000000180013106 f   libmx:libmx.dll
 0001:0001210c       mxGetScalar                000000018001310c f   libmx:libmx.dll
 0001:00012112       mxIsLogical                0000000180013112 f   libmx:libmx.dll
 0001:00012118       mxCreateDoubleMatrix_700   0000000180013118 f   libmx:libmx.dll
 0001:0001211e       mxFree                     000000018001311e f   libmx:libmx.dll
 0001:00012124       mxArrayToString            0000000180013124 f   libmx:libmx.dll
 0001:0001212a       mxCreateCellMatrix_700     000000018001312a f   libmx:libmx.dll
 0001:00012130       mxSetCell_700              0000000180013130 f   libmx:libmx.dll
 0001:00012136       mxGetCell_700              0000000180013136 f   libmx:libmx.dll
 0001:0001213c       mxGetClassName             000000018001313c f   libmx:libmx.dll
 0001:00012142       mxSetField_700             0000000180013142 f   libmx:libmx.dll
 0001:00012148       mxAddField                 0000000180013148 f   libmx:libmx.dll
 0001:0001214e       mxGetField_700             000000018001314e f   libmx:libmx.dll
 0001:00012154       mxGetNumberOfElements      0000000180013154 f   libmx:libmx.dll
 0001:0001215a       mxIsStruct                 000000018001315a f   libmx:libmx.dll
 0001:00012160       mxIsA                      0000000180013160 f   libmx:libmx.dll
 0001:00012166       mxIsClass                  0000000180013166 f   libmx:libmx.dll
 0001:0001216c       mxGetLogicals              000000018001316c f   libmx:libmx.dll
 0001:00012172       mxIsSparse                 0000000180013172 f   libmx:libmx.dll
 0001:00012178       mxSetFieldByNumber_700     0000000180013178 f   libmx:libmx.dll
 0001:0001217e       mxGetFieldByNumber_700     000000018001317e f   libmx:libmx.dll
 0001:00012184       mxGetFieldNameByNumber     0000000180013184 f   libmx:libmx.dll
 0001:0001218a       mxGetNumberOfFields        000000018001318a f   libmx:libmx.dll
 0001:00012190       mxCreateStructMatrix_700   0000000180013190 f   libmx:libmx.dll
 0001:00012196       mxGetFieldNumber           0000000180013196 f   libmx:libmx.dll
 0001:0001219c       mxIsNaN                    000000018001319c f   libmx:libmx.dll
 0001:000121a2       mxIsEmpty                  00000001800131a2 f   libmx:libmx.dll
 0001:000121a8       mxGetData                  00000001800131a8 f   libmx:libmx.dll
 0001:000121ae       mxGetImagData              00000001800131ae f   libmx:libmx.dll
 0001:000121b4       mxArrayClassIDName         00000001800131b4 f   libmx:libmx.dll
 0001:000121ba       mxCreateNumericMatrix_700  00000001800131ba f   libmx:libmx.dll
 0001:000121c0       mxCreateStructArray_700    00000001800131c0 f   libmx:libmx.dll
 0001:000121c6       mxCalcSingleSubscript_700  00000001800131c6 f   libmx:libmx.dll
 0001:000121cc       mxGetDimensions_700        00000001800131cc f   libmx:libmx.dll
 0001:000121d2       mxGetNumberOfDimensions_700 00000001800131d2 f   libmx:libmx.dll
 0001:000121d8       mxCreateNumericArray_700   00000001800131d8 f   libmx:libmx.dll
 0001:000121de       mxGetElementSize           00000001800131de f   libmx:libmx.dll
 0001:000121e4       mxCreateStringFromNChars_700 00000001800131e4 f   libmx:libmx.dll
 0001:000121ea       mxGetString_700            00000001800131ea f   libmx:libmx.dll
 0001:000121f0       mexUnlock                  00000001800131f0 f   libmex:libmex.dll
 0001:000121f6       mexIsLocked                00000001800131f6 f   libmex:libmex.dll
 0001:000121fc       mexWarnMsgTxt              00000001800131fc f   libmex:libmex.dll
 0001:00012202       mexCallMATLAB              0000000180013202 f   libmex:libmex.dll
 0001:00012208       mexErrMsgTxt               0000000180013208 f   libmex:libmex.dll
 0001:0001220e       mexMakeArrayPersistent     000000018001320e f   libmex:libmex.dll
 0001:00012214       mexSetTrapFlag             0000000180013214 f   libmex:libmex.dll
 0001:0001221a       mexPutVariable             000000018001321a f   libmex:libmex.dll
 0001:00012220       mexGetVariable             0000000180013220 f   libmex:libmex.dll
 0001:00012226       mexLock                    0000000180013226 f   libmex:libmex.dll
 0001:0001222c       mexMakeMemoryPersistent    000000018001322c f   libmex:libmex.dll
 0001:00012232       ssRegisterDataTypeFxpFSlopeFixExpBias 0000000180013232 f   libfixedpoint:libfixedpoint.dll
 0001:00012238       ssRegisterDataTypeFxpScaledDouble 0000000180013238 f   libfixedpoint:libfixedpoint.dll
 0001:0001223e       utMalloc                   000000018001323e f   libut:libut.dll
 0001:00012244       utFree                     0000000180013244 f   libut:libut.dll
 0001:0001224a       utVSNprintf                000000018001324a f   libut:libut.dll
 0001:00012250       utCPUtime                  0000000180013250 f   libut:libut.dll
 0001:00012256       emlrtCreateRootTLS         0000000180013256 f   libemlrt:libemlrt.dll
 0001:0001225c       emlrtDestroyRootTLS        000000018001325c f   libemlrt:libemlrt.dll
 0001:00012262       emlrtCheckBuiltInR2012b    0000000180013262 f   libemlrt:libemlrt.dll
 0001:00012268       emlrtCheckVsBuiltInR2012b  0000000180013268 f   libemlrt:libemlrt.dll
 0001:0001226e       emlrtCheckEnumR2012b       000000018001326e f   libemlrt:libemlrt.dll
 0001:00012274       emlrtCreateEnumR2012b      0000000180013274 f   libemlrt:libemlrt.dll
 0001:0001227a       emlrtGetEnumElementR2009a  000000018001327a f   libemlrt:libemlrt.dll
 0001:00012280       emlrtCreateReference       0000000180013280 f   libemlrt:libemlrt.dll
 0001:00012286       emlrtImportVsFiArrayR2009b 0000000180013286 f   libemlrt:libemlrt.dll
 0001:0001228c       emlrtNameCapturePostProcessR2012a 000000018001328c f   libemlrt:libemlrt.dll
 0001:00012292       emlrtExtractMessageId      0000000180013292 f   libemlrt:libemlrt.dll
 0001:00012298       emlrtTranslateMessageIDtoLCPstring 0000000180013298 f   libemlrt:libemlrt.dll
 0001:0001229e       emlrtForLoopVectorIsValidR2011b 000000018001329e f   libemlrt:libemlrt.dll
 0001:000122a4       emlrtTranslateUTF16MessagetoLCPstring 00000001800132a4 f   libemlrt:libemlrt.dll
 0001:000122aa       emlrtGetEnumUnderlyingArrayR2009a 00000001800132aa f   libemlrt:libemlrt.dll
 0001:000122b0       emlrtIsEnumR2009a          00000001800132b0 f   libemlrt:libemlrt.dll
 0001:000122b8       __GSHandlerCheckCommon     00000001800132b8 f   MSVCRT:gshandler.obj
 0001:0001231c       __GSHandlerCheck           000000018001331c f   MSVCRT:gshandler.obj
 0001:00012350       __security_check_cookie    0000000180013350 f   MSVCRT:amdsecgs.obj
 0001:00012370       memset                     0000000180013370 f   MSVCRT:MSVCR100.dll
 0001:00012376       strcmp                     0000000180013376 f   MSVCRT:MSVCR100.dll
 0001:0001237c       free                       000000018001337c f   MSVCRT:MSVCR100.dll
 0001:00012382       sprintf                    0000000180013382 f   MSVCRT:MSVCR100.dll
 0001:00012388       malloc                     0000000180013388 f   MSVCRT:MSVCR100.dll
 0001:0001238e       strlen                     000000018001338e f   MSVCRT:MSVCR100.dll
 0001:00012394       strcat                     0000000180013394 f   MSVCRT:MSVCR100.dll
 0001:0001239a       memcpy                     000000018001339a f   MSVCRT:MSVCR100.dll
 0001:000123a0       NtCurrentTeb               00000001800133a0 f i MSVCRT:crtdll.obj
 0001:0001240c       _CRT_INIT                  000000018001340c f   MSVCRT:crtdll.obj
 0001:000127a4       _DllMainCRTStartup         00000001800137a4 f   MSVCRT:crtdll.obj
 0001:000127e2       strncpy                    00000001800137e2 f   MSVCRT:MSVCR100.dll
 0001:00012800       _alloca_probe              0000000180013800     MSVCRT:chkstk.obj
 0001:00012800       __chkstk                   0000000180013800 f   MSVCRT:chkstk.obj
 0001:0001284e       longjmp                    000000018001384e f   MSVCRT:MSVCR100.dll
 0001:00012854       strncmp                    0000000180013854 f   MSVCRT:MSVCR100.dll
 0001:0001285a       ceil                       000000018001385a f   MSVCRT:MSVCR100.dll
 0001:00012860       strrchr                    0000000180013860 f   MSVCRT:MSVCR100.dll
 0001:00012866       _setjmp                    0000000180013866 f   MSVCRT:MSVCR100.dll
 0001:0001286c       __report_gsfailure         000000018001386c f   MSVCRT:gs_report.obj
 0001:000129b8       __clean_type_info_names    00000001800139b8 f   MSVCRT:tncleanup.obj
 0001:000129c4       _onexit                    00000001800139c4 f   MSVCRT:atonexit.obj
 0001:00012a74       atexit                     0000000180013a74 f   MSVCRT:atonexit.obj
 0001:00012a8c       _RTC_Initialize            0000000180013a8c f   MSVCRT:_initsect_.obj
 0001:00012ac4       _RTC_Terminate             0000000180013ac4 f   MSVCRT:_initsect_.obj
 0001:00012afc       _malloc_crt                0000000180013afc f   MSVCRT:MSVCR100.dll
 0001:00012b10       _ValidateImageBase         0000000180013b10 f   MSVCRT:pesect.obj
 0001:00012b40       _FindPESection             0000000180013b40 f   MSVCRT:pesect.obj
 0001:00012b90       _IsNonwritableInCurrentImage 0000000180013b90 f   MSVCRT:pesect.obj
 0001:00012bd2       _initterm                  0000000180013bd2 f   MSVCRT:MSVCR100.dll
 0001:00012bd8       _initterm_e                0000000180013bd8 f   MSVCRT:MSVCR100.dll
 0001:00012bde       _encoded_null              0000000180013bde f   MSVCRT:MSVCR100.dll
 0001:00012be4       _amsg_exit                 0000000180013be4 f   MSVCRT:MSVCR100.dll
 0001:00012bea       __C_specific_handler       0000000180013bea f   MSVCRT:MSVCR100.dll
 0001:00012bf0       __CppXcptFilter            0000000180013bf0 f   MSVCRT:MSVCR100.dll
 0001:00012bf8       DllMain                    0000000180013bf8 f   MSVCRT:dllmain.obj
 0001:00012c1c       __security_init_cookie     0000000180013c1c f   MSVCRT:gs_support.obj
 0001:00012cd0       __crt_debugger_hook        0000000180013cd0 f   MSVCRT:MSVCR100.dll
 0001:00012cd6       __clean_type_info_names_internal 0000000180013cd6 f   MSVCRT:MSVCR100.dll
 0001:00012cdc       _unlock                    0000000180013cdc f   MSVCRT:MSVCR100.dll
 0001:00012ce2       __dllonexit                0000000180013ce2 f   MSVCRT:MSVCR100.dll
 0001:00012ce8       _lock                      0000000180013ce8 f   MSVCRT:MSVCR100.dll
 0001:00012cee       EncodePointer              0000000180013cee f   kernel32:KERNEL32.dll
 0001:00012cf4       DecodePointer              0000000180013cf4 f   kernel32:KERNEL32.dll
 0001:00012cfa       Sleep                      0000000180013cfa f   kernel32:KERNEL32.dll
 0001:00012d00       TerminateProcess           0000000180013d00 f   kernel32:KERNEL32.dll
 0001:00012d06       GetCurrentProcess          0000000180013d06 f   kernel32:KERNEL32.dll
 0001:00012d0c       UnhandledExceptionFilter   0000000180013d0c f   kernel32:KERNEL32.dll
 0001:00012d12       SetUnhandledExceptionFilter 0000000180013d12 f   kernel32:KERNEL32.dll
 0001:00012d18       IsDebuggerPresent          0000000180013d18 f   kernel32:KERNEL32.dll
 0001:00012d1e       RtlVirtualUnwind           0000000180013d1e f   kernel32:KERNEL32.dll
 0001:00012d24       RtlLookupFunctionEntry     0000000180013d24 f   kernel32:KERNEL32.dll
 0001:00012d2a       RtlCaptureContext          0000000180013d2a f   kernel32:KERNEL32.dll
 0001:00012d30       DisableThreadLibraryCalls  0000000180013d30 f   kernel32:KERNEL32.dll
 0001:00012d36       QueryPerformanceCounter    0000000180013d36 f   kernel32:KERNEL32.dll
 0001:00012d3c       GetTickCount               0000000180013d3c f   kernel32:KERNEL32.dll
 0001:00012d42       GetCurrentThreadId         0000000180013d42 f   kernel32:KERNEL32.dll
 0001:00012d48       GetCurrentProcessId        0000000180013d48 f   kernel32:KERNEL32.dll
 0001:00012d4e       GetSystemTimeAsFileTime    0000000180013d4e f   kernel32:KERNEL32.dll
 0002:00000000       __imp_GetSystemTimeAsFileTime 0000000180014000     kernel32:KERNEL32.dll
 0002:00000008       __imp_GetCurrentProcessId  0000000180014008     kernel32:KERNEL32.dll
 0002:00000010       __imp_GetCurrentThreadId   0000000180014010     kernel32:KERNEL32.dll
 0002:00000018       __imp_GetTickCount         0000000180014018     kernel32:KERNEL32.dll
 0002:00000020       __imp_QueryPerformanceCounter 0000000180014020     kernel32:KERNEL32.dll
 0002:00000028       __imp_DisableThreadLibraryCalls 0000000180014028     kernel32:KERNEL32.dll
 0002:00000030       __imp_RtlCaptureContext    0000000180014030     kernel32:KERNEL32.dll
 0002:00000038       __imp_RtlLookupFunctionEntry 0000000180014038     kernel32:KERNEL32.dll
 0002:00000040       __imp_RtlVirtualUnwind     0000000180014040     kernel32:KERNEL32.dll
 0002:00000048       __imp_IsDebuggerPresent    0000000180014048     kernel32:KERNEL32.dll
 0002:00000050       __imp_SetUnhandledExceptionFilter 0000000180014050     kernel32:KERNEL32.dll
 0002:00000058       __imp_UnhandledExceptionFilter 0000000180014058     kernel32:KERNEL32.dll
 0002:00000060       __imp_GetCurrentProcess    0000000180014060     kernel32:KERNEL32.dll
 0002:00000068       __imp_TerminateProcess     0000000180014068     kernel32:KERNEL32.dll
 0002:00000070       __imp_Sleep                0000000180014070     kernel32:KERNEL32.dll
 0002:00000078       __imp_DecodePointer        0000000180014078     kernel32:KERNEL32.dll
 0002:00000080       __imp_EncodePointer        0000000180014080     kernel32:KERNEL32.dll
 0002:00000088       \177KERNEL32_NULL_THUNK_DATA 0000000180014088     kernel32:KERNEL32.dll
 0002:00000090       __imp__onexit              0000000180014090     MSVCRT:MSVCR100.dll
 0002:00000098       __imp__lock                0000000180014098     MSVCRT:MSVCR100.dll
 0002:000000a0       __imp___dllonexit          00000001800140a0     MSVCRT:MSVCR100.dll
 0002:000000a8       __imp__unlock              00000001800140a8     MSVCRT:MSVCR100.dll
 0002:000000b0       __imp___clean_type_info_names_internal 00000001800140b0     MSVCRT:MSVCR100.dll
 0002:000000b8       __imp___crt_debugger_hook  00000001800140b8     MSVCRT:MSVCR100.dll
 0002:000000c0       __imp___CppXcptFilter      00000001800140c0     MSVCRT:MSVCR100.dll
 0002:000000c8       __imp___C_specific_handler 00000001800140c8     MSVCRT:MSVCR100.dll
 0002:000000d0       __imp__amsg_exit           00000001800140d0     MSVCRT:MSVCR100.dll
 0002:000000d8       __imp__encoded_null        00000001800140d8     MSVCRT:MSVCR100.dll
 0002:000000e0       __imp__initterm_e          00000001800140e0     MSVCRT:MSVCR100.dll
 0002:000000e8       __imp__initterm            00000001800140e8     MSVCRT:MSVCR100.dll
 0002:000000f0       __imp__malloc_crt          00000001800140f0     MSVCRT:MSVCR100.dll
 0002:000000f8       __imp__setjmp              00000001800140f8     MSVCRT:MSVCR100.dll
 0002:00000100       __imp_strrchr              0000000180014100     MSVCRT:MSVCR100.dll
 0002:00000108       __imp_ceil                 0000000180014108     MSVCRT:MSVCR100.dll
 0002:00000110       __imp_strncmp              0000000180014110     MSVCRT:MSVCR100.dll
 0002:00000118       __imp_longjmp              0000000180014118     MSVCRT:MSVCR100.dll
 0002:00000120       __imp_strncpy              0000000180014120     MSVCRT:MSVCR100.dll
 0002:00000128       __imp_memcpy               0000000180014128     MSVCRT:MSVCR100.dll
 0002:00000130       __imp_strcat               0000000180014130     MSVCRT:MSVCR100.dll
 0002:00000138       __imp_strlen               0000000180014138     MSVCRT:MSVCR100.dll
 0002:00000140       __imp_malloc               0000000180014140     MSVCRT:MSVCR100.dll
 0002:00000148       __imp_sprintf              0000000180014148     MSVCRT:MSVCR100.dll
 0002:00000150       __imp_free                 0000000180014150     MSVCRT:MSVCR100.dll
 0002:00000158       __imp_strcmp               0000000180014158     MSVCRT:MSVCR100.dll
 0002:00000160       __imp_memset               0000000180014160     MSVCRT:MSVCR100.dll
 0002:00000168       \177MSVCR100_NULL_THUNK_DATA 0000000180014168     MSVCRT:MSVCR100.dll
 0002:00000170       __imp_emlrtIsEnumR2009a    0000000180014170     libemlrt:libemlrt.dll
 0002:00000178       __imp_emlrtGetEnumUnderlyingArrayR2009a 0000000180014178     libemlrt:libemlrt.dll
 0002:00000180       __imp_emlrtTranslateUTF16MessagetoLCPstring 0000000180014180     libemlrt:libemlrt.dll
 0002:00000188       __imp_emlrtForLoopVectorIsValidR2011b 0000000180014188     libemlrt:libemlrt.dll
 0002:00000190       __imp_emlrtTranslateMessageIDtoLCPstring 0000000180014190     libemlrt:libemlrt.dll
 0002:00000198       __imp_emlrtExtractMessageId 0000000180014198     libemlrt:libemlrt.dll
 0002:000001a0       __imp_emlrtNameCapturePostProcessR2012a 00000001800141a0     libemlrt:libemlrt.dll
 0002:000001a8       __imp_emlrtImportVsFiArrayR2009b 00000001800141a8     libemlrt:libemlrt.dll
 0002:000001b0       __imp_emlrtCreateReference 00000001800141b0     libemlrt:libemlrt.dll
 0002:000001b8       __imp_emlrtGetEnumElementR2009a 00000001800141b8     libemlrt:libemlrt.dll
 0002:000001c0       __imp_emlrtCreateEnumR2012b 00000001800141c0     libemlrt:libemlrt.dll
 0002:000001c8       __imp_emlrtCheckEnumR2012b 00000001800141c8     libemlrt:libemlrt.dll
 0002:000001d0       __imp_emlrtCheckVsBuiltInR2012b 00000001800141d0     libemlrt:libemlrt.dll
 0002:000001d8       __imp_emlrtCheckBuiltInR2012b 00000001800141d8     libemlrt:libemlrt.dll
 0002:000001e0       __imp_emlrtDestroyRootTLS  00000001800141e0     libemlrt:libemlrt.dll
 0002:000001e8       __imp_emlrtCreateRootTLS   00000001800141e8     libemlrt:libemlrt.dll
 0002:000001f0       \177libemlrt_NULL_THUNK_DATA 00000001800141f0     libemlrt:libemlrt.dll
 0002:000001f8       __imp_ssRegisterDataTypeFxpScaledDouble 00000001800141f8     libfixedpoint:libfixedpoint.dll
 0002:00000200       __imp_ssRegisterDataTypeFxpFSlopeFixExpBias 0000000180014200     libfixedpoint:libfixedpoint.dll
 0002:00000208       \177libfixedpoint_NULL_THUNK_DATA 0000000180014208     libfixedpoint:libfixedpoint.dll
 0002:00000210       __imp_mexMakeMemoryPersistent 0000000180014210     libmex:libmex.dll
 0002:00000218       __imp_mexLock              0000000180014218     libmex:libmex.dll
 0002:00000220       __imp_mexGetVariable       0000000180014220     libmex:libmex.dll
 0002:00000228       __imp_mexPutVariable       0000000180014228     libmex:libmex.dll
 0002:00000230       __imp_mexIsLocked          0000000180014230     libmex:libmex.dll
 0002:00000238       __imp_mexWarnMsgTxt        0000000180014238     libmex:libmex.dll
 0002:00000240       __imp_mexCallMATLAB        0000000180014240     libmex:libmex.dll
 0002:00000248       __imp_mexUnlock            0000000180014248     libmex:libmex.dll
 0002:00000250       __imp_mexErrMsgTxt         0000000180014250     libmex:libmex.dll
 0002:00000258       __imp_mexSetTrapFlag       0000000180014258     libmex:libmex.dll
 0002:00000260       __imp_mexMakeArrayPersistent 0000000180014260     libmex:libmex.dll
 0002:00000268       \177libmex_NULL_THUNK_DATA 0000000180014268     libmex:libmex.dll
 0002:00000270       __imp_mxSetField_730       0000000180014270     libmx:libmx.dll
 0002:00000278       __imp_mxCreateDoubleMatrix_730 0000000180014278     libmx:libmx.dll
 0002:00000280       __imp_mxCreateDoubleScalar 0000000180014280     libmx:libmx.dll
 0002:00000288       __imp_mxCreateString       0000000180014288     libmx:libmx.dll
 0002:00000290       __imp_mxCreateStructMatrix_730 0000000180014290     libmx:libmx.dll
 0002:00000298       __imp_mxGetString_700      0000000180014298     libmx:libmx.dll
 0002:000002a0       __imp_mxCreateStringFromNChars_700 00000001800142a0     libmx:libmx.dll
 0002:000002a8       __imp_mxGetElementSize     00000001800142a8     libmx:libmx.dll
 0002:000002b0       __imp_mxCreateNumericArray_700 00000001800142b0     libmx:libmx.dll
 0002:000002b8       __imp_mxGetNumberOfDimensions_700 00000001800142b8     libmx:libmx.dll
 0002:000002c0       __imp_mxGetDimensions_700  00000001800142c0     libmx:libmx.dll
 0002:000002c8       __imp_mxCalcSingleSubscript_700 00000001800142c8     libmx:libmx.dll
 0002:000002d0       __imp_mxCreateStructArray_700 00000001800142d0     libmx:libmx.dll
 0002:000002d8       __imp_mxCreateNumericMatrix_700 00000001800142d8     libmx:libmx.dll
 0002:000002e0       __imp_mxArrayClassIDName   00000001800142e0     libmx:libmx.dll
 0002:000002e8       __imp_mxGetImagData        00000001800142e8     libmx:libmx.dll
 0002:000002f0       __imp_mxGetData            00000001800142f0     libmx:libmx.dll
 0002:000002f8       __imp_mxIsEmpty            00000001800142f8     libmx:libmx.dll
 0002:00000300       __imp_mxIsNaN              0000000180014300     libmx:libmx.dll
 0002:00000308       __imp_mxGetFieldNumber     0000000180014308     libmx:libmx.dll
 0002:00000310       __imp_mxCreateStructMatrix_700 0000000180014310     libmx:libmx.dll
 0002:00000318       __imp_mxGetNumberOfFields  0000000180014318     libmx:libmx.dll
 0002:00000320       __imp_mxGetFieldNameByNumber 0000000180014320     libmx:libmx.dll
 0002:00000328       __imp_mxGetFieldByNumber_700 0000000180014328     libmx:libmx.dll
 0002:00000330       __imp_mxSetFieldByNumber_700 0000000180014330     libmx:libmx.dll
 0002:00000338       __imp_mxIsSparse           0000000180014338     libmx:libmx.dll
 0002:00000340       __imp_mxGetLogicals        0000000180014340     libmx:libmx.dll
 0002:00000348       __imp_mxIsClass            0000000180014348     libmx:libmx.dll
 0002:00000350       __imp_mxIsA                0000000180014350     libmx:libmx.dll
 0002:00000358       __imp_mxIsStruct           0000000180014358     libmx:libmx.dll
 0002:00000360       __imp_mxGetNumberOfElements 0000000180014360     libmx:libmx.dll
 0002:00000368       __imp_mxGetField_700       0000000180014368     libmx:libmx.dll
 0002:00000370       __imp_mxAddField           0000000180014370     libmx:libmx.dll
 0002:00000378       __imp_mxSetField_700       0000000180014378     libmx:libmx.dll
 0002:00000380       __imp_mxGetClassName       0000000180014380     libmx:libmx.dll
 0002:00000388       __imp_mxGetCell_700        0000000180014388     libmx:libmx.dll
 0002:00000390       __imp_mxSetCell_700        0000000180014390     libmx:libmx.dll
 0002:00000398       __imp_mxCreateCellMatrix_700 0000000180014398     libmx:libmx.dll
 0002:000003a0       __imp_mxArrayToString      00000001800143a0     libmx:libmx.dll
 0002:000003a8       __imp_mxFree               00000001800143a8     libmx:libmx.dll
 0002:000003b0       __imp_mxCreateDoubleMatrix_700 00000001800143b0     libmx:libmx.dll
 0002:000003b8       __imp_mxIsLogical          00000001800143b8     libmx:libmx.dll
 0002:000003c0       __imp_mxGetScalar          00000001800143c0     libmx:libmx.dll
 0002:000003c8       __imp_mxCalloc             00000001800143c8     libmx:libmx.dll
 0002:000003d0       __imp_mxGetM               00000001800143d0     libmx:libmx.dll
 0002:000003d8       __imp_mxGetN               00000001800143d8     libmx:libmx.dll
 0002:000003e0       __imp_mxIsComplex          00000001800143e0     libmx:libmx.dll
 0002:000003e8       __imp_mxIsNumeric          00000001800143e8     libmx:libmx.dll
 0002:000003f0       __imp_mxGetClassID         00000001800143f0     libmx:libmx.dll
 0002:000003f8       __imp_mxIsChar             00000001800143f8     libmx:libmx.dll
 0002:00000400       __imp_mxGetString_730      0000000180014400     libmx:libmx.dll
 0002:00000408       __imp_mxDuplicateArray     0000000180014408     libmx:libmx.dll
 0002:00000410       __imp_mxDestroyArray       0000000180014410     libmx:libmx.dll
 0002:00000418       __imp_mxCreateCellMatrix_730 0000000180014418     libmx:libmx.dll
 0002:00000420       __imp_mxGetPr              0000000180014420     libmx:libmx.dll
 0002:00000428       \177libmx_NULL_THUNK_DATA  0000000180014428     libmx:libmx.dll
 0002:00000430       __imp_utVSNprintf          0000000180014430     libut:libut.dll
 0002:00000438       __imp_utFree               0000000180014438     libut:libut.dll
 0002:00000440       __imp_utMalloc             0000000180014440     libut:libut.dll
 0002:00000448       __imp_utCPUtime            0000000180014448     libut:libut.dll
 0002:00000450       \177libut_NULL_THUNK_DATA  0000000180014450     libut:libut.dll
 0002:00000458       __xc_a                     0000000180014458     MSVCRT:cinitexe.obj
 0002:00000460       __xc_z                     0000000180014460     MSVCRT:cinitexe.obj
 0002:00000468       __xi_a                     0000000180014468     MSVCRT:cinitexe.obj
 0002:00000478       __xi_z                     0000000180014478     MSVCRT:cinitexe.obj
 0002:00000480       __real@41d83bb003000000    0000000180014480     c1_polaczenie.obj
 0002:00000488       __real@41a58919d6000000    0000000180014488     c1_polaczenie.obj
 0002:00000490       __real@41e0aae5d2a00000    0000000180014490     c1_polaczenie.obj
 0002:00000498       __real@41d239df25000000    0000000180014498     c1_polaczenie.obj
 0002:000004a0       __real@4024000000000000    00000001800144a0     c1_polaczenie.obj
 0002:000004a8       __real@4014000000000000    00000001800144a8     c1_polaczenie.obj
 0002:000004b0       __real@3ff0000000000000    00000001800144b0     c1_polaczenie.obj
 0002:000004b8       __real@4022000000000000    00000001800144b8     c1_polaczenie.obj
 0002:000004c0       DYNAMIC_DIMENSION_DEF      00000001800144c0     polaczenie_sfun_registry.obj
 0002:000004e0       _ssBadLevel2InputAccessMsg 00000001800144e0     polaczenie_sfun_registry.obj
 0002:00000670       _ssBadLevel2DirectFeedMsg  0000000180014670     polaczenie_sfun_registry.obj
 0002:000007b0       _ssBadLevel2DirectFeedSolutionMsg 00000001800147b0     polaczenie_sfun_registry.obj
 0002:00000820       _ssBadLevel2ZeroDirectFeedMsg 0000000180014820     polaczenie_sfun_registry.obj
 0002:00000960       _ssBadLevel2ZeroDirectFeedMsg2 0000000180014960     polaczenie_sfun_registry.obj
 0002:00000a48       __real@0000000000000000    0000000180014a48     polaczenie_sfun_registry.obj
 0002:00000a50       __real@bff0000000000000    0000000180014a50     polaczenie_sfun_registry.obj
 0002:00000a58       __real@41602cbca0000000    0000000180014a58     polaczenie_sfun_registry.obj
 0002:00000a60       __real@41db04d047800000    0000000180014a60     polaczenie_sfun.obj
 0002:00000a68       __real@41c2cabaeb800000    0000000180014a68     polaczenie_sfun.obj
 0002:00000a70       __real@41cc07d87c000000    0000000180014a70     polaczenie_sfun.obj
 0002:00000a78       __real@41ab95d6a0000000    0000000180014a78     polaczenie_sfun.obj
 0002:00000a80       __real@4182eecb20000000    0000000180014a80     polaczenie_sfun.obj
 0002:00000a88       __real@41c97154ac800000    0000000180014a88     polaczenie_sfun.obj
 0002:00000a90       __real@41d722e17e800000    0000000180014a90     polaczenie_sfun.obj
 0002:00000a98       __real@41d3f1edc6400000    0000000180014a98     polaczenie_sfun.obj
 0002:00000aa0       __real@41e1d6db0d200000    0000000180014aa0     polaczenie_sfun.obj
 0002:00000aa8       __real@41d98bb062c00000    0000000180014aa8     polaczenie_sfun.obj
 0002:00000ab0       __real@41e882e29d400000    0000000180014ab0     polaczenie_sfun.obj
 0002:00000ab8       __real@41e4955c33200000    0000000180014ab8     polaczenie_sfun.obj
 0002:00000ac0       __real@41e4250704000000    0000000180014ac0     polaczenie_sfun.obj
 0002:00000ac8       __real@41e51ef38b600000    0000000180014ac8     polaczenie_sfun.obj
 0002:00000ad0       __real@41e77d248a400000    0000000180014ad0     polaczenie_sfun.obj
 0002:00000ad8       __real@41ee76f50d200000    0000000180014ad8     polaczenie_sfun.obj
 0002:00000ae0       ??_C@_00CNPNBAHC@?$AA@     0000000180014ae0     sfc_mex:sfc_mex.obj
 0002:00000ae4       ??_C@_05DGLCPCBN@?$CFsx?$CFd?$AA@ 0000000180014ae4     sfc_mex:sfc_mex.obj
 0002:00000aec       ??_C@_02DPKJAMEF@?$CFd?$AA@ 0000000180014aec     sfc_mex:sfc_mex.obj
 0002:00000af0       ??_C@_0CC@DJOAOECF@Unknown?5MATLAB?5error?5encountered@ 0000000180014af0     sfc_mex:sfc_mex.obj
 0002:00000b18       ??_C@_0CJ@DAIIKGLI@?$CFs?5in?5?$CFs?5should?5never?5be?5called?5@ 0000000180014b18     sfc_mex:sfc_mex.obj
 0002:00000b48       ??_C@_0CE@ICKLNELB@Error?5calling?5MATLAB?5function?5?8?$CF@ 0000000180014b48     sfc_mex:sfc_mex.obj
 0002:00000b6c       ??_C@_02DKCKIIND@?$CFs?$AA@ 0000000180014b6c     sfc_mex:sfc_mex.obj
 0002:00000b70       ??_C@_07PHDIELCI@lasterr?$AA@ 0000000180014b70     sfc_mex:sfc_mex.obj
 0002:00000b78       ??_C@_09HKCBALOK@embedded?4?$AA@ 0000000180014b78     sfc_mex:sfc_mex.obj
 0002:00000b84       ??_C@_06BNJCAIGJ@double?$AA@ 0000000180014b84     sfc_mex:sfc_mex.obj
 0002:00000b8c       ??_C@_06EJFMBPJF@single?$AA@ 0000000180014b8c     sfc_mex:sfc_mex.obj
 0002:00000b94       ??_C@_06KKKLBFKN@uint64?$AA@ 0000000180014b94     sfc_mex:sfc_mex.obj
 0002:00000b9c       ??_C@_05DIFFJEPM@int64?$AA@ 0000000180014b9c     sfc_mex:sfc_mex.obj
 0002:00000ba4       ??_C@_06PKDKHAMA@uint32?$AA@ 0000000180014ba4     sfc_mex:sfc_mex.obj
 0002:00000bac       ??_C@_05GIMEPBJB@int32?$AA@ 0000000180014bac     sfc_mex:sfc_mex.obj
 0002:00000bb4       ??_C@_06JNNCGBKK@uint16?$AA@ 0000000180014bb4     sfc_mex:sfc_mex.obj
 0002:00000bbc       ??_C@_05PCMOAPL@int16?$AA@ 0000000180014bbc     sfc_mex:sfc_mex.obj
 0002:00000bc4       ??_C@_05BOGOCLFF@uint8?$AA@ 0000000180014bc4     sfc_mex:sfc_mex.obj
 0002:00000bcc       ??_C@_04DCGBOBJJ@int8?$AA@ 0000000180014bcc     sfc_mex:sfc_mex.obj
 0002:00000bd4       ??_C@_04KBDJOJNB@?$FL?$CFd?$FN?$AA@ 0000000180014bd4     sfc_mex:sfc_mex.obj
 0002:00000be0       ??_C@_0CD@NFPEPNBJ@Cannot?5add?5field?5?$CFs?5to?5struct?5?$CFs@ 0000000180014be0     sfc_mex:sfc_mex.obj
 0002:00000c08       ??_C@_0CF@PLDCCEBG@Cannot?5get?5field?5?$CFs?5from?5struct?5@ 0000000180014c08     sfc_mex:sfc_mex.obj
 0002:00000c30       ??_C@_0CO@MFJLJCHI@Struct?5array?5?8?$CFs?8?5does?5not?5have?5@ 0000000180014c30     sfc_mex:sfc_mex.obj
 0002:00000c60       ??_C@_0DF@IPGEGIDM@Object?5?8?$CFs?8?5is?5not?5a?5struct?3?5can@ 0000000180014c60     sfc_mex:sfc_mex.obj
 0002:00000c98       ??_C@_0BL@KEKJNNL@MATLAB?5expression?5?8?$CFs?8?5?$CFs?4?$AA@ 0000000180014c98     sfc_mex:sfc_mex.obj
 0002:00000cc0       ??_C@_0GH@JOEOEBFA@Size?5mismatch?5for?5?8?$CFs?8?5on?5dimens@ 0000000180014cc0     sfc_mex:sfc_mex.obj
 0002:00000d28       ??_C@_04IAGNFIBA@size?$AA@ 0000000180014d28     sfc_mex:sfc_mex.obj
 0002:00000d30       ??_C@_0DN@DNLDLJNN@is?5not?5of?5the?5correct?5class?3?5exp@ 0000000180014d30     sfc_mex:sfc_mex.obj
 0002:00000d70       ??_C@_06POLMGHPK@isreal?$AA@ 0000000180014d70     sfc_mex:sfc_mex.obj
 0002:00000d78       ??_C@_0CC@EDDDCJDC@is?5not?5of?5the?5correct?5complexnes@ 0000000180014d78     sfc_mex:sfc_mex.obj
 0002:00000da0       ??_C@_0CB@POBCEEOP@is?5not?5of?5the?5correct?5sparseness@ 0000000180014da0     sfc_mex:sfc_mex.obj
 0002:00000dc8       ??_C@_0CC@JOFDGEBC@is?5not?5of?5the?5correct?5numerictyp@ 0000000180014dc8     sfc_mex:sfc_mex.obj
 0002:00000df0       ??_C@_07MIMONDDE@isequal?$AA@ 0000000180014df0     sfc_mex:sfc_mex.obj
 0002:00000df8       ??_C@_0M@NAPEIPJI@numerictype?$AA@ 0000000180014df8     sfc_mex:sfc_mex.obj
 0002:00000e08       ??_C@_0BN@IMIABIKK@is?5not?5of?5the?5correct?5fimath?$AA@ 0000000180014e08     sfc_mex:sfc_mex.obj
 0002:00000e28       ??_C@_06LJOKAFHF@fimath?$AA@ 0000000180014e28     sfc_mex:sfc_mex.obj
 0002:00000e30       ??_C@_0EP@IAFBLFNF@Stateflow?5Internal?5Error?3?5?6Error@ 0000000180014e30     sfc_mex:sfc_mex.obj
 0002:00000e80       ??_C@_02GFKODMMF@sf?$AA@   0000000180014e80     sfc_mex:sfc_mex.obj
 0002:00000e88       ??_C@_08MJJBNONC@mxDecode?$AA@ 0000000180014e88     sfc_mex:sfc_mex.obj
 0002:00000ea0       ??_C@_0GH@OOBFJADG@Simulation?5stopped?5due?5to?5out?5of@ 0000000180014ea0     sfc_mex:sfc_mex.obj
 0002:00000f10       ??_C@_0HC@JODLBNFO@Simulation?5stopped?5due?5to?5size?5m@ 0000000180014f10     sfc_mex:sfc_mex.obj
 0002:00000f90       ??_C@_0HC@PPOAOPGB@Simulation?5stopped?5due?5to?5size?5m@ 0000000180014f90     sfc_mex:sfc_mex.obj
 0002:00001010       ??_C@_0JM@OFMOAAGL@Simulation?5stopped?5due?5to?5size?5m@ 0000000180015010     sfc_mex:sfc_mex.obj
 0002:000010b0       ??_C@_0KC@ODCGHMPH@Simulation?5stopped?5due?5to?5size?5o@ 00000001800150b0     sfc_mex:sfc_mex.obj
 0002:00001160       ??_C@_0GO@BKNPNGBP@Subscripted?5assignment?5dimension@ 0000000180015160     sfc_mex:sfc_mex.obj
 0002:000011d0       ??_C@_0DJ@MEDANBMA@Enable?5debugging?5to?5pinpoint?5the@ 00000001800151d0     sfc_mex:sfc_mex.obj
 0002:0000120c       ??_C@_01CLKCMJKC@?5?$AA@   000000018001520c     sfc_mex:sfc_mex.obj
 0002:00001210       ??_C@_0BAO@DDKKHLGF@Matrix?$CImatrix?$CJ?5subscript?5turned?5@ 0000000180015210     sfc_mex:sfc_mex.obj
 0002:00001320       ??_C@_0BAO@MGKOAKHL@Vector?$CIvector?$CJ?5subscript?5turned?5@ 0000000180015320     sfc_mex:sfc_mex.obj
 0002:00001430       ??_C@_0FA@KAHDAHHI@Cannot?5determine?5the?5exact?5numbe@ 0000000180015430     sfc_mex:sfc_mex.obj
 0002:00001480       ??_C@_0FC@HJKNPCCF@Negative?5value?5detected?4?5Enable?5@ 0000000180015480     sfc_mex:sfc_mex.obj
 0002:000014d8       ??_C@_0DK@JJKHINMK@Overflow?5detected?4?5Enable?5debugg@ 00000001800154d8     sfc_mex:sfc_mex.obj
 0002:00001520       ??_C@_0EA@POIJMBCP@Divide?5by?5zero?5detected?4?5Enable?5@ 0000000180015520     sfc_mex:sfc_mex.obj
 0002:00001560       ??_C@_0EK@CFEMECLL@Nonconforming?5enum?5value?5detecte@ 0000000180015560     sfc_mex:sfc_mex.obj
 0002:000015b0       ??_C@_0EE@BPGAOMO@Size?5mismatch?5for?5MATLAB?5express@ 00000001800155b0     sfc_mex:sfc_mex.obj
 0002:00001600       ??_C@_0EJ@KLNPHOFG@Dimension?5of?5fixed?5size?5one?5?$CI1?$CJ?5@ 0000000180015600     sfc_mex:sfc_mex.obj
 0002:00001650       ??_C@_07JFPGMOK@fprintf?$AA@ 0000000180015650     sfc_mex:sfc_mex.obj
 0002:00001660       ??_C@_0FE@EHCFPDEG@In?5MATLAB?5expression?5?8?$CFs?8?0?5field@ 0000000180015660     sfc_mex:sfc_mex.obj
 0002:000016b8       ??_C@_0DE@IJIFCHLH@In?5MATLAB?5expression?5?8?$CFs?8?0?5field@ 00000001800156b8     sfc_mex:sfc_mex.obj
 0002:000016f0       ??_C@_0FK@JKPMKGDE@MATLAB?5expression?5?8?$CFs?8?5does?5not?5@ 00000001800156f0     sfc_mex:sfc_mex.obj
 0002:0000174c       ??_C@_06PBJBIPGK@struct?$AA@ 000000018001574c     sfc_mex:sfc_mex.obj
 0002:00001758       ??_C@_0O@NFNPPCGN@isfimathlocal?$AA@ 0000000180015758     sfc_mex:sfc_mex.obj
 0002:00001768       ??_C@_0M@MLCGNPLD@embedded?4fi?$AA@ 0000000180015768     sfc_mex:sfc_mex.obj
 0002:00001778       ??_C@_0M@EGMNDJHO@?$CFs?5?$DN?5?$CF?415g?6?$AA@ 0000000180015778     sfc_mex:sfc_mex.obj
 0002:00001784       ??_C@_03OFAPEBGM@?$CFs?6?$AA@ 0000000180015784     sfc_mex:sfc_mex.obj
 0002:00001788       ??_C@_0CL@LLBJDFID@failed?5sf_assertion?5in?5?$CFs?5at?5lin@ 0000000180015788     sfc_mex:sfc_mex.obj
 0002:000017c0       ??_C@_0EJ@MIHEOKKA@?8?$CFs?8?3?5Array?5with?5number?5of?5dimen@ 00000001800157c0     sfc_mex:sfc_mex.obj
 0002:00001810       ??_C@_09JCLLFAHO@sfc_mex?4c?$AA@ 0000000180015810     sfc_mex:sfc_mex.obj
 0002:00001820       ??_C@_0O@FCFMOEOA@aNumDims?5?$DO?$DN?50?$AA@ 0000000180015820     sfc_mex:sfc_mex.obj
 0002:00001830       ??_C@_0CK@KDIMGCCA@?8?$CFs?8?3?5Sparse?5matrices?5are?5not?5su@ 0000000180015830     sfc_mex:sfc_mex.obj
 0002:00001860       ??_C@_0CI@KBLJAMNB@MATLAB?5expression?5?8?$CFs?8?5is?5not?5nu@ 0000000180015860     sfc_mex:sfc_mex.obj
 0002:00001888       ??_C@_0P@LCMMCGDM@aSrcMx?5?$CB?$DN?5NULL?$AA@ 0000000180015888     sfc_mex:sfc_mex.obj
 0002:000018a0       ??_C@_0EI@HJNNACGI@Eval?5of?5MATLAB?5expression?5?8?$CFs?8?5i@ 00000001800158a0     sfc_mex:sfc_mex.obj
 0002:000018e8       ??_C@_0DM@BJICAGGK@Stateflow?5currently?5only?5support@ 00000001800158e8     sfc_mex:sfc_mex.obj
 0002:00001924       ??_C@_05LAPONLG@false?$AA@ 0000000180015924     sfc_mex:sfc_mex.obj
 0002:0000192c       ??_C@_03LHCJEHON@nan?$AA@  000000018001592c     sfc_mex:sfc_mex.obj
 0002:00001930       ??_C@_04BHIIPFEC@base?$AA@ 0000000180015930     sfc_mex:sfc_mex.obj
 0002:00001938       ??_C@_06PLMANNP@evalin?$AA@ 0000000180015938     sfc_mex:sfc_mex.obj
 0002:00001940       ??_C@_06GFECGKEO@caller?$AA@ 0000000180015940     sfc_mex:sfc_mex.obj
 0002:00001948       ??_C@_0CM@LOMLNLMC@Invalid?5workspace?5type?5for?5sf_ma@ 0000000180015948     sfc_mex:sfc_mex.obj
 0002:00001974       ??_C@_01GBGANLPD@0?$AA@    0000000180015974     sfc_mex:sfc_mex.obj
 0002:00001978       ??_C@_06FJKEMHGD@global?$AA@ 0000000180015978     sfc_mex:sfc_mex.obj
 0002:00001980       ??_C@_08KHPDDPHG@getfield?$AA@ 0000000180015980     sfc_mex:sfc_mex.obj
 0002:0000198c       ??_C@_05LPIJGKJ@Value?$AA@ 000000018001598c     sfc_mex:sfc_mex.obj
 0002:00001998       ??_C@_0BH@HNIMIIFD@Unknown?5workspace?5type?$AA@ 0000000180015998     sfc_mex:sfc_mex.obj
 0002:000019b0       ??_C@_0DA@IPMLFPJI@MATLAB?5expression?5?8?$CFs?8?5could?5not@ 00000001800159b0     sfc_mex:sfc_mex.obj
 0002:000019e0       ??_C@_0EB@HHPLBHBA@Parameter?5value?5out?5of?5bounds?4?5?$CF@ 00000001800159e0     sfc_mex:sfc_mex.obj
 0002:00001a30       __mask@@NegDouble@         0000000180015a30     sfc_mex:sfc_mex.obj
 0002:00001a40       ??_C@_0CB@DBMOOMDL@Unsupported?5class?5type?5?$CFs?5for?5?$CFs@ 0000000180015a40     sfc_mex:sfc_mex.obj
 0002:00001a68       ??_C@_0BI@OPNKAIOC@mxIsComplex?$CImxArrayPtr?$CJ?$AA@ 0000000180015a68     sfc_mex:sfc_mex.obj
 0002:00001a80       ??_C@_0GA@OFLPCMBM@Stateflow?5Runtime?5Warning?3?5Loss?5@ 0000000180015a80     sfc_mex:sfc_mex.obj
 0002:00001ae0       __real@3810000000000000    0000000180015ae0     sfc_mex:sfc_mex.obj
 0002:00001ae8       __real@47efffffe0000000    0000000180015ae8     sfc_mex:sfc_mex.obj
 0002:00001af0       __real@c060000000000000    0000000180015af0     sfc_mex:sfc_mex.obj
 0002:00001af8       __real@405fc00000000000    0000000180015af8     sfc_mex:sfc_mex.obj
 0002:00001b00       __real@406fe00000000000    0000000180015b00     sfc_mex:sfc_mex.obj
 0002:00001b08       __real@c0e0000000000000    0000000180015b08     sfc_mex:sfc_mex.obj
 0002:00001b10       __real@40dfffc000000000    0000000180015b10     sfc_mex:sfc_mex.obj
 0002:00001b18       __real@40efffe000000000    0000000180015b18     sfc_mex:sfc_mex.obj
 0002:00001b20       __real@c1e0000000000000    0000000180015b20     sfc_mex:sfc_mex.obj
 0002:00001b28       __real@41dfffffffc00000    0000000180015b28     sfc_mex:sfc_mex.obj
 0002:00001b30       __real@41efffffffe00000    0000000180015b30     sfc_mex:sfc_mex.obj
 0002:00001b38       ??_C@_0DO@JIJMNCAH@Class?5mismatch?5for?5variable?5?8?$CFs?8@ 0000000180015b38     sfc_mex:sfc_mex.obj
 0002:00001b78       ??_C@_03BBKEAIF@?$DP?$DP?$DP?$AA@ 0000000180015b78     sfc_mex:sfc_mex.obj
 0002:00001b80       ??_C@_0DE@HICLJLJO@Assignment?5of?5complex?5data?5to?5no@ 0000000180015b80     sfc_mex:sfc_mex.obj
 0002:00001bb8       ??_C@_0CF@NHFFCIEB@MATLAB?5function?5?8?$CFs?8?5returned?5NU@ 0000000180015bb8     sfc_mex:sfc_mex.obj
 0002:00001be0       ??_C@_0GP@JPKMBIEI@Array?5bounds?5error?5in?5MATLAB?5exp@ 0000000180015be0     sfc_mex:sfc_mex.obj
 0002:00001c50       ??_C@_0P@FLJFOPHI@pIndex?$FLi?$FN?5?$DO?$DN?50?$AA@ 0000000180015c50     sfc_mex:sfc_mex.obj
 0002:00001c60       ??_C@_0DI@IGEABFHB@MATLAB?5expression?5?8?$CFs?8?5has?5?$CFd?5di@ 0000000180015c60     sfc_mex:sfc_mex.obj
 0002:00001c98       ??_C@_0L@EFLJKPA@mxArrayPtr?$AA@ 0000000180015c98     sfc_mex:sfc_mex.obj
 0002:00001ca8       ??_C@_0CK@FHKKOEPH@numDims?5?$DO?$DN?50?5?$CG?$CG?5numDims?5?$DM?$DN?5MAX_D@ 0000000180015ca8     sfc_mex:sfc_mex.obj
 0002:00001ce0       ??_C@_0EM@MPIDLJBF@MATLAB?5expression?5?8?$CFs?8?5subscript@ 0000000180015ce0     sfc_mex:sfc_mex.obj
 0002:00001d2c       ??_C@_04IGKKBJEE@?$DN?$CFg?$DL?$AA@ 0000000180015d2c     sfc_mex:sfc_mex.obj
 0002:00001d34       ??_C@_01PKGAHCOL@?$CJ?$AA@ 0000000180015d34     sfc_mex:sfc_mex.obj
 0002:00001d38       ??_C@_03LEIBKMN@?0?$CFd?$AA@ 0000000180015d38     sfc_mex:sfc_mex.obj
 0002:00001d3c       ??_C@_03IECKINJK@?$CI?$CFd?$AA@ 0000000180015d3c     sfc_mex:sfc_mex.obj
 0002:00001d40       ??_C@_0FB@HKJNNBFK@Stateflow?5ml?5type?5data?5?8?$CFs?8?5subs@ 0000000180015d40     sfc_mex:sfc_mex.obj
 0002:00001d98       ??_C@_0CN@HPHHCDPK@Stateflow?5ml?5type?5data?5?8?$CFs?8?5is?5n@ 0000000180015d98     sfc_mex:sfc_mex.obj
 0002:00001dc8       ??_C@_0CG@JIOBALFE@Stateflow?5ml?5type?5data?5?8?$CFs?8?5is?5e@ 0000000180015dc8     sfc_mex:sfc_mex.obj
 0002:00001df0       ??_C@_0BD@GAHDCPBG@mxArrayPtr?5?$CB?$DN?5NULL?$AA@ 0000000180015df0     sfc_mex:sfc_mex.obj
 0002:00001e08       ??_C@_0CF@HCINMAFF@result?5?$DN?5mxCreateDoubleScalar?$CIva@ 0000000180015e08     sfc_mex:sfc_mex.obj
 0002:00001e30       ??_C@_0BF@GAJKLFOH@fixpt_lower_mx_array?$AA@ 0000000180015e30     sfc_mex:sfc_mex.obj
 0002:00001e48       ??_C@_02FINOOIBE@Cg?$AA@   0000000180015e48     sfc_mex:sfc_mex.obj
 0002:00001e50       ??_C@_09GIFEIFFL@sfprivate?$AA@ 0000000180015e50     sfc_mex:sfc_sf.obj
 0002:00001e60       ??_C@_0CC@JDELABLI@get_machine_and_chart_file_numbe@ 0000000180015e60     sfc_mex:sfc_sf.obj
 0002:00001e88       ??_C@_0BO@JCKKMPIB@get_sfun_block_specialization?$AA@ 0000000180015e88     sfc_mex:sfc_sf.obj
 0002:00001eb0       ??_C@_0FP@OGBKADON@The?5chart?5name?5?4?4?4?$CFs?5is?5not?5pres@ 0000000180015eb0     sfc_mex:sfc_sf.obj
 0002:00001f10       ??_C@_0FM@KEMGDKHM@The?5chart?5name?5?$CFs?5is?5not?5present@ 0000000180015f10     sfc_mex:sfc_sf.obj
 0002:00001f70       ??_C@_0BD@NMFAPBEK@mdlInitializeSizes?$AA@ 0000000180015f70     sfc_mex:sfc_sf.obj
 0002:00001f84       ??_C@_06EJFCAODB@sfc_sf?$AA@ 0000000180015f84     sfc_mex:sfc_sf.obj
 0002:00001f90       ??_C@_0BJ@PBIFPMMD@mdlInitializeSampleTimes?$AA@ 0000000180015f90     sfc_mex:sfc_sf.obj
 0002:00001fb0       ??_C@_0FI@CPPGBPPK@Stateflow?5Internal?5Error?3?5?6Error@ 0000000180015fb0     sfc_mex:sfc_sf.obj
 0002:00002008       ??_C@_0CN@GACCLMJH@preload_infomatman_for_rtw_optim@ 0000000180016008     sfc_mex:sfc_sf.obj
 0002:00002038       ??_C@_07CFINJGKH@Private?$AA@ 0000000180016038     sfc_mex:sfc_sf.obj
 0002:00002040       ??_C@_0EK@MLFDFPLJ@Stateflow?5Internal?5Error?3?5?6Inter@ 0000000180016040     sfc_mex:sfc_sf.obj
 0002:00002090       ??_C@_0BA@OAHFHIKJ@updateBuildInfo?$AA@ 0000000180016090     sfc_mex:sfc_sf.obj
 0002:000020a0       ??_C@_0BG@PNKGMGHF@rtw_optimization_info?$AA@ 00000001800160a0     sfc_mex:sfc_sf.obj
 0002:000020c0       ??_C@_0GC@KEKNFKIJ@Stateflow?5Internal?5Error?3?5?6rtw_o@ 00000001800160c0     sfc_mex:sfc_sf.obj
 0002:00002128       ??_C@_0BA@PHPHFLPF@chart_inlinable?$AA@ 0000000180016128     sfc_mex:sfc_sf.obj
 0002:00002140       ??_C@_0MB@KGDKCEKF@Stateflow?5Internal?5Error?3?5?6Numbe@ 0000000180016140     sfc_mex:sfc_sf.obj
 0002:00002210       ??_C@_0GN@DNCJEGHD@Stateflow?5Internal?5Error?3?5?6Error@ 0000000180016210     sfc_mex:sfc_sf.obj
 0002:00002280       ??_C@_0CA@GOKFFBBO@outputEventsWithMultipleCallers?$AA@ 0000000180016280     sfc_mex:sfc_sf.obj
 0002:000022a0       ??_C@_0LH@NDHODBLK@Stateflow?5Internal?5Error?3?5?6Numbe@ 00000001800162a0     sfc_mex:sfc_sf.obj
 0002:00002358       ??_C@_0BB@GEEDBOGK@reusable_outputs?$AA@ 0000000180016358     sfc_mex:sfc_sf.obj
 0002:00002370       ??_C@_0II@FEBCOBGA@Stateflow?5Internal?5Error?3?5?6Numbe@ 0000000180016370     sfc_mex:sfc_sf.obj
 0002:000023f8       ??_C@_0BG@HMMHPAKE@expressionable_inputs?$AA@ 00000001800163f8     sfc_mex:sfc_sf.obj
 0002:00002410       ??_C@_0BB@MBBOKNEL@listen_for_ctrlc?$AA@ 0000000180016410     sfc_mex:sfc_sf.obj
 0002:00002424       ??_C@_03LOANPFAI@mex?$AA@  0000000180016424     sfc_mex:sfc_sf.obj
 0002:00002428       ??_C@_07HLHKBCBI@sfdebug?$AA@ 0000000180016428     sfc_mex:sfc_sf.obj
 0002:00002430       ??_C@_07MFNNEMOJ@drawnow?$AA@ 0000000180016430     sfc_mex:sfc_sf.obj
 0002:00002438       __real@3fd3333333333333    0000000180016438     sfc_mex:sfc_sf.obj
 0002:00002440       ??_C@_0DG@OJBAPEMA@Internal?5Error?3?5paramsIndex?5?$DN?5?$CFd@ 0000000180016440     sfc_mex:sfc_sf.obj
 0002:00002480       ??_C@_0BAI@GPDPHGCD@Cannot?5broadcast?5function?5call?5o@ 0000000180016480     sfc_mex:sfc_sf.obj
 0002:00002590       ??_C@_0BBC@NGKHEJAF@Cannot?5enable?1disable?5function?5c@ 0000000180016590     sfc_mex:sfc_sf.obj
 0002:000026a8       ??_C@_08HDNBGBNP@bitWidth?$AA@ 00000001800166a8     sfc_mex:sfc_sf.obj
 0002:000026b8       ??_C@_0BG@MDDFDLDC@resolveToSignalObject?$AA@ 00000001800166b8     sfc_mex:sfc_sf.obj
 0002:000026d0       ??_C@_07KHBFOCMF@varName?$AA@ 00000001800166d0     sfc_mex:sfc_sf.obj
 0002:000026d8       ??_C@_09LHPHPAOE@isComplex?$AA@ 00000001800166d8     sfc_mex:sfc_sf.obj
 0002:000026e8       ??_C@_0CM@OAMAJMIG@Failed?5to?5register?5type?5?8?$CFs?8?5wit@ 00000001800166e8     sfc_mex:sfc_sf.obj
 0002:00002718       ??_C@_08MLIGMCAH@typeSize?$AA@ 0000000180016718     sfc_mex:sfc_sf.obj
 0002:00002724       ??_C@_05OOLPEHEB@void?$CK?$AA@ 0000000180016724     sfc_mex:sfc_sf.obj
 0002:00002730       ??_C@_0BI@OFLHAMB@vector_of_void_pointers?$AA@ 0000000180016730     sfc_mex:sfc_sf.obj
 0002:00002748       ??_C@_04NBAGBPGE@bias?$AA@ 0000000180016748     sfc_mex:sfc_sf.obj
 0002:00002750       ??_C@_08EGJNFMPO@exponent?$AA@ 0000000180016750     sfc_mex:sfc_sf.obj
 0002:0000275c       ??_C@_05LAHHKLJI@slope?$AA@ 000000018001675c     sfc_mex:sfc_sf.obj
 0002:00002768       ??_C@_0L@EMMELFNN@wordLength?$AA@ 0000000180016768     sfc_mex:sfc_sf.obj
 0002:00002778       ??_C@_08EJEJGLGA@isSigned?$AA@ 0000000180016778     sfc_mex:sfc_sf.obj
 0002:00002788       ??_C@_0P@MJIKALJF@isScaledDouble?$AA@ 0000000180016788     sfc_mex:sfc_sf.obj
 0002:00002798       ??_C@_05LFJLPLPG@fixpt?$AA@ 0000000180016798     sfc_mex:sfc_sf.obj
 0002:000027a0       ??_C@_07GOBOHMJA@boolean?$AA@ 00000001800167a0     sfc_mex:sfc_sf.obj
 0002:000027a8       ??_C@_04GPMDFGEJ@type?$AA@ 00000001800167a8     sfc_mex:sfc_sf.obj
 0002:000027b0       ??_C@_0O@EIPJLOAA@extModeUpload?$AA@ 00000001800167b0     sfc_mex:sfc_sf.obj
 0002:000027c0       __real@43e0000000000000    00000001800167c0     sfc_mex:sfc_sf.obj
 0002:000027c8       ??_C@_03PLHFFLIH@ptr?$AA@  00000001800167c8     sfc_mex:sfc_sf.obj
 0002:000027d0       ??_C@_0BC@HMCIKMPA@requiredStackSize?$AA@ 00000001800167d0     sfc_mex:sfc_sf.obj
 0002:000027e8       ??_C@_0CB@OCGIMAKA@RegisterMachineParentedDataDwork@ 00000001800167e8     sfc_mex:sfc_sf.obj
 0002:00002810       ??_C@_0BD@LFPAKDFC@machineDataVarInfo?$AA@ 0000000180016810     sfc_mex:sfc_sf.obj
 0002:00002828       ??_C@_09GAJBGLOB@dworkInfo?$AA@ 0000000180016828     sfc_mex:sfc_sf.obj
 0002:00002838       _pRawDllMain               0000000180016838     MSVCRT:crtdll.obj
 0002:00002838       _pDefaultRawDllMain        0000000180016838     MSVCRT:crtdll.obj
 0002:00002850       ?ProcessDetach@NativeDll@<CrtImplementationDetails>@@0IB 0000000180016850     MSVCRT:tncleanup.obj
 0002:00002854       ?ProcessAttach@NativeDll@<CrtImplementationDetails>@@0IB 0000000180016854     MSVCRT:tncleanup.obj
 0002:00002858       ?ThreadAttach@NativeDll@<CrtImplementationDetails>@@0IB 0000000180016858     MSVCRT:tncleanup.obj
 0002:0000285c       ?ThreadDetach@NativeDll@<CrtImplementationDetails>@@0IB 000000018001685c     MSVCRT:tncleanup.obj
 0002:00002860       ?ProcessVerifier@NativeDll@<CrtImplementationDetails>@@0IB 0000000180016860     MSVCRT:tncleanup.obj
 0002:00002868       __rtc_iaa                  0000000180016868     MSVCRT:_initsect_.obj
 0002:00002870       __rtc_izz                  0000000180016870     MSVCRT:_initsect_.obj
 0002:00002878       __rtc_taa                  0000000180016878     MSVCRT:_initsect_.obj
 0002:00002880       __rtc_tzz                  0000000180016880     MSVCRT:_initsect_.obj
 0002:00003b14       __IMPORT_DESCRIPTOR_libmx  0000000180017b14     libmx:libmx.dll
 0002:00003b28       __IMPORT_DESCRIPTOR_libmex 0000000180017b28     libmex:libmex.dll
 0002:00003b3c       __IMPORT_DESCRIPTOR_libfixedpoint 0000000180017b3c     libfixedpoint:libfixedpoint.dll
 0002:00003b50       __IMPORT_DESCRIPTOR_libut  0000000180017b50     libut:libut.dll
 0002:00003b64       __IMPORT_DESCRIPTOR_libemlrt 0000000180017b64     libemlrt:libemlrt.dll
 0002:00003b78       __IMPORT_DESCRIPTOR_MSVCR100 0000000180017b78     MSVCRT:MSVCR100.dll
 0002:00003b8c       __IMPORT_DESCRIPTOR_KERNEL32 0000000180017b8c     kernel32:KERNEL32.dll
 0002:00003ba0       __NULL_IMPORT_DESCRIPTOR   0000000180017ba0     libmx:libmx.dll
 0003:00000650       DYNAMIC_DIMENSION          0000000180019650     polaczenie_sfun_registry.obj
 0003:00001360       emlrtContextGlobal         000000018001a360     sfc_mex:sfc_mex.obj
 0003:000013a0       _fltused                   000000018001a3a0     MSVCRT:dllsupp.obj
 0003:000013a8       __security_cookie          000000018001a3a8     MSVCRT:gs_cookie.obj
 0003:000013b0       __security_cookie_complement 000000018001a3b0     MSVCRT:gs_cookie.obj
 0003:000013c0       __native_dllmain_reason    000000018001a3c0     MSVCRT:natstart.obj
 0003:000013c4       __native_vcclrit_reason    000000018001a3c4     MSVCRT:natstart.obj
 0003:000025e0       emlrtRootTLSGlobal         000000018001b5e0     sfc_mex:sfc_mex.obj
 0003:00002b70       ?__type_info_root_node@@3U__type_info_node@@A 000000018001bb70     MSVCRT:tncleanup.obj
 0003:00002b80       _sfTime_                   000000018001bb80     <common>
 0003:00002b88       __native_startup_state     000000018001bb88     <common>
 0003:00002b90       __native_startup_lock      000000018001bb90     <common>
 0003:00002b98       __onexitend                000000018001bb98     <common>
 0003:00002ba0       __onexitbegin              000000018001bba0     <common>
 0003:00002ba8       __dyn_tls_init_callback    000000018001bba8     <common>

 entry point at        0001:000127a4

 Static symbols

 0001:00000640       get_sim_state_c1_polaczenie 0000000180001640 f   c1_polaczenie.obj
 0001:00000830       sf_get_sim_state_info_c1_polaczenie 0000000180001830 f   c1_polaczenie.obj
 0001:00000a10       set_sim_state_c1_polaczenie 0000000180001a10 f   c1_polaczenie.obj
 0001:00000ad0       c1_emlrt_marshallIn        0000000180001ad0 f   c1_polaczenie.obj
 0001:00000b40       c1_b_emlrt_marshallIn      0000000180001b40 f   c1_polaczenie.obj
 0001:00000c40       c1_c_emlrt_marshallIn      0000000180001c40 f   c1_polaczenie.obj
 0001:00000ca0       c1_d_emlrt_marshallIn      0000000180001ca0 f   c1_polaczenie.obj
 0001:00000da0       mdlProcessParameters_c1_polaczenie 0000000180001da0 f   c1_polaczenie.obj
 0001:00000e60       initialize_params_c1_polaczenie 0000000180001e60 f   c1_polaczenie.obj
 0001:00000e70       mdlSetWorkWidths_c1_polaczenie 0000000180001e70 f   c1_polaczenie.obj
 0001:00001360       sf_get_instance_specialization 0000000180002360 f   c1_polaczenie.obj
 0001:00001370       mdlStart_c1_polaczenie     0000000180002370 f   c1_polaczenie.obj
 0001:00001560       init_dsm_address_info      0000000180002560 f   c1_polaczenie.obj
 0001:00001570       sf_opaque_initialize_c1_polaczenie 0000000180002570 f   c1_polaczenie.obj
 0001:000015a0       initialize_c1_polaczenie   00000001800025a0 f   c1_polaczenie.obj
 0001:000015e0       sf_opaque_enable_c1_polaczenie 00000001800025e0 f   c1_polaczenie.obj
 0001:00001600       enable_c1_polaczenie       0000000180002600 f   c1_polaczenie.obj
 0001:00001630       sf_opaque_disable_c1_polaczenie 0000000180002630 f   c1_polaczenie.obj
 0001:00001650       disable_c1_polaczenie      0000000180002650 f   c1_polaczenie.obj
 0001:00001680       sf_opaque_gateway_c1_polaczenie 0000000180002680 f   c1_polaczenie.obj
 0001:000016a0       sf_c1_polaczenie           00000001800026a0 f   c1_polaczenie.obj
 0001:000018f0       sf_opaque_get_sim_state_c1_polaczenie 00000001800028f0 f   c1_polaczenie.obj
 0001:00001910       sf_opaque_set_sim_state_c1_polaczenie 0000000180002910 f   c1_polaczenie.obj
 0001:00001940       sf_opaque_terminate_c1_polaczenie 0000000180002940 f   c1_polaczenie.obj
 0001:000019c0       finalize_c1_polaczenie     00000001800029c0 f   c1_polaczenie.obj
 0001:000019d0       sf_opaque_init_subchart_simstructs 00000001800029d0 f   c1_polaczenie.obj
 0001:000019f0       initSimStructsc1_polaczenie 00000001800029f0 f   c1_polaczenie.obj
 0001:00001a00       mdlRTW_c1_polaczenie       0000000180002a00 f   c1_polaczenie.obj
 0001:00003770       _ssFatalError              0000000180004770 f   polaczenie_sfun_registry.obj
 0001:00006820       ProcessMexSfunctionCmdLineCall 0000000180007820 f   polaczenie_sfun_registry.obj
 0001:00006910       mdlGetTimeOfNextVarHit     0000000180007910 f   polaczenie_sfun_registry.obj
 0001:00006960       _ProcessMexSfunctionCmdLineCall 0000000180007960 f   polaczenie_sfun_registry.obj
 0001:000070b0       _CreateSimStruct           00000001800080b0 f   polaczenie_sfun_registry.obj
 0001:00007240       _RegNumInputPortsCB        0000000180008240 f   polaczenie_sfun_registry.obj
 0001:000072c0       _RegNumOutputPortsCB       00000001800082c0 f   polaczenie_sfun_registry.obj
 0001:000073a0       sf_machine_load_sfunction_ptrs 00000001800083a0 f   polaczenie_sfun_registry.obj
 0001:00007db0       getThreadLocalStorage      0000000180008db0 f   sfc_mex:sfc_mex.obj
 0001:00007df0       releaseThreadLocalStorage  0000000180008df0 f   sfc_mex:sfc_mex.obj
 0001:00007e00       SNPRINTF_WRAPPER           0000000180008e00 f   sfc_mex:sfc_mex.obj
 0001:00007e20       convert_dims_to_string     0000000180008e20 f   sfc_mex:sfc_mex.obj
 0001:00008040       is_real_T_equal_to_double  0000000180009040 f   sfc_mex:sfc_mex.obj
 0001:00008060       is_real32_T_equal_to_double 0000000180009060 f   sfc_mex:sfc_mex.obj
 0001:00008070       is_mxLogical_equal_to_double 0000000180009070 f   sfc_mex:sfc_mex.obj
 0001:00008090       is_int8_T_equal_to_double  0000000180009090 f   sfc_mex:sfc_mex.obj
 0001:000080b0       is_uint8_T_equal_to_double 00000001800090b0 f   sfc_mex:sfc_mex.obj
 0001:000080d0       is_int16_T_equal_to_double 00000001800090d0 f   sfc_mex:sfc_mex.obj
 0001:000080f0       is_uint16_T_equal_to_double 00000001800090f0 f   sfc_mex:sfc_mex.obj
 0001:00008110       is_int32_T_equal_to_double 0000000180009110 f   sfc_mex:sfc_mex.obj
 0001:00008130       is_uint32_T_equal_to_double 0000000180009130 f   sfc_mex:sfc_mex.obj
 0001:00008150       is_char_T_equal_to_double  0000000180009150 f   sfc_mex:sfc_mex.obj
 0001:00008170       sf_zero_numeric_value      0000000180009170 f   sfc_mex:sfc_mex.obj
 0001:000081a0       sf_error_append_debugger_context_if_available 00000001800091a0 f   sfc_mex:sfc_mex.obj
 0001:00008280       sf_mex_get_error_message_for_write 0000000180009280 f   sfc_mex:sfc_mex.obj
 0001:000082b0       replace_single_quotes_by_doubled_quotes 00000001800092b0 f   sfc_mex:sfc_mex.obj
 0001:000084f0       sf_mex_get_formatted_error_string 00000001800094f0 f   sfc_mex:sfc_mex.obj
 0001:00008a60       sf_mex_destroy_array       0000000180009a60 f   sfc_mex:sfc_mex.obj
 0001:00008df0       sfrtAddSize                0000000180009df0 f   sfc_mex:sfc_mex.obj
 0001:00008eb0       sfrtGenSizeString          0000000180009eb0 f   sfc_mex:sfc_mex.obj
 0001:00008f90       sfIsProperVector           0000000180009f90 f   sfc_mex:sfc_mex.obj
 0001:00008fc0       sfIsRowVector              0000000180009fc0 f   sfc_mex:sfc_mex.obj
 0001:00009100       sf_ExtractMessageId        000000018000a100 f   sfc_mex:sfc_mex.obj
 0001:000093f0       sf_mex_err                 000000018000a3f0 f   sfc_mex:sfc_mex.obj
 0001:000094a0       sf_error_dimension_out_of_bound 000000018000a4a0 f   sfc_mex:sfc_mex.obj
 0001:00009560       sf_mex_check_and_set_actual_dimensions 000000018000a560 f   sfc_mex:sfc_mex.obj
 0001:00009740       sf_mex_check_complex       000000018000a740 f   sfc_mex:sfc_mex.obj
 0001:000097d0       sf_mex_check_sparse        000000018000a7d0 f   sfc_mex:sfc_mex.obj
 0001:00009830       sf_mex_check_numerictype   000000018000a830 f   sfc_mex:sfc_mex.obj
 0001:000099c0       sf_mex_check_fimath        000000018000a9c0 f   sfc_mex:sfc_mex.obj
 0001:0000a520       size_mismatch_error        000000018000b520 f   sfc_mex:sfc_mex.obj
 0001:0000af90       check_array_dimensions     000000018000bf90 f   sfc_mex:sfc_mex.obj
 0001:0000b000       check_input_mxarray        000000018000c000 f   sfc_mex:sfc_mex.obj
 0001:0000b740       sf_numeric_value_to_double 000000018000c740 f   sfc_mex:sfc_mex.obj
 0001:0000b790       ml_generic_out_of_bounds_check 000000018000c790 f   sfc_mex:sfc_mex.obj
 0001:0000b950       ml_get_element_value_from_array 000000018000c950 f   sfc_mex:sfc_mex.obj
 0001:0000bcf0       _ml_generic_castability_check 000000018000ccf0 f   sfc_mex:sfc_mex.obj
 0001:0000c440       ml_generic_castability_check 000000018000d440 f   sfc_mex:sfc_mex.obj
 0001:0000c4e0       ml_check_mx_array_for_single_castability 000000018000d4e0 f   sfc_mex:sfc_mex.obj
 0001:0000c580       ml_check_mx_array_for_logical_castability 000000018000d580 f   sfc_mex:sfc_mex.obj
 0001:0000c620       ml_check_mx_array_for_int8_castability 000000018000d620 f   sfc_mex:sfc_mex.obj
 0001:0000c6d0       ml_check_mx_array_for_uint8_castability 000000018000d6d0 f   sfc_mex:sfc_mex.obj
 0001:0000c730       ml_check_mx_array_for_int16_castability 000000018000d730 f   sfc_mex:sfc_mex.obj
 0001:0000c790       ml_check_mx_array_for_uint16_castability 000000018000d790 f   sfc_mex:sfc_mex.obj
 0001:0000c7f0       ml_check_mx_array_for_int32_castability 000000018000d7f0 f   sfc_mex:sfc_mex.obj
 0001:0000c850       ml_check_mx_array_for_uint32_castability 000000018000d850 f   sfc_mex:sfc_mex.obj
 0001:0000c8b0       ml_check_mx_array_for_castability 000000018000d8b0 f   sfc_mex:sfc_mex.obj
 0001:0000d0d0       set_data_value             000000018000e0d0 f   sfc_mex:sfc_mex.obj
 0001:0000d440       get_data_value             000000018000e440 f   sfc_mex:sfc_mex.obj
 0001:0000d550       get_next_element_address   000000018000e550 f   sfc_mex:sfc_mex.obj
 0001:0000d620       sf_normalize_index         000000018000e620 f   sfc_mex:sfc_mex.obj
 0001:0000d9d0       ml_array_index_bound_check 000000018000e9d0 f   sfc_mex:sfc_mex.obj
 0001:0000e550       mx_value                   000000018000f550 f   sfc_mex:sfc_mex.obj
 0001:0000e5a0       sf_create_numeric_array    000000018000f5a0 f   sfc_mex:sfc_mex.obj
 0001:0000e640       sf_mex_assign_to_mx_array  000000018000f640 f   sfc_mex:sfc_mex.obj
 0001:0000e9b0       assign_from_mx_array       000000018000f9b0 f   sfc_mex:sfc_mex.obj
 0001:0000f110       sf_mex_import_v            0000000180010110 f   sfc_mex:sfc_mex.obj
 0001:0000f820       get_machine_and_chart_file_number 0000000180010820 f   sfc_mex:sfc_sf.obj
 0001:0000f910       get_sfun_block_specialization 0000000180010910 f   sfc_mex:sfc_sf.obj
 0001:0000f9c0       call_sf_machine_global_method_dispatcher 00000001800109c0 f   sfc_mex:sfc_sf.obj
 0001:0000fc10       mdl_zeroCrossings_processing 0000000180010c10 f   sfc_mex:sfc_sf.obj
 0001:0000fcf0       mdl_derivatives_processing 0000000180010cf0 f   sfc_mex:sfc_sf.obj
 0001:0000ffd0       mdl_outputs_continuous_legacy 0000000180010fd0 f   sfc_mex:sfc_sf.obj
 0001:00010050       mdl_outputs_processing     0000000180011050 f   sfc_mex:sfc_sf.obj
 0001:000102c0       mdl_enable_processing      00000001800112c0 f   sfc_mex:sfc_sf.obj
 0001:000103a0       mdl_disable_processing     00000001800113a0 f   sfc_mex:sfc_sf.obj
 0001:00011230       sf_call_output_fcn_enable_disable 0000000180012230 f   sfc_mex:sfc_sf.obj
 0001:000114b0       set_dwork_information_from_mx_array 00000001800124b0 f   sfc_mex:sfc_sf.obj
 0001:00011da0       ptr2mxStruct               0000000180012da0 f   sfc_mex:sfc_sf.obj
 0001:000123ac       pre_c_init                 00000001800133ac f   MSVCRT:crtdll.obj
 0001:00012668       __DllMainCRTStartup        0000000180013668 f   MSVCRT:crtdll.obj
 0001:00012d60       __DllMainCRTStartup$filt$0 0000000180013d60 f   MSVCRT:crtdll.obj
 0001:00012d90       __DllMainCRTStartup$fin$1  0000000180013d90 f   MSVCRT:crtdll.obj
 0001:00012daa       _onexit$fin$0              0000000180013daa f   MSVCRT:atonexit.obj
 0001:00012dd0       _IsNonwritableInCurrentImage$filt$0 0000000180013dd0 f   MSVCRT:pesect.obj
