 obliczeniaOffline6_sfun

 Timestamp is 5470aa48 (Sat Nov 22 16:22:48 2014)

 Preferred load address is 0000000180000000

 Start         Length     Name                   Class
 0001:00000000 00014094H .text                   CODE
 0001:000140a0 00000092H .text$x                 CODE
 0002:00000000 00000478H .idata$5                DATA
 0002:00000478 00000008H .CRT$XCA                DATA
 0002:00000480 00000008H .CRT$XCZ                DATA
 0002:00000488 00000008H .CRT$XIA                DATA
 0002:00000490 00000008H .CRT$XIAA               DATA
 0002:00000498 00000008H .CRT$XIZ                DATA
 0002:000004a0 00002404H .rdata                  DATA
 0002:000028a8 00000008H .rtc$IAA                DATA
 0002:000028b0 00000008H .rtc$IZZ                DATA
 0002:000028b8 00000008H .rtc$TAA                DATA
 0002:000028c0 00000008H .rtc$TZZ                DATA
 0002:000028c8 000012b4H .xdata                  DATA
 0002:00003b7c 000000a0H .idata$2                DATA
 0002:00003c1c 00000014H .idata$3                DATA
 0002:00003c30 00000478H .idata$4                DATA
 0002:000040a8 00000a90H .idata$6                DATA
 0002:00004b40 0000005dH .edata                  DATA
 0003:00000000 00002128H .data                   DATA
 0003:00002130 000017f0H .bss                    DATA
 0004:00000000 00000f6cH .pdata                  DATA

  Address         Publics by Value              Rva+Base               Lib:Object

 0000:00000000       ___safe_se_handler_count   0000000000000000     <absolute>
 0000:00000000       ___safe_se_handler_table   0000000000000000     <absolute>
 0000:00000000       __ImageBase                0000000180000000     <linker-defined>
 0001:00000000       sf_c3_obliczeniaOffline6_get_eml_resolved_functions_info 0000000180001000 f   c3_obliczeniaOffline6.obj
 0001:00001020       sf_c3_obliczeniaOffline6_get_check_sum 0000000180002020 f   c3_obliczeniaOffline6.obj
 0001:000010a0       sf_c3_obliczeniaOffline6_get_autoinheritance_info 00000001800020a0 f   c3_obliczeniaOffline6.obj
 0001:000014c0       sf_c3_obliczeniaOffline6_third_party_uses_info 00000001800024c0 f   c3_obliczeniaOffline6.obj
 0001:000014f0       sf_internal_get_sim_state_c3_obliczeniaOffline6 00000001800024f0 f   c3_obliczeniaOffline6.obj
 0001:00001890       sf_internal_set_sim_state_c3_obliczeniaOffline6 0000000180002890 f   c3_obliczeniaOffline6.obj
 0001:00001cc0       c3_obliczeniaOffline6_method_dispatcher 0000000180002cc0 f   c3_obliczeniaOffline6.obj
 0001:00002d70       sf_process_check_sum_call  0000000180003d70 f   obliczeniaOffline6_sfun_registry.obj
 0001:00002dc0       sf_process_autoinheritance_call 0000000180003dc0 f   obliczeniaOffline6_sfun_registry.obj
 0001:00002f60       sf_process_get_third_party_uses_info_call 0000000180003f60 f   obliczeniaOffline6_sfun_registry.obj
 0001:00003100       sf_process_get_eml_resolved_functions_info_call 0000000180004100 f   obliczeniaOffline6_sfun_registry.obj
 0001:00003280       sf_mex_unlock_call         0000000180004280 f   obliczeniaOffline6_sfun_registry.obj
 0001:00003330       sf_machine_global_initializer_called 0000000180004330 f   obliczeniaOffline6_sfun_registry.obj
 0001:00003360       sf_machine_global_method_dispatcher 0000000180004360 f   obliczeniaOffline6_sfun_registry.obj
 0001:000033c0       sf_machine_global_terminator 00000001800043c0 f   obliczeniaOffline6_sfun_registry.obj
 0001:000033f0       sf_register_machine_exported_symbols 00000001800043f0 f   obliczeniaOffline6_sfun_registry.obj
 0001:00003410       callCustomFcn              0000000180004410 f   obliczeniaOffline6_sfun_registry.obj
 0001:00003420       sf_machine_global_initializer 0000000180004420 f   obliczeniaOffline6_sfun_registry.obj
 0001:00003480       _ssSetStateAbsTol          0000000180004480 f   obliczeniaOffline6_sfun_registry.obj
 0001:00003560       _ssGetAbsTol               0000000180004560 f   obliczeniaOffline6_sfun_registry.obj
 0001:000035d0       _ssSetInputPortMatrixDimensions 00000001800045d0 f   obliczeniaOffline6_sfun_registry.obj
 0001:000036e0       _ssSetOutputPortMatrixDimensions 00000001800046e0 f   obliczeniaOffline6_sfun_registry.obj
 0001:000037f0       _ssSetInputPortVectorDimension 00000001800047f0 f   obliczeniaOffline6_sfun_registry.obj
 0001:000038c0       _ssSetOutputPortVectorDimension 00000001800048c0 f   obliczeniaOffline6_sfun_registry.obj
 0001:00003990       ssIsRunTimeParamTunable    0000000180004990 f   obliczeniaOffline6_sfun_registry.obj
 0001:00003a00       ssGetSFuncBlockHandle      0000000180004a00 f   obliczeniaOffline6_sfun_registry.obj
 0001:00003a70       _ssGetCurrentInputPortWidth 0000000180004a70 f   obliczeniaOffline6_sfun_registry.obj
 0001:00003b90       _ssGetCurrentOutputPortWidth 0000000180004b90 f   obliczeniaOffline6_sfun_registry.obj
 0001:00003cb0       _ssGetCallSystemNumFcnCallDestinations 0000000180004cb0 f   obliczeniaOffline6_sfun_registry.obj
 0001:00003d20       ssWarning                  0000000180004d20 f   obliczeniaOffline6_sfun_registry.obj
 0001:00003e30       ssGetIsZeroCrossControlDisabled 0000000180004e30 f   obliczeniaOffline6_sfun_registry.obj
 0001:00003ea0       ssSetIsInputPortUsedForContZcSignal 0000000180004ea0 f   obliczeniaOffline6_sfun_registry.obj
 0001:00003f10       ssSetZcSignalIsZcElementDisc 0000000180004f10 f   obliczeniaOffline6_sfun_registry.obj
 0001:00003fc0       ssSetZcSignalName          0000000180004fc0 f   obliczeniaOffline6_sfun_registry.obj
 0001:00004030       ssSetZcSignalWidth         0000000180005030 f   obliczeniaOffline6_sfun_registry.obj
 0001:000040a0       ssSetZcSignalZcEventType   00000001800050a0 f   obliczeniaOffline6_sfun_registry.obj
 0001:00004110       ssSetZcSignalType          0000000180005110 f   obliczeniaOffline6_sfun_registry.obj
 0001:00004180       ssSetZcSignalZcTol         0000000180005180 f   obliczeniaOffline6_sfun_registry.obj
 0001:000041f0       ssSetZcSignalNeedsEventNotification 00000001800051f0 f   obliczeniaOffline6_sfun_registry.obj
 0001:00004260       ssCreateAndAddZcSignalInfo 0000000180005260 f   obliczeniaOffline6_sfun_registry.obj
 0001:000042d0       ssCloneAndAddZcSignalInfo  00000001800052d0 f   obliczeniaOffline6_sfun_registry.obj
 0001:00004340       ssGetNumZcSignals          0000000180005340 f   obliczeniaOffline6_sfun_registry.obj
 0001:000043b0       ssGetZcSignalVector        00000001800053b0 f   obliczeniaOffline6_sfun_registry.obj
 0001:00004420       ssGetZcSignalZcEvents      0000000180005420 f   obliczeniaOffline6_sfun_registry.obj
 0001:00004490       ssGetZcSignalName          0000000180005490 f   obliczeniaOffline6_sfun_registry.obj
 0001:00004500       ssGetZcSignalWidth         0000000180005500 f   obliczeniaOffline6_sfun_registry.obj
 0001:00004570       ssGetZcSignalZcEventType   0000000180005570 f   obliczeniaOffline6_sfun_registry.obj
 0001:000045e0       ssGetZcSignalType          00000001800055e0 f   obliczeniaOffline6_sfun_registry.obj
 0001:00004650       ssGetZcSignalZcTol         0000000180005650 f   obliczeniaOffline6_sfun_registry.obj
 0001:000046d0       ssGetZcSignalNeedsEventNotification 00000001800056d0 f   obliczeniaOffline6_sfun_registry.obj
 0001:00004740       ssGetZcSignalIsZcElementDisc 0000000180005740 f   obliczeniaOffline6_sfun_registry.obj
 0001:000047e0       ssGetIsInputPortElementContinuous 00000001800057e0 f   obliczeniaOffline6_sfun_registry.obj
 0001:00004880       _ssGetInputPortSignalPtrsFcn 0000000180005880 f   obliczeniaOffline6_sfun_registry.obj
 0001:00004b40       _ssGetInputPortSignalFcn   0000000180005b40 f   obliczeniaOffline6_sfun_registry.obj
 0001:00004d60       _ssSetInputPortDirectFeedThroughFcn 0000000180005d60 f   obliczeniaOffline6_sfun_registry.obj
 0001:00004ec0       _ssSetInputPortReusableFcn 0000000180005ec0 f   obliczeniaOffline6_sfun_registry.obj
 0001:00004fb0       _ssSetOutputPortReusableFcn 0000000180005fb0 f   obliczeniaOffline6_sfun_registry.obj
 0001:00005090       ssGetDTypeIdFromMxArray    0000000180006090 f   obliczeniaOffline6_sfun_registry.obj
 0001:000051b0       ssWriteRTWStr              00000001800061b0 f   obliczeniaOffline6_sfun_registry.obj
 0001:00005210       ssWriteRTWMxVectParam      0000000180006210 f   obliczeniaOffline6_sfun_registry.obj
 0001:00005270       ssWriteRTWMx2dMatParam     0000000180006270 f   obliczeniaOffline6_sfun_registry.obj
 0001:000052f0       ssWriteRTWNameValuePair    00000001800062f0 f   obliczeniaOffline6_sfun_registry.obj
 0001:000057e0       ssWriteRTWParameters       00000001800067e0 f   obliczeniaOffline6_sfun_registry.obj
 0001:00005de0       ssWriteRTWParamSettings    0000000180006de0 f   obliczeniaOffline6_sfun_registry.obj
 0001:000064b0       ssWriteRTWWorkVect         00000001800074b0 f   obliczeniaOffline6_sfun_registry.obj
 0001:000069b0       mexFunction                00000001800079b0 f   obliczeniaOffline6_sfun_registry.obj
 0001:00008670       ProcessMexSfunctionEveryCall 0000000180009670 f   obliczeniaOffline6_sfun_registry.obj
 0001:000087e0       obliczeniaOffline6_initializer 00000001800097e0 f   obliczeniaOffline6_sfun.obj
 0001:000087f0       obliczeniaOffline6_terminator 00000001800097f0 f   obliczeniaOffline6_sfun.obj
 0001:00008800       sf_obliczeniaOffline6_method_dispatcher 0000000180009800 f   obliczeniaOffline6_sfun.obj
 0001:00008850       sf_obliczeniaOffline6_process_check_sum_call 0000000180009850 f   obliczeniaOffline6_sfun.obj
 0001:00008c60       sf_obliczeniaOffline6_autoinheritance_info 0000000180009c60 f   obliczeniaOffline6_sfun.obj
 0001:00008dd0       sf_obliczeniaOffline6_get_eml_resolved_functions_info 0000000180009dd0 f   obliczeniaOffline6_sfun.obj
 0001:00008f00       sf_obliczeniaOffline6_third_party_uses_info 0000000180009f00 f   obliczeniaOffline6_sfun.obj
 0001:00009050       obliczeniaOffline6_register_exported_symbols 000000018000a050 f   obliczeniaOffline6_sfun.obj
 0001:00009060       load_obliczeniaOffline6_optimization_info 000000018000a060 f   obliczeniaOffline6_sfun.obj
 0001:000090b0       unload_obliczeniaOffline6_optimization_info 000000018000a0b0 f   obliczeniaOffline6_sfun.obj
 0001:000091d0       sf_mex_mx_is_numeric       000000018000a1d0 f   sfc_mex:sfc_mex.obj
 0001:00009210       strcmp_ignore_ws           000000018000a210 f   sfc_mex:sfc_mex.obj
 0001:00009350       sf_mex_duplicatearraysafe  000000018000a350 f   sfc_mex:sfc_mex.obj
 0001:000094b0       sf_set_error_debugger_context_message_fcn 000000018000a4b0 f   sfc_mex:sfc_mex.obj
 0001:000094c0       sf_set_debugger_matlab_error_fcn 000000018000a4c0 f   sfc_mex:sfc_mex.obj
 0001:00009500       sf_set_error_prefix_string 000000018000a500 f   sfc_mex:sfc_mex.obj
 0001:00009530       sf_get_error_prefix_string 000000018000a530 f   sfc_mex:sfc_mex.obj
 0001:00009540       sf_mex_enter_parallel_region 000000018000a540 f   sfc_mex:sfc_mex.obj
 0001:00009550       sf_mex_exit_parallel_region 000000018000a550 f   sfc_mex:sfc_mex.obj
 0001:00009560       sf_get_current_jmp_buf_ptr 000000018000a560 f   sfc_mex:sfc_mex.obj
 0001:00009570       sf_set_current_jmp_buf_ptr 000000018000a570 f   sfc_mex:sfc_mex.obj
 0001:00009580       sf_mex_set_halt_simulation 000000018000a580 f   sfc_mex:sfc_mex.obj
 0001:00009590       sf_mex_get_halt_simulation 000000018000a590 f   sfc_mex:sfc_mex.obj
 0001:000095a0       sf_mex_clear_error_message 000000018000a5a0 f   sfc_mex:sfc_mex.obj
 0001:000095c0       sf_mex_get_error_message_for_read 000000018000a5c0 f   sfc_mex:sfc_mex.obj
 0001:000095d0       sf_mex_get_error_message_buffer_length 000000018000a5d0 f   sfc_mex:sfc_mex.obj
 0001:000096b0       sf_mex_warning_message     000000018000a6b0 f   sfc_mex:sfc_mex.obj
 0001:00009720       sf_mex_v_errbuf_createf    000000018000a720 f   sfc_mex:sfc_mex.obj
 0001:00009730       sf_mex_errbuf_createf      000000018000a730 f   sfc_mex:sfc_mex.obj
 0001:00009760       sf_mex_v_errbuf_catf       000000018000a760 f   sfc_mex:sfc_mex.obj
 0001:000097a0       sf_mex_errbuf_catf         000000018000a7a0 f   sfc_mex:sfc_mex.obj
 0001:000097f0       sf_mex_errbuf_copy         000000018000a7f0 f   sfc_mex:sfc_mex.obj
 0001:00009800       sf_mex_errbuf_clear        000000018000a800 f   sfc_mex:sfc_mex.obj
 0001:00009810       sf_mex_errbuf_isempty      000000018000a810 f   sfc_mex:sfc_mex.obj
 0001:00009910       sf_mex_set_error_status    000000018000a910 f   sfc_mex:sfc_mex.obj
 0001:00009960       sf_mex_error_direct_call   000000018000a960 f   sfc_mex:sfc_mex.obj
 0001:00009980       sf_mex_error_message_no_long_jump 000000018000a980 f   sfc_mex:sfc_mex.obj
 0001:000099a0       sf_mex_long_jump_on_error  000000018000a9a0 f   sfc_mex:sfc_mex.obj
 0001:000099d0       sf_mex_call_matlab         000000018000a9d0 f   sfc_mex:sfc_mex.obj
 0001:00009af0       sf_mex_check_builtin       000000018000aaf0 f   sfc_mex:sfc_mex.obj
 0001:00009b90       sf_mex_check_builtin_vs    000000018000ab90 f   sfc_mex:sfc_mex.obj
 0001:00009c50       sf_mex_check_enum          000000018000ac50 f   sfc_mex:sfc_mex.obj
 0001:00009cd0       sf_mex_create_enum         000000018000acd0 f   sfc_mex:sfc_mex.obj
 0001:00009d40       sf_mex_get_enum_element    000000018000ad40 f   sfc_mex:sfc_mex.obj
 0001:00009d50       sf_mex_createcellarray     000000018000ad50 f   sfc_mex:sfc_mex.obj
 0001:00009d60       sf_mex_setcell             000000018000ad60 f   sfc_mex:sfc_mex.obj
 0001:00009d70       sf_mex_getcell             000000018000ad70 f   sfc_mex:sfc_mex.obj
 0001:00009d80       sf_mex_dup                 000000018000ad80 f   sfc_mex:sfc_mex.obj
 0001:00009da0       sf_mex_assign              000000018000ada0 f   sfc_mex:sfc_mex.obj
 0001:00009e20       sf_mex_destroy             000000018000ae20 f   sfc_mex:sfc_mex.obj
 0001:00009e50       mx_array_has_fi_type       000000018000ae50 f   sfc_mex:sfc_mex.obj
 0001:00009e80       sf_mex_convert_from_fi     000000018000ae80 f   sfc_mex:sfc_mex.obj
 0001:00009fb0       sf_mex_convert_to_double   000000018000afb0 f   sfc_mex:sfc_mex.obj
 0001:0000a0d0       sf_mex_import_fi_vs        000000018000b0d0 f   sfc_mex:sfc_mex.obj
 0001:0000a300       sf_matrix_matrix_index_ok  000000018000b300 f   sfc_mex:sfc_mex.obj
 0001:0000a390       sf_vector_vector_index_ok  000000018000b390 f   sfc_mex:sfc_mex.obj
 0001:0000a3c0       ssGetCurrentInputPortDimensions_wrapper 000000018000b3c0 f   sfc_mex:sfc_mex.obj
 0001:0000a3e0       ssGetCurrentOutputPortDimensions_wrapper 000000018000b3e0 f   sfc_mex:sfc_mex.obj
 0001:0000a400       sf_mex_emlrt_context_is_debug_mode 000000018000b400 f   sfc_mex:sfc_mex.obj
 0001:0000a410       sf_mex_emlrt_context_set_debug_mode 000000018000b410 f   sfc_mex:sfc_mex.obj
 0001:0000a420       sf_mex_emlrtNameCapturePostProcessR2012a 000000018000b420 f   sfc_mex:sfc_mex.obj
 0001:0000a490       sf_clear_error_manager_info 000000018000b490 f   sfc_mex:sfc_mex.obj
 0001:0000a4f0       sf_mex_stop_simulation_abruptly_wo_error 000000018000b4f0 f   sfc_mex:sfc_mex.obj
 0001:0000a530       sf_mex_error_message       000000018000b530 f   sfc_mex:sfc_mex.obj
 0001:0000a5a0       sf_react_to_error_in_matlab_call 000000018000b5a0 f   sfc_mex:sfc_mex.obj
 0001:0000a5d0       sf_mex_addfield            000000018000b5d0 f   sfc_mex:sfc_mex.obj
 0001:0000a670       sf_mex_getfield            000000018000b670 f   sfc_mex:sfc_mex.obj
 0001:0000a970       sf_mex_check_class         000000018000b970 f   sfc_mex:sfc_mex.obj
 0001:0000aa10       sf_mex_is_real             000000018000ba10 f   sfc_mex:sfc_mex.obj
 0001:0000ae80       sf_mex_decode_encoded_mx_struct_array 000000018000be80 f   sfc_mex:sfc_mex.obj
 0001:0000b170       sf_mex_lw_bounds_check     000000018000c170 f   sfc_mex:sfc_mex.obj
 0001:0000b1a0       sf_mex_lw_size_eq_check_1d 000000018000c1a0 f   sfc_mex:sfc_mex.obj
 0001:0000b1c0       sf_mex_lw_size_eq_check_nd 000000018000c1c0 f   sfc_mex:sfc_mex.obj
 0001:0000b3a0       sf_mex_lw_dim_size_eq_check 000000018000c3a0 f   sfc_mex:sfc_mex.obj
 0001:0000b3d0       sf_mex_lw_dim_size_geq_check 000000018000c3d0 f   sfc_mex:sfc_mex.obj
 0001:0000b400       sf_mex_lw_sub_assign_size_check_nd 000000018000c400 f   sfc_mex:sfc_mex.obj
 0001:0000b5d0       sf_mex_lw_runtime_error_msgid 000000018000c5d0 f   sfc_mex:sfc_mex.obj
 0001:0000b6c0       sf_mex_lw_matrix_matrix_index_check 000000018000c6c0 f   sfc_mex:sfc_mex.obj
 0001:0000b6e0       sf_mex_lw_vector_vector_index_check 000000018000c6e0 f   sfc_mex:sfc_mex.obj
 0001:0000b720       sf_mex_lw_for_loop_vector_check 000000018000c720 f   sfc_mex:sfc_mex.obj
 0001:0000b7b0       sf_mex_lw_non_negative_check 000000018000c7b0 f   sfc_mex:sfc_mex.obj
 0001:0000b7f0       sf_mex_overflow_error      000000018000c7f0 f   sfc_mex:sfc_mex.obj
 0001:0000b800       sf_mex_dividebyzero_error  000000018000c800 f   sfc_mex:sfc_mex.obj
 0001:0000b810       sf_mex_unsafe_enum_error   000000018000c810 f   sfc_mex:sfc_mex.obj
 0001:0000b820       sf_emlrtErrHandler         000000018000c820 f   sfc_mex:sfc_mex.obj
 0001:0000b900       sf_mex_size_one_check      000000018000c900 f   sfc_mex:sfc_mex.obj
 0001:0000b920       sf_mex_printf              000000018000c920 f   sfc_mex:sfc_mex.obj
 0001:0000baf0       sf_mex_check_size          000000018000caf0 f   sfc_mex:sfc_mex.obj
 0001:0000bd90       sf_mex_check_struct        000000018000cd90 f   sfc_mex:sfc_mex.obj
 0001:0000bff0       sf_mex_check_struct_vs     000000018000cff0 f   sfc_mex:sfc_mex.obj
 0001:0000c080       sf_mex_check_fi            000000018000d080 f   sfc_mex:sfc_mex.obj
 0001:0000c180       sf_mex_check_fi_vs         000000018000d180 f   sfc_mex:sfc_mex.obj
 0001:0000c220       sf_echo_expression         000000018000d220 f   sfc_mex:sfc_mex.obj
 0001:0000c280       sf_assertion_failed        000000018000d280 f   sfc_mex:sfc_mex.obj
 0001:0000c560       sf_mex_evalin              000000018000d560 f   sfc_mex:sfc_mex.obj
 0001:0000c7d0       sf_mex_export              000000018000d7d0 f   sfc_mex:sfc_mex.obj
 0001:0000c890       sf_mex_get_ml_var_no_error 000000018000d890 f   sfc_mex:sfc_mex.obj
 0001:0000ca30       sf_mex_get_ml_var          000000018000da30 f   sfc_mex:sfc_mex.obj
 0001:0000cec0       ml_set_element_value_in_array 000000018000dec0 f   sfc_mex:sfc_mex.obj
 0001:0000df80       sf_mex_call_impl           000000018000ef80 f   sfc_mex:sfc_mex.obj
 0001:0000e3a0       sf_mex_call_debug          000000018000f3a0 f   sfc_mex:sfc_mex.obj
 0001:0000e3d0       sf_mex_call                000000018000f3d0 f   sfc_mex:sfc_mex.obj
 0001:0000ea20       sf_mex_createstruct        000000018000fa20 f   sfc_mex:sfc_mex.obj
 0001:0000eb30       sf_mex_createstructarray   000000018000fb30 f   sfc_mex:sfc_mex.obj
 0001:0000ebb0       sf_mex_get_mx_datatype_from_sf_datatype 000000018000fbb0 f   sfc_mex:sfc_mex.obj
 0001:0000eec0       sf_mex_ml_var_sub          000000018000fec0 f   sfc_mex:sfc_mex.obj
 0001:0000f0a0       sf_mex_ml_var_subsasgn     00000001800100a0 f   sfc_mex:sfc_mex.obj
 0001:0000f4a0       sf_mex_sub                 00000001800104a0 f   sfc_mex:sfc_mex.obj
 0001:0000f6b0       sf_mex_subsasgn            00000001800106b0 f   sfc_mex:sfc_mex.obj
 0001:0000fbc0       sf_mex_create              0000000180010bc0 f   sfc_mex:sfc_mex.obj
 0001:00010560       sf_mex_import_named        0000000180011560 f   sfc_mex:sfc_mex.obj
 0001:000105c0       sf_mex_import              00000001800115c0 f   sfc_mex:sfc_mex.obj
 0001:00010610       sf_mex_import_vs           0000000180011610 f   sfc_mex:sfc_mex.obj
 0001:00010720       sf_mex_lower_fixpt_mx_array 0000000180011720 f   sfc_mex:sfc_mex.obj
 0001:00010a20       sf_send_message_wrapper    0000000180011a20 f   sfc_mex:sfc_sf.obj
 0001:00010a50       sf_receive_message_wrapper 0000000180011a50 f   sfc_mex:sfc_sf.obj
 0001:00010a90       sf_check_out_message_wrapper 0000000180011a90 f   sfc_mex:sfc_sf.obj
 0001:00010ad0       sf_check_in_message_wrapper 0000000180011ad0 f   sfc_mex:sfc_sf.obj
 0001:00010b10       sf_no_message_wrapper      0000000180011b10 f   sfc_mex:sfc_sf.obj
 0001:00010ea0       sim_mode_is_rtw_gen        0000000180011ea0 f   sfc_mex:sfc_sf.obj
 0001:00010ed0       sim_mode_is_external       0000000180011ed0 f   sfc_mex:sfc_sf.obj
 0001:00010ee0       sim_mode_is_modelref_sim   0000000180011ee0 f   sfc_mex:sfc_sf.obj
 0001:00010f00       mdlInitializeSizes         0000000180011f00 f   sfc_mex:sfc_sf.obj
 0001:00010f20       mdlInitializeSampleTimes   0000000180011f20 f   sfc_mex:sfc_sf.obj
 0001:00010f60       mdlZeroCrossings           0000000180011f60 f   sfc_mex:sfc_sf.obj
 0001:00011050       mdlDerivatives             0000000180012050 f   sfc_mex:sfc_sf.obj
 0001:00011110       mdl_initialize_conditions_processing 0000000180012110 f   sfc_mex:sfc_sf.obj
 0001:00011140       mdlInitializeConditions    0000000180012140 f   sfc_mex:sfc_sf.obj
 0001:00011200       mdlGetSimState             0000000180012200 f   sfc_mex:sfc_sf.obj
 0001:00011210       mdlSetSimState             0000000180012210 f   sfc_mex:sfc_sf.obj
 0001:00011220       mdl_ext_mode_exec_processing 0000000180012220 f   sfc_mex:sfc_sf.obj
 0001:00011240       mdlExtModeExec             0000000180012240 f   sfc_mex:sfc_sf.obj
 0001:000113e0       mdlTerminate               00000001800123e0 f   sfc_mex:sfc_sf.obj
 0001:00011450       mdlRTW                     0000000180012450 f   sfc_mex:sfc_sf.obj
 0001:00011480       mdlSetWorkWidths           0000000180012480 f   sfc_mex:sfc_sf.obj
 0001:00011490       mdlProcessParameters       0000000180012490 f   sfc_mex:sfc_sf.obj
 0001:000114a0       mdl_start_processing       00000001800124a0 f   sfc_mex:sfc_sf.obj
 0001:00011500       mdlStart                   0000000180012500 f   sfc_mex:sfc_sf.obj
 0001:00011610       mdlEnable                  0000000180012610 f   sfc_mex:sfc_sf.obj
 0001:000116f0       mdlDisable                 00000001800126f0 f   sfc_mex:sfc_sf.obj
 0001:000117b0       sf_get_chart_instance_ptr  00000001800127b0 f   sfc_mex:sfc_sf.obj
 0001:000117d0       sf_load_rtw_optimization_info 00000001800127d0 f   sfc_mex:sfc_sf.obj
 0001:000118a0       sf_update_buildInfo        00000001800128a0 f   sfc_mex:sfc_sf.obj
 0001:000119a0       sf_rtw_info_uint_prop      00000001800129a0 f   sfc_mex:sfc_sf.obj
 0001:00011ae0       sf_is_chart_inlinable      0000000180012ae0 f   sfc_mex:sfc_sf.obj
 0001:00011b00       sf_mark_output_events_with_multiple_callers 0000000180012b00 f   sfc_mex:sfc_sf.obj
 0001:00011c90       sf_mark_chart_reusable_outputs 0000000180012c90 f   sfc_mex:sfc_sf.obj
 0001:00011ef0       sf_mark_chart_expressionable_inputs 0000000180012ef0 f   sfc_mex:sfc_sf.obj
 0001:00012150       sf_get_subchart_simstruct  0000000180013150 f   sfc_mex:sfc_sf.obj
 0001:000121a0       sf_get_fixpt_data_type_id  00000001800131a0 f   sfc_mex:sfc_sf.obj
 0001:000121e0       sf_get_enum_data_type_id   00000001800131e0 f   sfc_mex:sfc_sf.obj
 0001:00012220       sf_get_param_data_type_id  0000000180013220 f   sfc_mex:sfc_sf.obj
 0001:00012250       sf_mex_listen_for_ctrl_c_force 0000000180013250 f   sfc_mex:sfc_sf.obj
 0001:00012360       sf_mex_draw_now            0000000180013360 f   sfc_mex:sfc_sf.obj
 0001:000123a0       sf_mex_set_debugger_sim_status_listener_fcn 00000001800133a0 f   sfc_mex:sfc_sf.obj
 0001:000123b0       sf_mex_listen_for_ctrl_c   00000001800133b0 f   sfc_mex:sfc_sf.obj
 0001:00012450       sf_mex_get_sfun_param      0000000180013450 f   sfc_mex:sfc_sf.obj
 0001:000124a0       sf_get_runtime_param_data  00000001800134a0 f   sfc_mex:sfc_sf.obj
 0001:000124e0       sf_call_output_fcn_call    00000001800134e0 f   sfc_mex:sfc_sf.obj
 0001:00012620       sf_call_output_fcn_enable  0000000180013620 f   sfc_mex:sfc_sf.obj
 0001:000126b0       sf_call_output_fcn_disable 00000001800136b0 f   sfc_mex:sfc_sf.obj
 0001:00012740       sf_clear_rtw_identifier    0000000180013740 f   sfc_mex:sfc_sf.obj
 0001:00012f60       sf_set_encoded_dwork_info  0000000180013f60 f   sfc_mex:sfc_sf.obj
 0001:00012fb0       sf_get_dwork_info_from_mat_file 0000000180013fb0 f   sfc_mex:sfc_sf.obj
 0001:00013170       sf_set_rtw_dwork_info      0000000180014170 f   sfc_mex:sfc_sf.obj
 0001:000132e0       mdlOutputs                 00000001800142e0 f   sfc_mex:sfc_sf.obj
 0001:000133d6       mxGetPr                    00000001800143d6 f   libmx:libmx.dll
 0001:000133dc       mxCreateDoubleScalar       00000001800143dc f   libmx:libmx.dll
 0001:000133e2       mxCreateDoubleMatrix_730   00000001800143e2 f   libmx:libmx.dll
 0001:000133e8       mxSetField_730             00000001800143e8 f   libmx:libmx.dll
 0001:000133ee       mxCreateString             00000001800143ee f   libmx:libmx.dll
 0001:000133f4       mxCreateStructMatrix_730   00000001800143f4 f   libmx:libmx.dll
 0001:000133fa       mxCreateCellMatrix_730     00000001800143fa f   libmx:libmx.dll
 0001:00013400       mxDestroyArray             0000000180014400 f   libmx:libmx.dll
 0001:00013406       mxDuplicateArray           0000000180014406 f   libmx:libmx.dll
 0001:0001340c       mxGetString_730            000000018001440c f   libmx:libmx.dll
 0001:00013412       mxIsChar                   0000000180014412 f   libmx:libmx.dll
 0001:00013418       mxGetClassID               0000000180014418 f   libmx:libmx.dll
 0001:0001341e       mxIsNumeric                000000018001441e f   libmx:libmx.dll
 0001:00013424       mxIsComplex                0000000180014424 f   libmx:libmx.dll
 0001:0001342a       mxGetN                     000000018001442a f   libmx:libmx.dll
 0001:00013430       mxGetM                     0000000180014430 f   libmx:libmx.dll
 0001:00013436       mxCalloc                   0000000180014436 f   libmx:libmx.dll
 0001:0001343c       mxGetScalar                000000018001443c f   libmx:libmx.dll
 0001:00013442       mxIsLogical                0000000180014442 f   libmx:libmx.dll
 0001:00013448       mxCreateDoubleMatrix_700   0000000180014448 f   libmx:libmx.dll
 0001:0001344e       mxFree                     000000018001444e f   libmx:libmx.dll
 0001:00013454       mxArrayToString            0000000180014454 f   libmx:libmx.dll
 0001:0001345a       mxCreateCellMatrix_700     000000018001445a f   libmx:libmx.dll
 0001:00013460       mxSetCell_700              0000000180014460 f   libmx:libmx.dll
 0001:00013466       mxGetCell_700              0000000180014466 f   libmx:libmx.dll
 0001:0001346c       mxGetClassName             000000018001446c f   libmx:libmx.dll
 0001:00013472       mxSetField_700             0000000180014472 f   libmx:libmx.dll
 0001:00013478       mxAddField                 0000000180014478 f   libmx:libmx.dll
 0001:0001347e       mxGetField_700             000000018001447e f   libmx:libmx.dll
 0001:00013484       mxGetNumberOfElements      0000000180014484 f   libmx:libmx.dll
 0001:0001348a       mxIsStruct                 000000018001448a f   libmx:libmx.dll
 0001:00013490       mxIsA                      0000000180014490 f   libmx:libmx.dll
 0001:00013496       mxIsClass                  0000000180014496 f   libmx:libmx.dll
 0001:0001349c       mxGetLogicals              000000018001449c f   libmx:libmx.dll
 0001:000134a2       mxIsSparse                 00000001800144a2 f   libmx:libmx.dll
 0001:000134a8       mxSetFieldByNumber_700     00000001800144a8 f   libmx:libmx.dll
 0001:000134ae       mxGetFieldByNumber_700     00000001800144ae f   libmx:libmx.dll
 0001:000134b4       mxGetFieldNameByNumber     00000001800144b4 f   libmx:libmx.dll
 0001:000134ba       mxGetNumberOfFields        00000001800144ba f   libmx:libmx.dll
 0001:000134c0       mxCreateStructMatrix_700   00000001800144c0 f   libmx:libmx.dll
 0001:000134c6       mxGetFieldNumber           00000001800144c6 f   libmx:libmx.dll
 0001:000134cc       mxIsNaN                    00000001800144cc f   libmx:libmx.dll
 0001:000134d2       mxIsEmpty                  00000001800144d2 f   libmx:libmx.dll
 0001:000134d8       mxGetData                  00000001800144d8 f   libmx:libmx.dll
 0001:000134de       mxGetImagData              00000001800144de f   libmx:libmx.dll
 0001:000134e4       mxArrayClassIDName         00000001800144e4 f   libmx:libmx.dll
 0001:000134ea       mxCreateNumericMatrix_700  00000001800144ea f   libmx:libmx.dll
 0001:000134f0       mxCreateStructArray_700    00000001800144f0 f   libmx:libmx.dll
 0001:000134f6       mxCalcSingleSubscript_700  00000001800144f6 f   libmx:libmx.dll
 0001:000134fc       mxGetDimensions_700        00000001800144fc f   libmx:libmx.dll
 0001:00013502       mxGetNumberOfDimensions_700 0000000180014502 f   libmx:libmx.dll
 0001:00013508       mxCreateNumericArray_700   0000000180014508 f   libmx:libmx.dll
 0001:0001350e       mxGetElementSize           000000018001450e f   libmx:libmx.dll
 0001:00013514       mxCreateStringFromNChars_700 0000000180014514 f   libmx:libmx.dll
 0001:0001351a       mxGetString_700            000000018001451a f   libmx:libmx.dll
 0001:00013520       mexUnlock                  0000000180014520 f   libmex:libmex.dll
 0001:00013526       mexIsLocked                0000000180014526 f   libmex:libmex.dll
 0001:0001352c       mexWarnMsgTxt              000000018001452c f   libmex:libmex.dll
 0001:00013532       mexCallMATLAB              0000000180014532 f   libmex:libmex.dll
 0001:00013538       mexErrMsgTxt               0000000180014538 f   libmex:libmex.dll
 0001:0001353e       mexMakeArrayPersistent     000000018001453e f   libmex:libmex.dll
 0001:00013544       mexSetTrapFlag             0000000180014544 f   libmex:libmex.dll
 0001:0001354a       mexPutVariable             000000018001454a f   libmex:libmex.dll
 0001:00013550       mexGetVariable             0000000180014550 f   libmex:libmex.dll
 0001:00013556       mexLock                    0000000180014556 f   libmex:libmex.dll
 0001:0001355c       mexMakeMemoryPersistent    000000018001455c f   libmex:libmex.dll
 0001:00013562       ssRegisterDataTypeFxpFSlopeFixExpBias 0000000180014562 f   libfixedpoint:libfixedpoint.dll
 0001:00013568       ssRegisterDataTypeFxpScaledDouble 0000000180014568 f   libfixedpoint:libfixedpoint.dll
 0001:0001356e       utMalloc                   000000018001456e f   libut:libut.dll
 0001:00013574       utFree                     0000000180014574 f   libut:libut.dll
 0001:0001357a       utVSNprintf                000000018001457a f   libut:libut.dll
 0001:00013580       utCPUtime                  0000000180014580 f   libut:libut.dll
 0001:00013586       muSingleScalarAcos         0000000180014586 f   libmwmathutil:libmwmathutil.dll
 0001:0001358c       muSingleScalarSqrt         000000018001458c f   libmwmathutil:libmwmathutil.dll
 0001:00013592       muSingleScalarAtan2        0000000180014592 f   libmwmathutil:libmwmathutil.dll
 0001:00013598       emlrtCreateRootTLS         0000000180014598 f   libemlrt:libemlrt.dll
 0001:0001359e       emlrtDestroyRootTLS        000000018001459e f   libemlrt:libemlrt.dll
 0001:000135a4       emlrtCheckBuiltInR2012b    00000001800145a4 f   libemlrt:libemlrt.dll
 0001:000135aa       emlrtCheckVsBuiltInR2012b  00000001800145aa f   libemlrt:libemlrt.dll
 0001:000135b0       emlrtCheckEnumR2012b       00000001800145b0 f   libemlrt:libemlrt.dll
 0001:000135b6       emlrtCreateEnumR2012b      00000001800145b6 f   libemlrt:libemlrt.dll
 0001:000135bc       emlrtGetEnumElementR2009a  00000001800145bc f   libemlrt:libemlrt.dll
 0001:000135c2       emlrtCreateReference       00000001800145c2 f   libemlrt:libemlrt.dll
 0001:000135c8       emlrtImportVsFiArrayR2009b 00000001800145c8 f   libemlrt:libemlrt.dll
 0001:000135ce       emlrtNameCapturePostProcessR2012a 00000001800145ce f   libemlrt:libemlrt.dll
 0001:000135d4       emlrtExtractMessageId      00000001800145d4 f   libemlrt:libemlrt.dll
 0001:000135da       emlrtTranslateMessageIDtoLCPstring 00000001800145da f   libemlrt:libemlrt.dll
 0001:000135e0       emlrtForLoopVectorIsValidR2011b 00000001800145e0 f   libemlrt:libemlrt.dll
 0001:000135e6       emlrtTranslateUTF16MessagetoLCPstring 00000001800145e6 f   libemlrt:libemlrt.dll
 0001:000135ec       emlrtGetEnumUnderlyingArrayR2009a 00000001800145ec f   libemlrt:libemlrt.dll
 0001:000135f2       emlrtIsEnumR2009a          00000001800145f2 f   libemlrt:libemlrt.dll
 0001:000135f8       __GSHandlerCheckCommon     00000001800145f8 f   MSVCRT:gshandler.obj
 0001:0001365c       __GSHandlerCheck           000000018001465c f   MSVCRT:gshandler.obj
 0001:0001367a       strlen                     000000018001467a f   MSVCRT:MSVCR100.dll
 0001:00013690       __security_check_cookie    0000000180014690 f   MSVCRT:amdsecgs.obj
 0001:000136b0       memset                     00000001800146b0 f   MSVCRT:MSVCR100.dll
 0001:000136b6       strcmp                     00000001800146b6 f   MSVCRT:MSVCR100.dll
 0001:000136bc       free                       00000001800146bc f   MSVCRT:MSVCR100.dll
 0001:000136c2       sprintf                    00000001800146c2 f   MSVCRT:MSVCR100.dll
 0001:000136c8       malloc                     00000001800146c8 f   MSVCRT:MSVCR100.dll
 0001:000136ce       strcat                     00000001800146ce f   MSVCRT:MSVCR100.dll
 0001:000136d4       memcpy                     00000001800146d4 f   MSVCRT:MSVCR100.dll
 0001:000136dc       NtCurrentTeb               00000001800146dc f i MSVCRT:crtdll.obj
 0001:00013748       _CRT_INIT                  0000000180014748 f   MSVCRT:crtdll.obj
 0001:00013ae0       _DllMainCRTStartup         0000000180014ae0 f   MSVCRT:crtdll.obj
 0001:00013b1e       strncpy                    0000000180014b1e f   MSVCRT:MSVCR100.dll
 0001:00013b40       __chkstk                   0000000180014b40 f   MSVCRT:chkstk.obj
 0001:00013b40       _alloca_probe              0000000180014b40     MSVCRT:chkstk.obj
 0001:00013b8e       longjmp                    0000000180014b8e f   MSVCRT:MSVCR100.dll
 0001:00013b94       strncmp                    0000000180014b94 f   MSVCRT:MSVCR100.dll
 0001:00013b9a       ceil                       0000000180014b9a f   MSVCRT:MSVCR100.dll
 0001:00013ba0       strrchr                    0000000180014ba0 f   MSVCRT:MSVCR100.dll
 0001:00013ba6       _setjmp                    0000000180014ba6 f   MSVCRT:MSVCR100.dll
 0001:00013bac       __report_gsfailure         0000000180014bac f   MSVCRT:gs_report.obj
 0001:00013cf8       __clean_type_info_names    0000000180014cf8 f   MSVCRT:tncleanup.obj
 0001:00013d04       _onexit                    0000000180014d04 f   MSVCRT:atonexit.obj
 0001:00013db4       atexit                     0000000180014db4 f   MSVCRT:atonexit.obj
 0001:00013dcc       _RTC_Initialize            0000000180014dcc f   MSVCRT:_initsect_.obj
 0001:00013e04       _RTC_Terminate             0000000180014e04 f   MSVCRT:_initsect_.obj
 0001:00013e3c       _malloc_crt                0000000180014e3c f   MSVCRT:MSVCR100.dll
 0001:00013e50       _ValidateImageBase         0000000180014e50 f   MSVCRT:pesect.obj
 0001:00013e80       _FindPESection             0000000180014e80 f   MSVCRT:pesect.obj
 0001:00013ed0       _IsNonwritableInCurrentImage 0000000180014ed0 f   MSVCRT:pesect.obj
 0001:00013f12       _initterm                  0000000180014f12 f   MSVCRT:MSVCR100.dll
 0001:00013f18       _initterm_e                0000000180014f18 f   MSVCRT:MSVCR100.dll
 0001:00013f1e       _encoded_null              0000000180014f1e f   MSVCRT:MSVCR100.dll
 0001:00013f24       _amsg_exit                 0000000180014f24 f   MSVCRT:MSVCR100.dll
 0001:00013f2a       __C_specific_handler       0000000180014f2a f   MSVCRT:MSVCR100.dll
 0001:00013f30       __CppXcptFilter            0000000180014f30 f   MSVCRT:MSVCR100.dll
 0001:00013f38       DllMain                    0000000180014f38 f   MSVCRT:dllmain.obj
 0001:00013f5c       __security_init_cookie     0000000180014f5c f   MSVCRT:gs_support.obj
 0001:00014010       __crt_debugger_hook        0000000180015010 f   MSVCRT:MSVCR100.dll
 0001:00014016       __clean_type_info_names_internal 0000000180015016 f   MSVCRT:MSVCR100.dll
 0001:0001401c       _unlock                    000000018001501c f   MSVCRT:MSVCR100.dll
 0001:00014022       __dllonexit                0000000180015022 f   MSVCRT:MSVCR100.dll
 0001:00014028       _lock                      0000000180015028 f   MSVCRT:MSVCR100.dll
 0001:0001402e       EncodePointer              000000018001502e f   kernel32:KERNEL32.dll
 0001:00014034       DecodePointer              0000000180015034 f   kernel32:KERNEL32.dll
 0001:0001403a       Sleep                      000000018001503a f   kernel32:KERNEL32.dll
 0001:00014040       TerminateProcess           0000000180015040 f   kernel32:KERNEL32.dll
 0001:00014046       GetCurrentProcess          0000000180015046 f   kernel32:KERNEL32.dll
 0001:0001404c       UnhandledExceptionFilter   000000018001504c f   kernel32:KERNEL32.dll
 0001:00014052       SetUnhandledExceptionFilter 0000000180015052 f   kernel32:KERNEL32.dll
 0001:00014058       IsDebuggerPresent          0000000180015058 f   kernel32:KERNEL32.dll
 0001:0001405e       RtlVirtualUnwind           000000018001505e f   kernel32:KERNEL32.dll
 0001:00014064       RtlLookupFunctionEntry     0000000180015064 f   kernel32:KERNEL32.dll
 0001:0001406a       RtlCaptureContext          000000018001506a f   kernel32:KERNEL32.dll
 0001:00014070       DisableThreadLibraryCalls  0000000180015070 f   kernel32:KERNEL32.dll
 0001:00014076       QueryPerformanceCounter    0000000180015076 f   kernel32:KERNEL32.dll
 0001:0001407c       GetTickCount               000000018001507c f   kernel32:KERNEL32.dll
 0001:00014082       GetCurrentThreadId         0000000180015082 f   kernel32:KERNEL32.dll
 0001:00014088       GetCurrentProcessId        0000000180015088 f   kernel32:KERNEL32.dll
 0001:0001408e       GetSystemTimeAsFileTime    000000018001508e f   kernel32:KERNEL32.dll
 0002:00000000       __imp_DisableThreadLibraryCalls 0000000180016000     kernel32:KERNEL32.dll
 0002:00000008       __imp_RtlCaptureContext    0000000180016008     kernel32:KERNEL32.dll
 0002:00000010       __imp_RtlLookupFunctionEntry 0000000180016010     kernel32:KERNEL32.dll
 0002:00000018       __imp_RtlVirtualUnwind     0000000180016018     kernel32:KERNEL32.dll
 0002:00000020       __imp_IsDebuggerPresent    0000000180016020     kernel32:KERNEL32.dll
 0002:00000028       __imp_SetUnhandledExceptionFilter 0000000180016028     kernel32:KERNEL32.dll
 0002:00000030       __imp_UnhandledExceptionFilter 0000000180016030     kernel32:KERNEL32.dll
 0002:00000038       __imp_GetCurrentProcess    0000000180016038     kernel32:KERNEL32.dll
 0002:00000040       __imp_TerminateProcess     0000000180016040     kernel32:KERNEL32.dll
 0002:00000048       __imp_Sleep                0000000180016048     kernel32:KERNEL32.dll
 0002:00000050       __imp_DecodePointer        0000000180016050     kernel32:KERNEL32.dll
 0002:00000058       __imp_EncodePointer        0000000180016058     kernel32:KERNEL32.dll
 0002:00000060       __imp_GetTickCount         0000000180016060     kernel32:KERNEL32.dll
 0002:00000068       __imp_GetCurrentThreadId   0000000180016068     kernel32:KERNEL32.dll
 0002:00000070       __imp_GetCurrentProcessId  0000000180016070     kernel32:KERNEL32.dll
 0002:00000078       __imp_GetSystemTimeAsFileTime 0000000180016078     kernel32:KERNEL32.dll
 0002:00000080       __imp_QueryPerformanceCounter 0000000180016080     kernel32:KERNEL32.dll
 0002:00000088       \177KERNEL32_NULL_THUNK_DATA 0000000180016088     kernel32:KERNEL32.dll
 0002:00000090       __imp__malloc_crt          0000000180016090     MSVCRT:MSVCR100.dll
 0002:00000098       __imp__onexit              0000000180016098     MSVCRT:MSVCR100.dll
 0002:000000a0       __imp__lock                00000001800160a0     MSVCRT:MSVCR100.dll
 0002:000000a8       __imp___dllonexit          00000001800160a8     MSVCRT:MSVCR100.dll
 0002:000000b0       __imp__unlock              00000001800160b0     MSVCRT:MSVCR100.dll
 0002:000000b8       __imp___clean_type_info_names_internal 00000001800160b8     MSVCRT:MSVCR100.dll
 0002:000000c0       __imp___crt_debugger_hook  00000001800160c0     MSVCRT:MSVCR100.dll
 0002:000000c8       __imp___CppXcptFilter      00000001800160c8     MSVCRT:MSVCR100.dll
 0002:000000d0       __imp___C_specific_handler 00000001800160d0     MSVCRT:MSVCR100.dll
 0002:000000d8       __imp__amsg_exit           00000001800160d8     MSVCRT:MSVCR100.dll
 0002:000000e0       __imp__encoded_null        00000001800160e0     MSVCRT:MSVCR100.dll
 0002:000000e8       __imp__initterm_e          00000001800160e8     MSVCRT:MSVCR100.dll
 0002:000000f0       __imp__initterm            00000001800160f0     MSVCRT:MSVCR100.dll
 0002:000000f8       __imp_strlen               00000001800160f8     MSVCRT:MSVCR100.dll
 0002:00000100       __imp__setjmp              0000000180016100     MSVCRT:MSVCR100.dll
 0002:00000108       __imp_strrchr              0000000180016108     MSVCRT:MSVCR100.dll
 0002:00000110       __imp_ceil                 0000000180016110     MSVCRT:MSVCR100.dll
 0002:00000118       __imp_strncmp              0000000180016118     MSVCRT:MSVCR100.dll
 0002:00000120       __imp_longjmp              0000000180016120     MSVCRT:MSVCR100.dll
 0002:00000128       __imp_strncpy              0000000180016128     MSVCRT:MSVCR100.dll
 0002:00000130       __imp_memcpy               0000000180016130     MSVCRT:MSVCR100.dll
 0002:00000138       __imp_strcat               0000000180016138     MSVCRT:MSVCR100.dll
 0002:00000140       __imp_malloc               0000000180016140     MSVCRT:MSVCR100.dll
 0002:00000148       __imp_sprintf              0000000180016148     MSVCRT:MSVCR100.dll
 0002:00000150       __imp_free                 0000000180016150     MSVCRT:MSVCR100.dll
 0002:00000158       __imp_strcmp               0000000180016158     MSVCRT:MSVCR100.dll
 0002:00000160       __imp_memset               0000000180016160     MSVCRT:MSVCR100.dll
 0002:00000168       \177MSVCR100_NULL_THUNK_DATA 0000000180016168     MSVCRT:MSVCR100.dll
 0002:00000170       __imp_emlrtTranslateUTF16MessagetoLCPstring 0000000180016170     libemlrt:libemlrt.dll
 0002:00000178       __imp_emlrtIsEnumR2009a    0000000180016178     libemlrt:libemlrt.dll
 0002:00000180       __imp_emlrtGetEnumUnderlyingArrayR2009a 0000000180016180     libemlrt:libemlrt.dll
 0002:00000188       __imp_emlrtDestroyRootTLS  0000000180016188     libemlrt:libemlrt.dll
 0002:00000190       __imp_emlrtForLoopVectorIsValidR2011b 0000000180016190     libemlrt:libemlrt.dll
 0002:00000198       __imp_emlrtTranslateMessageIDtoLCPstring 0000000180016198     libemlrt:libemlrt.dll
 0002:000001a0       __imp_emlrtExtractMessageId 00000001800161a0     libemlrt:libemlrt.dll
 0002:000001a8       __imp_emlrtNameCapturePostProcessR2012a 00000001800161a8     libemlrt:libemlrt.dll
 0002:000001b0       __imp_emlrtImportVsFiArrayR2009b 00000001800161b0     libemlrt:libemlrt.dll
 0002:000001b8       __imp_emlrtCreateRootTLS   00000001800161b8     libemlrt:libemlrt.dll
 0002:000001c0       __imp_emlrtCheckBuiltInR2012b 00000001800161c0     libemlrt:libemlrt.dll
 0002:000001c8       __imp_emlrtCheckVsBuiltInR2012b 00000001800161c8     libemlrt:libemlrt.dll
 0002:000001d0       __imp_emlrtCheckEnumR2012b 00000001800161d0     libemlrt:libemlrt.dll
 0002:000001d8       __imp_emlrtCreateEnumR2012b 00000001800161d8     libemlrt:libemlrt.dll
 0002:000001e0       __imp_emlrtGetEnumElementR2009a 00000001800161e0     libemlrt:libemlrt.dll
 0002:000001e8       __imp_emlrtCreateReference 00000001800161e8     libemlrt:libemlrt.dll
 0002:000001f0       \177libemlrt_NULL_THUNK_DATA 00000001800161f0     libemlrt:libemlrt.dll
 0002:000001f8       __imp_ssRegisterDataTypeFxpFSlopeFixExpBias 00000001800161f8     libfixedpoint:libfixedpoint.dll
 0002:00000200       __imp_ssRegisterDataTypeFxpScaledDouble 0000000180016200     libfixedpoint:libfixedpoint.dll
 0002:00000208       \177libfixedpoint_NULL_THUNK_DATA 0000000180016208     libfixedpoint:libfixedpoint.dll
 0002:00000210       __imp_mexMakeMemoryPersistent 0000000180016210     libmex:libmex.dll
 0002:00000218       __imp_mexSetTrapFlag       0000000180016218     libmex:libmex.dll
 0002:00000220       __imp_mexLock              0000000180016220     libmex:libmex.dll
 0002:00000228       __imp_mexGetVariable       0000000180016228     libmex:libmex.dll
 0002:00000230       __imp_mexMakeArrayPersistent 0000000180016230     libmex:libmex.dll
 0002:00000238       __imp_mexErrMsgTxt         0000000180016238     libmex:libmex.dll
 0002:00000240       __imp_mexCallMATLAB        0000000180016240     libmex:libmex.dll
 0002:00000248       __imp_mexWarnMsgTxt        0000000180016248     libmex:libmex.dll
 0002:00000250       __imp_mexIsLocked          0000000180016250     libmex:libmex.dll
 0002:00000258       __imp_mexUnlock            0000000180016258     libmex:libmex.dll
 0002:00000260       __imp_mexPutVariable       0000000180016260     libmex:libmex.dll
 0002:00000268       \177libmex_NULL_THUNK_DATA 0000000180016268     libmex:libmex.dll
 0002:00000270       __imp_muSingleScalarAcos   0000000180016270     libmwmathutil:libmwmathutil.dll
 0002:00000278       __imp_muSingleScalarAtan2  0000000180016278     libmwmathutil:libmwmathutil.dll
 0002:00000280       __imp_muSingleScalarSqrt   0000000180016280     libmwmathutil:libmwmathutil.dll
 0002:00000288       \177libmwmathutil_NULL_THUNK_DATA 0000000180016288     libmwmathutil:libmwmathutil.dll
 0002:00000290       __imp_mxIsComplex          0000000180016290     libmx:libmx.dll
 0002:00000298       __imp_mxGetN               0000000180016298     libmx:libmx.dll
 0002:000002a0       __imp_mxGetM               00000001800162a0     libmx:libmx.dll
 0002:000002a8       __imp_mxCalloc             00000001800162a8     libmx:libmx.dll
 0002:000002b0       __imp_mxGetPr              00000001800162b0     libmx:libmx.dll
 0002:000002b8       __imp_mxGetScalar          00000001800162b8     libmx:libmx.dll
 0002:000002c0       __imp_mxGetString_700      00000001800162c0     libmx:libmx.dll
 0002:000002c8       __imp_mxCreateStringFromNChars_700 00000001800162c8     libmx:libmx.dll
 0002:000002d0       __imp_mxGetElementSize     00000001800162d0     libmx:libmx.dll
 0002:000002d8       __imp_mxCreateNumericArray_700 00000001800162d8     libmx:libmx.dll
 0002:000002e0       __imp_mxGetNumberOfDimensions_700 00000001800162e0     libmx:libmx.dll
 0002:000002e8       __imp_mxGetDimensions_700  00000001800162e8     libmx:libmx.dll
 0002:000002f0       __imp_mxCalcSingleSubscript_700 00000001800162f0     libmx:libmx.dll
 0002:000002f8       __imp_mxCreateStructArray_700 00000001800162f8     libmx:libmx.dll
 0002:00000300       __imp_mxCreateNumericMatrix_700 0000000180016300     libmx:libmx.dll
 0002:00000308       __imp_mxArrayClassIDName   0000000180016308     libmx:libmx.dll
 0002:00000310       __imp_mxGetImagData        0000000180016310     libmx:libmx.dll
 0002:00000318       __imp_mxGetData            0000000180016318     libmx:libmx.dll
 0002:00000320       __imp_mxIsEmpty            0000000180016320     libmx:libmx.dll
 0002:00000328       __imp_mxIsNaN              0000000180016328     libmx:libmx.dll
 0002:00000330       __imp_mxGetFieldNumber     0000000180016330     libmx:libmx.dll
 0002:00000338       __imp_mxCreateStructMatrix_700 0000000180016338     libmx:libmx.dll
 0002:00000340       __imp_mxGetNumberOfFields  0000000180016340     libmx:libmx.dll
 0002:00000348       __imp_mxGetFieldNameByNumber 0000000180016348     libmx:libmx.dll
 0002:00000350       __imp_mxGetFieldByNumber_700 0000000180016350     libmx:libmx.dll
 0002:00000358       __imp_mxSetFieldByNumber_700 0000000180016358     libmx:libmx.dll
 0002:00000360       __imp_mxIsSparse           0000000180016360     libmx:libmx.dll
 0002:00000368       __imp_mxGetLogicals        0000000180016368     libmx:libmx.dll
 0002:00000370       __imp_mxIsClass            0000000180016370     libmx:libmx.dll
 0002:00000378       __imp_mxIsA                0000000180016378     libmx:libmx.dll
 0002:00000380       __imp_mxIsStruct           0000000180016380     libmx:libmx.dll
 0002:00000388       __imp_mxGetNumberOfElements 0000000180016388     libmx:libmx.dll
 0002:00000390       __imp_mxGetField_700       0000000180016390     libmx:libmx.dll
 0002:00000398       __imp_mxAddField           0000000180016398     libmx:libmx.dll
 0002:000003a0       __imp_mxSetField_700       00000001800163a0     libmx:libmx.dll
 0002:000003a8       __imp_mxGetClassName       00000001800163a8     libmx:libmx.dll
 0002:000003b0       __imp_mxGetCell_700        00000001800163b0     libmx:libmx.dll
 0002:000003b8       __imp_mxSetCell_700        00000001800163b8     libmx:libmx.dll
 0002:000003c0       __imp_mxCreateCellMatrix_700 00000001800163c0     libmx:libmx.dll
 0002:000003c8       __imp_mxArrayToString      00000001800163c8     libmx:libmx.dll
 0002:000003d0       __imp_mxFree               00000001800163d0     libmx:libmx.dll
 0002:000003d8       __imp_mxCreateDoubleMatrix_700 00000001800163d8     libmx:libmx.dll
 0002:000003e0       __imp_mxIsNumeric          00000001800163e0     libmx:libmx.dll
 0002:000003e8       __imp_mxGetClassID         00000001800163e8     libmx:libmx.dll
 0002:000003f0       __imp_mxIsChar             00000001800163f0     libmx:libmx.dll
 0002:000003f8       __imp_mxGetString_730      00000001800163f8     libmx:libmx.dll
 0002:00000400       __imp_mxDuplicateArray     0000000180016400     libmx:libmx.dll
 0002:00000408       __imp_mxDestroyArray       0000000180016408     libmx:libmx.dll
 0002:00000410       __imp_mxCreateCellMatrix_730 0000000180016410     libmx:libmx.dll
 0002:00000418       __imp_mxCreateStructMatrix_730 0000000180016418     libmx:libmx.dll
 0002:00000420       __imp_mxCreateString       0000000180016420     libmx:libmx.dll
 0002:00000428       __imp_mxSetField_730       0000000180016428     libmx:libmx.dll
 0002:00000430       __imp_mxCreateDoubleMatrix_730 0000000180016430     libmx:libmx.dll
 0002:00000438       __imp_mxCreateDoubleScalar 0000000180016438     libmx:libmx.dll
 0002:00000440       __imp_mxIsLogical          0000000180016440     libmx:libmx.dll
 0002:00000448       \177libmx_NULL_THUNK_DATA  0000000180016448     libmx:libmx.dll
 0002:00000450       __imp_utCPUtime            0000000180016450     libut:libut.dll
 0002:00000458       __imp_utVSNprintf          0000000180016458     libut:libut.dll
 0002:00000460       __imp_utFree               0000000180016460     libut:libut.dll
 0002:00000468       __imp_utMalloc             0000000180016468     libut:libut.dll
 0002:00000470       \177libut_NULL_THUNK_DATA  0000000180016470     libut:libut.dll
 0002:00000478       __xc_a                     0000000180016478     MSVCRT:cinitexe.obj
 0002:00000480       __xc_z                     0000000180016480     MSVCRT:cinitexe.obj
 0002:00000488       __xi_a                     0000000180016488     MSVCRT:cinitexe.obj
 0002:00000498       __xi_z                     0000000180016498     MSVCRT:cinitexe.obj
 0002:000004a0       __real@41e2926390000000    00000001800164a0     c3_obliczeniaOffline6.obj
 0002:000004a8       __real@41ed705023400000    00000001800164a8     c3_obliczeniaOffline6.obj
 0002:000004b0       __real@41c896e308000000    00000001800164b0     c3_obliczeniaOffline6.obj
 0002:000004b8       __real@41e67eff7ce00000    00000001800164b8     c3_obliczeniaOffline6.obj
 0002:000004c0       __real@4024000000000000    00000001800164c0     c3_obliczeniaOffline6.obj
 0002:000004c8       __real@4022000000000000    00000001800164c8     c3_obliczeniaOffline6.obj
 0002:000004d0       __real@3ff0000000000000    00000001800164d0     c3_obliczeniaOffline6.obj
 0002:000004d8       __real@4008000000000000    00000001800164d8     c3_obliczeniaOffline6.obj
 0002:000004e0       __real@3f800000            00000001800164e0     c3_obliczeniaOffline6.obj
 0002:000004e4       __real@bf800000            00000001800164e4     c3_obliczeniaOffline6.obj
 0002:000004f0       __mask@@NegFloat@          00000001800164f0     c3_obliczeniaOffline6.obj
 0002:00000500       DYNAMIC_DIMENSION_DEF      0000000180016500     obliczeniaOffline6_sfun_registry.obj
 0002:00000520       _ssBadLevel2InputAccessMsg 0000000180016520     obliczeniaOffline6_sfun_registry.obj
 0002:000006b0       _ssBadLevel2DirectFeedMsg  00000001800166b0     obliczeniaOffline6_sfun_registry.obj
 0002:000007f0       _ssBadLevel2DirectFeedSolutionMsg 00000001800167f0     obliczeniaOffline6_sfun_registry.obj
 0002:00000860       _ssBadLevel2ZeroDirectFeedMsg 0000000180016860     obliczeniaOffline6_sfun_registry.obj
 0002:000009a0       _ssBadLevel2ZeroDirectFeedMsg2 00000001800169a0     obliczeniaOffline6_sfun_registry.obj
 0002:00000a88       __real@0000000000000000    0000000180016a88     obliczeniaOffline6_sfun_registry.obj
 0002:00000a90       __real@bff0000000000000    0000000180016a90     obliczeniaOffline6_sfun_registry.obj
 0002:00000a98       __real@41602cbca0000000    0000000180016a98     obliczeniaOffline6_sfun_registry.obj
 0002:00000aa0       __real@41b60874aa000000    0000000180016aa0     obliczeniaOffline6_sfun.obj
 0002:00000aa8       __real@41d14bda5bc00000    0000000180016aa8     obliczeniaOffline6_sfun.obj
 0002:00000ab0       __real@41e537f4f6400000    0000000180016ab0     obliczeniaOffline6_sfun.obj
 0002:00000ab8       __real@41cf8e65bb000000    0000000180016ab8     obliczeniaOffline6_sfun.obj
 0002:00000ac0       __real@4182eecb20000000    0000000180016ac0     obliczeniaOffline6_sfun.obj
 0002:00000ac8       __real@41c97154ac800000    0000000180016ac8     obliczeniaOffline6_sfun.obj
 0002:00000ad0       __real@41d722e17e800000    0000000180016ad0     obliczeniaOffline6_sfun.obj
 0002:00000ad8       __real@41d3f1edc6400000    0000000180016ad8     obliczeniaOffline6_sfun.obj
 0002:00000ae0       __real@41e510917fc00000    0000000180016ae0     obliczeniaOffline6_sfun.obj
 0002:00000ae8       __real@41d1191410c00000    0000000180016ae8     obliczeniaOffline6_sfun.obj
 0002:00000af0       __real@41e1a9c3f2e00000    0000000180016af0     obliczeniaOffline6_sfun.obj
 0002:00000af8       __real@41cd4e57e8800000    0000000180016af8     obliczeniaOffline6_sfun.obj
 0002:00000b00       __real@41b76a110e000000    0000000180016b00     obliczeniaOffline6_sfun.obj
 0002:00000b08       __real@41b5552ad0000000    0000000180016b08     obliczeniaOffline6_sfun.obj
 0002:00000b10       __real@41e8572286a00000    0000000180016b10     obliczeniaOffline6_sfun.obj
 0002:00000b18       __real@41e4ffad17800000    0000000180016b18     obliczeniaOffline6_sfun.obj
 0002:00000b20       ??_C@_00CNPNBAHC@?$AA@     0000000180016b20     sfc_mex:sfc_mex.obj
 0002:00000b24       ??_C@_05DGLCPCBN@?$CFsx?$CFd?$AA@ 0000000180016b24     sfc_mex:sfc_mex.obj
 0002:00000b2c       ??_C@_02DPKJAMEF@?$CFd?$AA@ 0000000180016b2c     sfc_mex:sfc_mex.obj
 0002:00000b30       ??_C@_0CC@DJOAOECF@Unknown?5MATLAB?5error?5encountered@ 0000000180016b30     sfc_mex:sfc_mex.obj
 0002:00000b58       ??_C@_0CJ@DAIIKGLI@?$CFs?5in?5?$CFs?5should?5never?5be?5called?5@ 0000000180016b58     sfc_mex:sfc_mex.obj
 0002:00000b88       ??_C@_0CE@ICKLNELB@Error?5calling?5MATLAB?5function?5?8?$CF@ 0000000180016b88     sfc_mex:sfc_mex.obj
 0002:00000bac       ??_C@_02DKCKIIND@?$CFs?$AA@ 0000000180016bac     sfc_mex:sfc_mex.obj
 0002:00000bb0       ??_C@_07PHDIELCI@lasterr?$AA@ 0000000180016bb0     sfc_mex:sfc_mex.obj
 0002:00000bb8       ??_C@_09HKCBALOK@embedded?4?$AA@ 0000000180016bb8     sfc_mex:sfc_mex.obj
 0002:00000bc4       ??_C@_06BNJCAIGJ@double?$AA@ 0000000180016bc4     sfc_mex:sfc_mex.obj
 0002:00000bcc       ??_C@_06EJFMBPJF@single?$AA@ 0000000180016bcc     sfc_mex:sfc_mex.obj
 0002:00000bd4       ??_C@_06KKKLBFKN@uint64?$AA@ 0000000180016bd4     sfc_mex:sfc_mex.obj
 0002:00000bdc       ??_C@_05DIFFJEPM@int64?$AA@ 0000000180016bdc     sfc_mex:sfc_mex.obj
 0002:00000be4       ??_C@_06PKDKHAMA@uint32?$AA@ 0000000180016be4     sfc_mex:sfc_mex.obj
 0002:00000bec       ??_C@_05GIMEPBJB@int32?$AA@ 0000000180016bec     sfc_mex:sfc_mex.obj
 0002:00000bf4       ??_C@_06JNNCGBKK@uint16?$AA@ 0000000180016bf4     sfc_mex:sfc_mex.obj
 0002:00000bfc       ??_C@_05PCMOAPL@int16?$AA@ 0000000180016bfc     sfc_mex:sfc_mex.obj
 0002:00000c04       ??_C@_05BOGOCLFF@uint8?$AA@ 0000000180016c04     sfc_mex:sfc_mex.obj
 0002:00000c0c       ??_C@_04DCGBOBJJ@int8?$AA@ 0000000180016c0c     sfc_mex:sfc_mex.obj
 0002:00000c14       ??_C@_04KBDJOJNB@?$FL?$CFd?$FN?$AA@ 0000000180016c14     sfc_mex:sfc_mex.obj
 0002:00000c20       ??_C@_0CD@NFPEPNBJ@Cannot?5add?5field?5?$CFs?5to?5struct?5?$CFs@ 0000000180016c20     sfc_mex:sfc_mex.obj
 0002:00000c48       ??_C@_0CF@PLDCCEBG@Cannot?5get?5field?5?$CFs?5from?5struct?5@ 0000000180016c48     sfc_mex:sfc_mex.obj
 0002:00000c70       ??_C@_0CO@MFJLJCHI@Struct?5array?5?8?$CFs?8?5does?5not?5have?5@ 0000000180016c70     sfc_mex:sfc_mex.obj
 0002:00000ca0       ??_C@_0DF@IPGEGIDM@Object?5?8?$CFs?8?5is?5not?5a?5struct?3?5can@ 0000000180016ca0     sfc_mex:sfc_mex.obj
 0002:00000cd8       ??_C@_0BL@KEKJNNL@MATLAB?5expression?5?8?$CFs?8?5?$CFs?4?$AA@ 0000000180016cd8     sfc_mex:sfc_mex.obj
 0002:00000d00       ??_C@_0GH@JOEOEBFA@Size?5mismatch?5for?5?8?$CFs?8?5on?5dimens@ 0000000180016d00     sfc_mex:sfc_mex.obj
 0002:00000d68       ??_C@_04IAGNFIBA@size?$AA@ 0000000180016d68     sfc_mex:sfc_mex.obj
 0002:00000d70       ??_C@_0DN@DNLDLJNN@is?5not?5of?5the?5correct?5class?3?5exp@ 0000000180016d70     sfc_mex:sfc_mex.obj
 0002:00000db0       ??_C@_06POLMGHPK@isreal?$AA@ 0000000180016db0     sfc_mex:sfc_mex.obj
 0002:00000db8       ??_C@_0CC@EDDDCJDC@is?5not?5of?5the?5correct?5complexnes@ 0000000180016db8     sfc_mex:sfc_mex.obj
 0002:00000de0       ??_C@_0CB@POBCEEOP@is?5not?5of?5the?5correct?5sparseness@ 0000000180016de0     sfc_mex:sfc_mex.obj
 0002:00000e08       ??_C@_0CC@JOFDGEBC@is?5not?5of?5the?5correct?5numerictyp@ 0000000180016e08     sfc_mex:sfc_mex.obj
 0002:00000e30       ??_C@_07MIMONDDE@isequal?$AA@ 0000000180016e30     sfc_mex:sfc_mex.obj
 0002:00000e38       ??_C@_0M@NAPEIPJI@numerictype?$AA@ 0000000180016e38     sfc_mex:sfc_mex.obj
 0002:00000e48       ??_C@_0BN@IMIABIKK@is?5not?5of?5the?5correct?5fimath?$AA@ 0000000180016e48     sfc_mex:sfc_mex.obj
 0002:00000e68       ??_C@_06LJOKAFHF@fimath?$AA@ 0000000180016e68     sfc_mex:sfc_mex.obj
 0002:00000e70       ??_C@_0EP@IAFBLFNF@Stateflow?5Internal?5Error?3?5?6Error@ 0000000180016e70     sfc_mex:sfc_mex.obj
 0002:00000ec0       ??_C@_02GFKODMMF@sf?$AA@   0000000180016ec0     sfc_mex:sfc_mex.obj
 0002:00000ec8       ??_C@_08MJJBNONC@mxDecode?$AA@ 0000000180016ec8     sfc_mex:sfc_mex.obj
 0002:00000ee0       ??_C@_0GH@OOBFJADG@Simulation?5stopped?5due?5to?5out?5of@ 0000000180016ee0     sfc_mex:sfc_mex.obj
 0002:00000f50       ??_C@_0HC@JODLBNFO@Simulation?5stopped?5due?5to?5size?5m@ 0000000180016f50     sfc_mex:sfc_mex.obj
 0002:00000fd0       ??_C@_0HC@PPOAOPGB@Simulation?5stopped?5due?5to?5size?5m@ 0000000180016fd0     sfc_mex:sfc_mex.obj
 0002:00001050       ??_C@_0JM@OFMOAAGL@Simulation?5stopped?5due?5to?5size?5m@ 0000000180017050     sfc_mex:sfc_mex.obj
 0002:000010f0       ??_C@_0KC@ODCGHMPH@Simulation?5stopped?5due?5to?5size?5o@ 00000001800170f0     sfc_mex:sfc_mex.obj
 0002:000011a0       ??_C@_0GO@BKNPNGBP@Subscripted?5assignment?5dimension@ 00000001800171a0     sfc_mex:sfc_mex.obj
 0002:00001210       ??_C@_0DJ@MEDANBMA@Enable?5debugging?5to?5pinpoint?5the@ 0000000180017210     sfc_mex:sfc_mex.obj
 0002:0000124c       ??_C@_01CLKCMJKC@?5?$AA@   000000018001724c     sfc_mex:sfc_mex.obj
 0002:00001250       ??_C@_0BAO@DDKKHLGF@Matrix?$CImatrix?$CJ?5subscript?5turned?5@ 0000000180017250     sfc_mex:sfc_mex.obj
 0002:00001360       ??_C@_0BAO@MGKOAKHL@Vector?$CIvector?$CJ?5subscript?5turned?5@ 0000000180017360     sfc_mex:sfc_mex.obj
 0002:00001470       ??_C@_0FA@KAHDAHHI@Cannot?5determine?5the?5exact?5numbe@ 0000000180017470     sfc_mex:sfc_mex.obj
 0002:000014c0       ??_C@_0FC@HJKNPCCF@Negative?5value?5detected?4?5Enable?5@ 00000001800174c0     sfc_mex:sfc_mex.obj
 0002:00001518       ??_C@_0DK@JJKHINMK@Overflow?5detected?4?5Enable?5debugg@ 0000000180017518     sfc_mex:sfc_mex.obj
 0002:00001560       ??_C@_0EA@POIJMBCP@Divide?5by?5zero?5detected?4?5Enable?5@ 0000000180017560     sfc_mex:sfc_mex.obj
 0002:000015a0       ??_C@_0EK@CFEMECLL@Nonconforming?5enum?5value?5detecte@ 00000001800175a0     sfc_mex:sfc_mex.obj
 0002:000015f0       ??_C@_0EE@BPGAOMO@Size?5mismatch?5for?5MATLAB?5express@ 00000001800175f0     sfc_mex:sfc_mex.obj
 0002:00001640       ??_C@_0EJ@KLNPHOFG@Dimension?5of?5fixed?5size?5one?5?$CI1?$CJ?5@ 0000000180017640     sfc_mex:sfc_mex.obj
 0002:00001690       ??_C@_07JFPGMOK@fprintf?$AA@ 0000000180017690     sfc_mex:sfc_mex.obj
 0002:000016a0       ??_C@_0FE@EHCFPDEG@In?5MATLAB?5expression?5?8?$CFs?8?0?5field@ 00000001800176a0     sfc_mex:sfc_mex.obj
 0002:000016f8       ??_C@_0DE@IJIFCHLH@In?5MATLAB?5expression?5?8?$CFs?8?0?5field@ 00000001800176f8     sfc_mex:sfc_mex.obj
 0002:00001730       ??_C@_0FK@JKPMKGDE@MATLAB?5expression?5?8?$CFs?8?5does?5not?5@ 0000000180017730     sfc_mex:sfc_mex.obj
 0002:0000178c       ??_C@_06PBJBIPGK@struct?$AA@ 000000018001778c     sfc_mex:sfc_mex.obj
 0002:00001798       ??_C@_0O@NFNPPCGN@isfimathlocal?$AA@ 0000000180017798     sfc_mex:sfc_mex.obj
 0002:000017a8       ??_C@_0M@MLCGNPLD@embedded?4fi?$AA@ 00000001800177a8     sfc_mex:sfc_mex.obj
 0002:000017b8       ??_C@_0M@EGMNDJHO@?$CFs?5?$DN?5?$CF?415g?6?$AA@ 00000001800177b8     sfc_mex:sfc_mex.obj
 0002:000017c4       ??_C@_03OFAPEBGM@?$CFs?6?$AA@ 00000001800177c4     sfc_mex:sfc_mex.obj
 0002:000017c8       ??_C@_0CL@LLBJDFID@failed?5sf_assertion?5in?5?$CFs?5at?5lin@ 00000001800177c8     sfc_mex:sfc_mex.obj
 0002:00001800       ??_C@_0EJ@MIHEOKKA@?8?$CFs?8?3?5Array?5with?5number?5of?5dimen@ 0000000180017800     sfc_mex:sfc_mex.obj
 0002:00001850       ??_C@_09JCLLFAHO@sfc_mex?4c?$AA@ 0000000180017850     sfc_mex:sfc_mex.obj
 0002:00001860       ??_C@_0O@FCFMOEOA@aNumDims?5?$DO?$DN?50?$AA@ 0000000180017860     sfc_mex:sfc_mex.obj
 0002:00001870       ??_C@_0CK@KDIMGCCA@?8?$CFs?8?3?5Sparse?5matrices?5are?5not?5su@ 0000000180017870     sfc_mex:sfc_mex.obj
 0002:000018a0       ??_C@_0CI@KBLJAMNB@MATLAB?5expression?5?8?$CFs?8?5is?5not?5nu@ 00000001800178a0     sfc_mex:sfc_mex.obj
 0002:000018c8       ??_C@_0P@LCMMCGDM@aSrcMx?5?$CB?$DN?5NULL?$AA@ 00000001800178c8     sfc_mex:sfc_mex.obj
 0002:000018e0       ??_C@_0EI@HJNNACGI@Eval?5of?5MATLAB?5expression?5?8?$CFs?8?5i@ 00000001800178e0     sfc_mex:sfc_mex.obj
 0002:00001928       ??_C@_0DM@BJICAGGK@Stateflow?5currently?5only?5support@ 0000000180017928     sfc_mex:sfc_mex.obj
 0002:00001964       ??_C@_05LAPONLG@false?$AA@ 0000000180017964     sfc_mex:sfc_mex.obj
 0002:0000196c       ??_C@_03LHCJEHON@nan?$AA@  000000018001796c     sfc_mex:sfc_mex.obj
 0002:00001970       ??_C@_04BHIIPFEC@base?$AA@ 0000000180017970     sfc_mex:sfc_mex.obj
 0002:00001978       ??_C@_06PLMANNP@evalin?$AA@ 0000000180017978     sfc_mex:sfc_mex.obj
 0002:00001980       ??_C@_06GFECGKEO@caller?$AA@ 0000000180017980     sfc_mex:sfc_mex.obj
 0002:00001988       ??_C@_0CM@LOMLNLMC@Invalid?5workspace?5type?5for?5sf_ma@ 0000000180017988     sfc_mex:sfc_mex.obj
 0002:000019b4       ??_C@_01GBGANLPD@0?$AA@    00000001800179b4     sfc_mex:sfc_mex.obj
 0002:000019b8       ??_C@_06FJKEMHGD@global?$AA@ 00000001800179b8     sfc_mex:sfc_mex.obj
 0002:000019c0       ??_C@_08KHPDDPHG@getfield?$AA@ 00000001800179c0     sfc_mex:sfc_mex.obj
 0002:000019cc       ??_C@_05LPIJGKJ@Value?$AA@ 00000001800179cc     sfc_mex:sfc_mex.obj
 0002:000019d8       ??_C@_0BH@HNIMIIFD@Unknown?5workspace?5type?$AA@ 00000001800179d8     sfc_mex:sfc_mex.obj
 0002:000019f0       ??_C@_0DA@IPMLFPJI@MATLAB?5expression?5?8?$CFs?8?5could?5not@ 00000001800179f0     sfc_mex:sfc_mex.obj
 0002:00001a20       ??_C@_0EB@HHPLBHBA@Parameter?5value?5out?5of?5bounds?4?5?$CF@ 0000000180017a20     sfc_mex:sfc_mex.obj
 0002:00001a70       __mask@@NegDouble@         0000000180017a70     sfc_mex:sfc_mex.obj
 0002:00001a80       ??_C@_0CB@DBMOOMDL@Unsupported?5class?5type?5?$CFs?5for?5?$CFs@ 0000000180017a80     sfc_mex:sfc_mex.obj
 0002:00001aa8       ??_C@_0BI@OPNKAIOC@mxIsComplex?$CImxArrayPtr?$CJ?$AA@ 0000000180017aa8     sfc_mex:sfc_mex.obj
 0002:00001ac0       ??_C@_0GA@OFLPCMBM@Stateflow?5Runtime?5Warning?3?5Loss?5@ 0000000180017ac0     sfc_mex:sfc_mex.obj
 0002:00001b20       __real@3810000000000000    0000000180017b20     sfc_mex:sfc_mex.obj
 0002:00001b28       __real@47efffffe0000000    0000000180017b28     sfc_mex:sfc_mex.obj
 0002:00001b30       __real@c060000000000000    0000000180017b30     sfc_mex:sfc_mex.obj
 0002:00001b38       __real@405fc00000000000    0000000180017b38     sfc_mex:sfc_mex.obj
 0002:00001b40       __real@406fe00000000000    0000000180017b40     sfc_mex:sfc_mex.obj
 0002:00001b48       __real@c0e0000000000000    0000000180017b48     sfc_mex:sfc_mex.obj
 0002:00001b50       __real@40dfffc000000000    0000000180017b50     sfc_mex:sfc_mex.obj
 0002:00001b58       __real@40efffe000000000    0000000180017b58     sfc_mex:sfc_mex.obj
 0002:00001b60       __real@c1e0000000000000    0000000180017b60     sfc_mex:sfc_mex.obj
 0002:00001b68       __real@41dfffffffc00000    0000000180017b68     sfc_mex:sfc_mex.obj
 0002:00001b70       __real@41efffffffe00000    0000000180017b70     sfc_mex:sfc_mex.obj
 0002:00001b78       ??_C@_0DO@JIJMNCAH@Class?5mismatch?5for?5variable?5?8?$CFs?8@ 0000000180017b78     sfc_mex:sfc_mex.obj
 0002:00001bb8       ??_C@_03BBKEAIF@?$DP?$DP?$DP?$AA@ 0000000180017bb8     sfc_mex:sfc_mex.obj
 0002:00001bc0       ??_C@_0DE@HICLJLJO@Assignment?5of?5complex?5data?5to?5no@ 0000000180017bc0     sfc_mex:sfc_mex.obj
 0002:00001bf8       ??_C@_0CF@NHFFCIEB@MATLAB?5function?5?8?$CFs?8?5returned?5NU@ 0000000180017bf8     sfc_mex:sfc_mex.obj
 0002:00001c20       ??_C@_0GP@JPKMBIEI@Array?5bounds?5error?5in?5MATLAB?5exp@ 0000000180017c20     sfc_mex:sfc_mex.obj
 0002:00001c90       ??_C@_0P@FLJFOPHI@pIndex?$FLi?$FN?5?$DO?$DN?50?$AA@ 0000000180017c90     sfc_mex:sfc_mex.obj
 0002:00001ca0       ??_C@_0DI@IGEABFHB@MATLAB?5expression?5?8?$CFs?8?5has?5?$CFd?5di@ 0000000180017ca0     sfc_mex:sfc_mex.obj
 0002:00001cd8       ??_C@_0L@EFLJKPA@mxArrayPtr?$AA@ 0000000180017cd8     sfc_mex:sfc_mex.obj
 0002:00001ce8       ??_C@_0CK@FHKKOEPH@numDims?5?$DO?$DN?50?5?$CG?$CG?5numDims?5?$DM?$DN?5MAX_D@ 0000000180017ce8     sfc_mex:sfc_mex.obj
 0002:00001d20       ??_C@_0EM@MPIDLJBF@MATLAB?5expression?5?8?$CFs?8?5subscript@ 0000000180017d20     sfc_mex:sfc_mex.obj
 0002:00001d6c       ??_C@_04IGKKBJEE@?$DN?$CFg?$DL?$AA@ 0000000180017d6c     sfc_mex:sfc_mex.obj
 0002:00001d74       ??_C@_01PKGAHCOL@?$CJ?$AA@ 0000000180017d74     sfc_mex:sfc_mex.obj
 0002:00001d78       ??_C@_03LEIBKMN@?0?$CFd?$AA@ 0000000180017d78     sfc_mex:sfc_mex.obj
 0002:00001d7c       ??_C@_03IECKINJK@?$CI?$CFd?$AA@ 0000000180017d7c     sfc_mex:sfc_mex.obj
 0002:00001d80       ??_C@_0FB@HKJNNBFK@Stateflow?5ml?5type?5data?5?8?$CFs?8?5subs@ 0000000180017d80     sfc_mex:sfc_mex.obj
 0002:00001dd8       ??_C@_0CN@HPHHCDPK@Stateflow?5ml?5type?5data?5?8?$CFs?8?5is?5n@ 0000000180017dd8     sfc_mex:sfc_mex.obj
 0002:00001e08       ??_C@_0CG@JIOBALFE@Stateflow?5ml?5type?5data?5?8?$CFs?8?5is?5e@ 0000000180017e08     sfc_mex:sfc_mex.obj
 0002:00001e30       ??_C@_0BD@GAHDCPBG@mxArrayPtr?5?$CB?$DN?5NULL?$AA@ 0000000180017e30     sfc_mex:sfc_mex.obj
 0002:00001e48       ??_C@_0CF@HCINMAFF@result?5?$DN?5mxCreateDoubleScalar?$CIva@ 0000000180017e48     sfc_mex:sfc_mex.obj
 0002:00001e70       ??_C@_0BF@GAJKLFOH@fixpt_lower_mx_array?$AA@ 0000000180017e70     sfc_mex:sfc_mex.obj
 0002:00001e88       ??_C@_02FINOOIBE@Cg?$AA@   0000000180017e88     sfc_mex:sfc_mex.obj
 0002:00001e90       ??_C@_09GIFEIFFL@sfprivate?$AA@ 0000000180017e90     sfc_mex:sfc_sf.obj
 0002:00001ea0       ??_C@_0CC@JDELABLI@get_machine_and_chart_file_numbe@ 0000000180017ea0     sfc_mex:sfc_sf.obj
 0002:00001ec8       ??_C@_0BO@JCKKMPIB@get_sfun_block_specialization?$AA@ 0000000180017ec8     sfc_mex:sfc_sf.obj
 0002:00001ef0       ??_C@_0FP@OGBKADON@The?5chart?5name?5?4?4?4?$CFs?5is?5not?5pres@ 0000000180017ef0     sfc_mex:sfc_sf.obj
 0002:00001f50       ??_C@_0FM@KEMGDKHM@The?5chart?5name?5?$CFs?5is?5not?5present@ 0000000180017f50     sfc_mex:sfc_sf.obj
 0002:00001fb0       ??_C@_0BD@NMFAPBEK@mdlInitializeSizes?$AA@ 0000000180017fb0     sfc_mex:sfc_sf.obj
 0002:00001fc4       ??_C@_06EJFCAODB@sfc_sf?$AA@ 0000000180017fc4     sfc_mex:sfc_sf.obj
 0002:00001fd0       ??_C@_0BJ@PBIFPMMD@mdlInitializeSampleTimes?$AA@ 0000000180017fd0     sfc_mex:sfc_sf.obj
 0002:00001ff0       ??_C@_0FI@CPPGBPPK@Stateflow?5Internal?5Error?3?5?6Error@ 0000000180017ff0     sfc_mex:sfc_sf.obj
 0002:00002048       ??_C@_0CN@GACCLMJH@preload_infomatman_for_rtw_optim@ 0000000180018048     sfc_mex:sfc_sf.obj
 0002:00002078       ??_C@_07CFINJGKH@Private?$AA@ 0000000180018078     sfc_mex:sfc_sf.obj
 0002:00002080       ??_C@_0EK@MLFDFPLJ@Stateflow?5Internal?5Error?3?5?6Inter@ 0000000180018080     sfc_mex:sfc_sf.obj
 0002:000020d0       ??_C@_0BA@OAHFHIKJ@updateBuildInfo?$AA@ 00000001800180d0     sfc_mex:sfc_sf.obj
 0002:000020e0       ??_C@_0BG@PNKGMGHF@rtw_optimization_info?$AA@ 00000001800180e0     sfc_mex:sfc_sf.obj
 0002:00002100       ??_C@_0GC@KEKNFKIJ@Stateflow?5Internal?5Error?3?5?6rtw_o@ 0000000180018100     sfc_mex:sfc_sf.obj
 0002:00002168       ??_C@_0BA@PHPHFLPF@chart_inlinable?$AA@ 0000000180018168     sfc_mex:sfc_sf.obj
 0002:00002180       ??_C@_0MB@KGDKCEKF@Stateflow?5Internal?5Error?3?5?6Numbe@ 0000000180018180     sfc_mex:sfc_sf.obj
 0002:00002250       ??_C@_0GN@DNCJEGHD@Stateflow?5Internal?5Error?3?5?6Error@ 0000000180018250     sfc_mex:sfc_sf.obj
 0002:000022c0       ??_C@_0CA@GOKFFBBO@outputEventsWithMultipleCallers?$AA@ 00000001800182c0     sfc_mex:sfc_sf.obj
 0002:000022e0       ??_C@_0LH@NDHODBLK@Stateflow?5Internal?5Error?3?5?6Numbe@ 00000001800182e0     sfc_mex:sfc_sf.obj
 0002:00002398       ??_C@_0BB@GEEDBOGK@reusable_outputs?$AA@ 0000000180018398     sfc_mex:sfc_sf.obj
 0002:000023b0       ??_C@_0II@FEBCOBGA@Stateflow?5Internal?5Error?3?5?6Numbe@ 00000001800183b0     sfc_mex:sfc_sf.obj
 0002:00002438       ??_C@_0BG@HMMHPAKE@expressionable_inputs?$AA@ 0000000180018438     sfc_mex:sfc_sf.obj
 0002:00002450       ??_C@_0BB@MBBOKNEL@listen_for_ctrlc?$AA@ 0000000180018450     sfc_mex:sfc_sf.obj
 0002:00002464       ??_C@_03LOANPFAI@mex?$AA@  0000000180018464     sfc_mex:sfc_sf.obj
 0002:00002468       ??_C@_07HLHKBCBI@sfdebug?$AA@ 0000000180018468     sfc_mex:sfc_sf.obj
 0002:00002470       ??_C@_07MFNNEMOJ@drawnow?$AA@ 0000000180018470     sfc_mex:sfc_sf.obj
 0002:00002478       __real@3fd3333333333333    0000000180018478     sfc_mex:sfc_sf.obj
 0002:00002480       ??_C@_0DG@OJBAPEMA@Internal?5Error?3?5paramsIndex?5?$DN?5?$CFd@ 0000000180018480     sfc_mex:sfc_sf.obj
 0002:000024c0       ??_C@_0BAI@GPDPHGCD@Cannot?5broadcast?5function?5call?5o@ 00000001800184c0     sfc_mex:sfc_sf.obj
 0002:000025d0       ??_C@_0BBC@NGKHEJAF@Cannot?5enable?1disable?5function?5c@ 00000001800185d0     sfc_mex:sfc_sf.obj
 0002:000026e8       ??_C@_08HDNBGBNP@bitWidth?$AA@ 00000001800186e8     sfc_mex:sfc_sf.obj
 0002:000026f8       ??_C@_0BG@MDDFDLDC@resolveToSignalObject?$AA@ 00000001800186f8     sfc_mex:sfc_sf.obj
 0002:00002710       ??_C@_07KHBFOCMF@varName?$AA@ 0000000180018710     sfc_mex:sfc_sf.obj
 0002:00002718       ??_C@_09LHPHPAOE@isComplex?$AA@ 0000000180018718     sfc_mex:sfc_sf.obj
 0002:00002728       ??_C@_0CM@OAMAJMIG@Failed?5to?5register?5type?5?8?$CFs?8?5wit@ 0000000180018728     sfc_mex:sfc_sf.obj
 0002:00002758       ??_C@_08MLIGMCAH@typeSize?$AA@ 0000000180018758     sfc_mex:sfc_sf.obj
 0002:00002764       ??_C@_05OOLPEHEB@void?$CK?$AA@ 0000000180018764     sfc_mex:sfc_sf.obj
 0002:00002770       ??_C@_0BI@OFLHAMB@vector_of_void_pointers?$AA@ 0000000180018770     sfc_mex:sfc_sf.obj
 0002:00002788       ??_C@_04NBAGBPGE@bias?$AA@ 0000000180018788     sfc_mex:sfc_sf.obj
 0002:00002790       ??_C@_08EGJNFMPO@exponent?$AA@ 0000000180018790     sfc_mex:sfc_sf.obj
 0002:0000279c       ??_C@_05LAHHKLJI@slope?$AA@ 000000018001879c     sfc_mex:sfc_sf.obj
 0002:000027a8       ??_C@_0L@EMMELFNN@wordLength?$AA@ 00000001800187a8     sfc_mex:sfc_sf.obj
 0002:000027b8       ??_C@_08EJEJGLGA@isSigned?$AA@ 00000001800187b8     sfc_mex:sfc_sf.obj
 0002:000027c8       ??_C@_0P@MJIKALJF@isScaledDouble?$AA@ 00000001800187c8     sfc_mex:sfc_sf.obj
 0002:000027d8       ??_C@_05LFJLPLPG@fixpt?$AA@ 00000001800187d8     sfc_mex:sfc_sf.obj
 0002:000027e0       ??_C@_07GOBOHMJA@boolean?$AA@ 00000001800187e0     sfc_mex:sfc_sf.obj
 0002:000027e8       ??_C@_04GPMDFGEJ@type?$AA@ 00000001800187e8     sfc_mex:sfc_sf.obj
 0002:000027f0       ??_C@_0O@EIPJLOAA@extModeUpload?$AA@ 00000001800187f0     sfc_mex:sfc_sf.obj
 0002:00002800       __real@43e0000000000000    0000000180018800     sfc_mex:sfc_sf.obj
 0002:00002808       ??_C@_03PLHFFLIH@ptr?$AA@  0000000180018808     sfc_mex:sfc_sf.obj
 0002:00002810       ??_C@_0BC@HMCIKMPA@requiredStackSize?$AA@ 0000000180018810     sfc_mex:sfc_sf.obj
 0002:00002828       ??_C@_0CB@OCGIMAKA@RegisterMachineParentedDataDwork@ 0000000180018828     sfc_mex:sfc_sf.obj
 0002:00002850       ??_C@_0BD@LFPAKDFC@machineDataVarInfo?$AA@ 0000000180018850     sfc_mex:sfc_sf.obj
 0002:00002868       ??_C@_09GAJBGLOB@dworkInfo?$AA@ 0000000180018868     sfc_mex:sfc_sf.obj
 0002:00002878       _pDefaultRawDllMain        0000000180018878     MSVCRT:crtdll.obj
 0002:00002878       _pRawDllMain               0000000180018878     MSVCRT:crtdll.obj
 0002:00002890       ?ProcessDetach@NativeDll@<CrtImplementationDetails>@@0IB 0000000180018890     MSVCRT:tncleanup.obj
 0002:00002894       ?ProcessAttach@NativeDll@<CrtImplementationDetails>@@0IB 0000000180018894     MSVCRT:tncleanup.obj
 0002:00002898       ?ThreadAttach@NativeDll@<CrtImplementationDetails>@@0IB 0000000180018898     MSVCRT:tncleanup.obj
 0002:0000289c       ?ThreadDetach@NativeDll@<CrtImplementationDetails>@@0IB 000000018001889c     MSVCRT:tncleanup.obj
 0002:000028a0       ?ProcessVerifier@NativeDll@<CrtImplementationDetails>@@0IB 00000001800188a0     MSVCRT:tncleanup.obj
 0002:000028a8       __rtc_iaa                  00000001800188a8     MSVCRT:_initsect_.obj
 0002:000028b0       __rtc_izz                  00000001800188b0     MSVCRT:_initsect_.obj
 0002:000028b8       __rtc_taa                  00000001800188b8     MSVCRT:_initsect_.obj
 0002:000028c0       __rtc_tzz                  00000001800188c0     MSVCRT:_initsect_.obj
 0002:00003b7c       __IMPORT_DESCRIPTOR_libmx  0000000180019b7c     libmx:libmx.dll
 0002:00003b90       __IMPORT_DESCRIPTOR_libmex 0000000180019b90     libmex:libmex.dll
 0002:00003ba4       __IMPORT_DESCRIPTOR_libfixedpoint 0000000180019ba4     libfixedpoint:libfixedpoint.dll
 0002:00003bb8       __IMPORT_DESCRIPTOR_libut  0000000180019bb8     libut:libut.dll
 0002:00003bcc       __IMPORT_DESCRIPTOR_libmwmathutil 0000000180019bcc     libmwmathutil:libmwmathutil.dll
 0002:00003be0       __IMPORT_DESCRIPTOR_libemlrt 0000000180019be0     libemlrt:libemlrt.dll
 0002:00003bf4       __IMPORT_DESCRIPTOR_MSVCR100 0000000180019bf4     MSVCRT:MSVCR100.dll
 0002:00003c08       __IMPORT_DESCRIPTOR_KERNEL32 0000000180019c08     kernel32:KERNEL32.dll
 0002:00003c1c       __NULL_IMPORT_DESCRIPTOR   0000000180019c1c     libmx:libmx.dll
 0003:000013a0       DYNAMIC_DIMENSION          000000018001c3a0     obliczeniaOffline6_sfun_registry.obj
 0003:000020c0       emlrtContextGlobal         000000018001d0c0     sfc_mex:sfc_mex.obj
 0003:00002100       __security_cookie          000000018001d100     MSVCRT:gs_cookie.obj
 0003:00002108       __security_cookie_complement 000000018001d108     MSVCRT:gs_cookie.obj
 0003:00002110       _fltused                   000000018001d110     MSVCRT:dllsupp.obj
 0003:00002120       __native_dllmain_reason    000000018001d120     MSVCRT:natstart.obj
 0003:00002124       __native_vcclrit_reason    000000018001d124     MSVCRT:natstart.obj
 0003:00003350       emlrtRootTLSGlobal         000000018001e350     sfc_mex:sfc_mex.obj
 0003:000038e0       ?__type_info_root_node@@3U__type_info_node@@A 000000018001e8e0     MSVCRT:tncleanup.obj
 0003:000038f0       _sfTime_                   000000018001e8f0     <common>
 0003:000038f8       __native_startup_state     000000018001e8f8     <common>
 0003:00003900       __native_startup_lock      000000018001e900     <common>
 0003:00003908       __onexitend                000000018001e908     <common>
 0003:00003910       __onexitbegin              000000018001e910     <common>
 0003:00003918       __dyn_tls_init_callback    000000018001e918     <common>

 entry point at        0001:00013ae0

 Static symbols

 0001:000004a0       c3_info_helper             00000001800014a0 f   c3_obliczeniaOffline6.obj
 0001:000015e0       get_sim_state_c3_obliczeniaOffline6 00000001800025e0 f   c3_obliczeniaOffline6.obj
 0001:000017d0       sf_get_sim_state_info_c3_obliczeniaOffline6 00000001800027d0 f   c3_obliczeniaOffline6.obj
 0001:000019b0       set_sim_state_c3_obliczeniaOffline6 00000001800029b0 f   c3_obliczeniaOffline6.obj
 0001:00001a70       c3_emlrt_marshallIn        0000000180002a70 f   c3_obliczeniaOffline6.obj
 0001:00001ae0       c3_b_emlrt_marshallIn      0000000180002ae0 f   c3_obliczeniaOffline6.obj
 0001:00001bd0       c3_c_emlrt_marshallIn      0000000180002bd0 f   c3_obliczeniaOffline6.obj
 0001:00001c30       c3_d_emlrt_marshallIn      0000000180002c30 f   c3_obliczeniaOffline6.obj
 0001:00001d30       mdlProcessParameters_c3_obliczeniaOffline6 0000000180002d30 f   c3_obliczeniaOffline6.obj
 0001:00001df0       initialize_params_c3_obliczeniaOffline6 0000000180002df0 f   c3_obliczeniaOffline6.obj
 0001:00001e00       mdlSetWorkWidths_c3_obliczeniaOffline6 0000000180002e00 f   c3_obliczeniaOffline6.obj
 0001:000022f0       sf_get_instance_specialization 00000001800032f0 f   c3_obliczeniaOffline6.obj
 0001:00002300       mdlStart_c3_obliczeniaOffline6 0000000180003300 f   c3_obliczeniaOffline6.obj
 0001:000024f0       init_dsm_address_info      00000001800034f0 f   c3_obliczeniaOffline6.obj
 0001:00002500       sf_opaque_initialize_c3_obliczeniaOffline6 0000000180003500 f   c3_obliczeniaOffline6.obj
 0001:00002530       initialize_c3_obliczeniaOffline6 0000000180003530 f   c3_obliczeniaOffline6.obj
 0001:00002570       sf_opaque_enable_c3_obliczeniaOffline6 0000000180003570 f   c3_obliczeniaOffline6.obj
 0001:00002590       enable_c3_obliczeniaOffline6 0000000180003590 f   c3_obliczeniaOffline6.obj
 0001:000025c0       sf_opaque_disable_c3_obliczeniaOffline6 00000001800035c0 f   c3_obliczeniaOffline6.obj
 0001:000025e0       disable_c3_obliczeniaOffline6 00000001800035e0 f   c3_obliczeniaOffline6.obj
 0001:00002610       sf_opaque_gateway_c3_obliczeniaOffline6 0000000180003610 f   c3_obliczeniaOffline6.obj
 0001:00002630       sf_c3_obliczeniaOffline6   0000000180003630 f   c3_obliczeniaOffline6.obj
 0001:00002860       c3_eml_error               0000000180003860 f   c3_obliczeniaOffline6.obj
 0001:00002a30       c3_b_eml_error             0000000180003a30 f   c3_obliczeniaOffline6.obj
 0001:00002c20       sf_opaque_get_sim_state_c3_obliczeniaOffline6 0000000180003c20 f   c3_obliczeniaOffline6.obj
 0001:00002c40       sf_opaque_set_sim_state_c3_obliczeniaOffline6 0000000180003c40 f   c3_obliczeniaOffline6.obj
 0001:00002c70       sf_opaque_terminate_c3_obliczeniaOffline6 0000000180003c70 f   c3_obliczeniaOffline6.obj
 0001:00002cf0       finalize_c3_obliczeniaOffline6 0000000180003cf0 f   c3_obliczeniaOffline6.obj
 0001:00002d00       sf_opaque_init_subchart_simstructs 0000000180003d00 f   c3_obliczeniaOffline6.obj
 0001:00002d20       initSimStructsc3_obliczeniaOffline6 0000000180003d20 f   c3_obliczeniaOffline6.obj
 0001:00002d30       mdlRTW_c3_obliczeniaOffline6 0000000180003d30 f   c3_obliczeniaOffline6.obj
 0001:00004aa0       _ssFatalError              0000000180005aa0 f   obliczeniaOffline6_sfun_registry.obj
 0001:00007b50       ProcessMexSfunctionCmdLineCall 0000000180008b50 f   obliczeniaOffline6_sfun_registry.obj
 0001:00007c40       mdlGetTimeOfNextVarHit     0000000180008c40 f   obliczeniaOffline6_sfun_registry.obj
 0001:00007c90       _ProcessMexSfunctionCmdLineCall 0000000180008c90 f   obliczeniaOffline6_sfun_registry.obj
 0001:000083e0       _CreateSimStruct           00000001800093e0 f   obliczeniaOffline6_sfun_registry.obj
 0001:00008570       _RegNumInputPortsCB        0000000180009570 f   obliczeniaOffline6_sfun_registry.obj
 0001:000085f0       _RegNumOutputPortsCB       00000001800095f0 f   obliczeniaOffline6_sfun_registry.obj
 0001:000086d0       sf_machine_load_sfunction_ptrs 00000001800096d0 f   obliczeniaOffline6_sfun_registry.obj
 0001:000090e0       getThreadLocalStorage      000000018000a0e0 f   sfc_mex:sfc_mex.obj
 0001:00009120       releaseThreadLocalStorage  000000018000a120 f   sfc_mex:sfc_mex.obj
 0001:00009130       SNPRINTF_WRAPPER           000000018000a130 f   sfc_mex:sfc_mex.obj
 0001:00009150       convert_dims_to_string     000000018000a150 f   sfc_mex:sfc_mex.obj
 0001:00009370       is_real_T_equal_to_double  000000018000a370 f   sfc_mex:sfc_mex.obj
 0001:00009390       is_real32_T_equal_to_double 000000018000a390 f   sfc_mex:sfc_mex.obj
 0001:000093a0       is_mxLogical_equal_to_double 000000018000a3a0 f   sfc_mex:sfc_mex.obj
 0001:000093c0       is_int8_T_equal_to_double  000000018000a3c0 f   sfc_mex:sfc_mex.obj
 0001:000093e0       is_uint8_T_equal_to_double 000000018000a3e0 f   sfc_mex:sfc_mex.obj
 0001:00009400       is_int16_T_equal_to_double 000000018000a400 f   sfc_mex:sfc_mex.obj
 0001:00009420       is_uint16_T_equal_to_double 000000018000a420 f   sfc_mex:sfc_mex.obj
 0001:00009440       is_int32_T_equal_to_double 000000018000a440 f   sfc_mex:sfc_mex.obj
 0001:00009460       is_uint32_T_equal_to_double 000000018000a460 f   sfc_mex:sfc_mex.obj
 0001:00009480       is_char_T_equal_to_double  000000018000a480 f   sfc_mex:sfc_mex.obj
 0001:000094a0       sf_zero_numeric_value      000000018000a4a0 f   sfc_mex:sfc_mex.obj
 0001:000094d0       sf_error_append_debugger_context_if_available 000000018000a4d0 f   sfc_mex:sfc_mex.obj
 0001:000095b0       sf_mex_get_error_message_for_write 000000018000a5b0 f   sfc_mex:sfc_mex.obj
 0001:000095e0       replace_single_quotes_by_doubled_quotes 000000018000a5e0 f   sfc_mex:sfc_mex.obj
 0001:00009820       sf_mex_get_formatted_error_string 000000018000a820 f   sfc_mex:sfc_mex.obj
 0001:00009d90       sf_mex_destroy_array       000000018000ad90 f   sfc_mex:sfc_mex.obj
 0001:0000a120       sfrtAddSize                000000018000b120 f   sfc_mex:sfc_mex.obj
 0001:0000a1e0       sfrtGenSizeString          000000018000b1e0 f   sfc_mex:sfc_mex.obj
 0001:0000a2c0       sfIsProperVector           000000018000b2c0 f   sfc_mex:sfc_mex.obj
 0001:0000a2f0       sfIsRowVector              000000018000b2f0 f   sfc_mex:sfc_mex.obj
 0001:0000a430       sf_ExtractMessageId        000000018000b430 f   sfc_mex:sfc_mex.obj
 0001:0000a720       sf_mex_err                 000000018000b720 f   sfc_mex:sfc_mex.obj
 0001:0000a7d0       sf_error_dimension_out_of_bound 000000018000b7d0 f   sfc_mex:sfc_mex.obj
 0001:0000a890       sf_mex_check_and_set_actual_dimensions 000000018000b890 f   sfc_mex:sfc_mex.obj
 0001:0000aa70       sf_mex_check_complex       000000018000ba70 f   sfc_mex:sfc_mex.obj
 0001:0000ab00       sf_mex_check_sparse        000000018000bb00 f   sfc_mex:sfc_mex.obj
 0001:0000ab60       sf_mex_check_numerictype   000000018000bb60 f   sfc_mex:sfc_mex.obj
 0001:0000acf0       sf_mex_check_fimath        000000018000bcf0 f   sfc_mex:sfc_mex.obj
 0001:0000b850       size_mismatch_error        000000018000c850 f   sfc_mex:sfc_mex.obj
 0001:0000c2c0       check_array_dimensions     000000018000d2c0 f   sfc_mex:sfc_mex.obj
 0001:0000c330       check_input_mxarray        000000018000d330 f   sfc_mex:sfc_mex.obj
 0001:0000ca70       sf_numeric_value_to_double 000000018000da70 f   sfc_mex:sfc_mex.obj
 0001:0000cac0       ml_generic_out_of_bounds_check 000000018000dac0 f   sfc_mex:sfc_mex.obj
 0001:0000cc80       ml_get_element_value_from_array 000000018000dc80 f   sfc_mex:sfc_mex.obj
 0001:0000d020       _ml_generic_castability_check 000000018000e020 f   sfc_mex:sfc_mex.obj
 0001:0000d770       ml_generic_castability_check 000000018000e770 f   sfc_mex:sfc_mex.obj
 0001:0000d810       ml_check_mx_array_for_single_castability 000000018000e810 f   sfc_mex:sfc_mex.obj
 0001:0000d8b0       ml_check_mx_array_for_logical_castability 000000018000e8b0 f   sfc_mex:sfc_mex.obj
 0001:0000d950       ml_check_mx_array_for_int8_castability 000000018000e950 f   sfc_mex:sfc_mex.obj
 0001:0000da00       ml_check_mx_array_for_uint8_castability 000000018000ea00 f   sfc_mex:sfc_mex.obj
 0001:0000da60       ml_check_mx_array_for_int16_castability 000000018000ea60 f   sfc_mex:sfc_mex.obj
 0001:0000dac0       ml_check_mx_array_for_uint16_castability 000000018000eac0 f   sfc_mex:sfc_mex.obj
 0001:0000db20       ml_check_mx_array_for_int32_castability 000000018000eb20 f   sfc_mex:sfc_mex.obj
 0001:0000db80       ml_check_mx_array_for_uint32_castability 000000018000eb80 f   sfc_mex:sfc_mex.obj
 0001:0000dbe0       ml_check_mx_array_for_castability 000000018000ebe0 f   sfc_mex:sfc_mex.obj
 0001:0000e400       set_data_value             000000018000f400 f   sfc_mex:sfc_mex.obj
 0001:0000e770       get_data_value             000000018000f770 f   sfc_mex:sfc_mex.obj
 0001:0000e880       get_next_element_address   000000018000f880 f   sfc_mex:sfc_mex.obj
 0001:0000e950       sf_normalize_index         000000018000f950 f   sfc_mex:sfc_mex.obj
 0001:0000ed00       ml_array_index_bound_check 000000018000fd00 f   sfc_mex:sfc_mex.obj
 0001:0000f880       mx_value                   0000000180010880 f   sfc_mex:sfc_mex.obj
 0001:0000f8d0       sf_create_numeric_array    00000001800108d0 f   sfc_mex:sfc_mex.obj
 0001:0000f970       sf_mex_assign_to_mx_array  0000000180010970 f   sfc_mex:sfc_mex.obj
 0001:0000fce0       assign_from_mx_array       0000000180010ce0 f   sfc_mex:sfc_mex.obj
 0001:00010440       sf_mex_import_v            0000000180011440 f   sfc_mex:sfc_mex.obj
 0001:00010b50       get_machine_and_chart_file_number 0000000180011b50 f   sfc_mex:sfc_sf.obj
 0001:00010c40       get_sfun_block_specialization 0000000180011c40 f   sfc_mex:sfc_sf.obj
 0001:00010cf0       call_sf_machine_global_method_dispatcher 0000000180011cf0 f   sfc_mex:sfc_sf.obj
 0001:00010f40       mdl_zeroCrossings_processing 0000000180011f40 f   sfc_mex:sfc_sf.obj
 0001:00011020       mdl_derivatives_processing 0000000180012020 f   sfc_mex:sfc_sf.obj
 0001:00011300       mdl_outputs_continuous_legacy 0000000180012300 f   sfc_mex:sfc_sf.obj
 0001:00011380       mdl_outputs_processing     0000000180012380 f   sfc_mex:sfc_sf.obj
 0001:000115f0       mdl_enable_processing      00000001800125f0 f   sfc_mex:sfc_sf.obj
 0001:000116d0       mdl_disable_processing     00000001800126d0 f   sfc_mex:sfc_sf.obj
 0001:00012560       sf_call_output_fcn_enable_disable 0000000180013560 f   sfc_mex:sfc_sf.obj
 0001:000127e0       set_dwork_information_from_mx_array 00000001800137e0 f   sfc_mex:sfc_sf.obj
 0001:000130d0       ptr2mxStruct               00000001800140d0 f   sfc_mex:sfc_sf.obj
 0001:000136e8       pre_c_init                 00000001800146e8 f   MSVCRT:crtdll.obj
 0001:000139a4       __DllMainCRTStartup        00000001800149a4 f   MSVCRT:crtdll.obj
 0001:000140a0       __DllMainCRTStartup$filt$0 00000001800150a0 f   MSVCRT:crtdll.obj
 0001:000140d0       __DllMainCRTStartup$fin$1  00000001800150d0 f   MSVCRT:crtdll.obj
 0001:000140ea       _onexit$fin$0              00000001800150ea f   MSVCRT:atonexit.obj
 0001:00014110       _IsNonwritableInCurrentImage$filt$0 0000000180015110 f   MSVCRT:pesect.obj
